Archive member included because of file (symbol)

C:\Users\Linxi\AppData\Local\Temp\VMBuilds\new_LMDZ\Arduino_STM32-master_genericSTM32F103C\Release\core.a(exc.S.o)
                              (__exc_nmi)
C:\Users\Linxi\AppData\Local\Temp\VMBuilds\new_LMDZ\Arduino_STM32-master_genericSTM32F103C\Release\core.a(isrs.S.o)
                              (__stm32reservedexception7)
C:\Users\Linxi\AppData\Local\Temp\VMBuilds\new_LMDZ\Arduino_STM32-master_genericSTM32F103C\Release\core.a(vector_table.S.o)
                              (__stm32_vector_table)
C:\Users\Linxi\AppData\Local\Temp\VMBuilds\new_LMDZ\Arduino_STM32-master_genericSTM32F103C\Release\core.a(adc.c.o)
                              C:\Users\Linxi\AppData\Local\Temp\VMBCore\arduino16x\5b2ae7263f6ca0060cc0925c34dc0d3c\variant\boards.cpp.o (adc_set_sample_rate)
C:\Users\Linxi\AppData\Local\Temp\VMBuilds\new_LMDZ\Arduino_STM32-master_genericSTM32F103C\Release\core.a(adc_f1.c.o)
                              (__irq_adc)
C:\Users\Linxi\AppData\Local\Temp\VMBuilds\new_LMDZ\Arduino_STM32-master_genericSTM32F103C\Release\core.a(dma_f1.c.o)
                              (__irq_dma1_channel1)
C:\Users\Linxi\AppData\Local\Temp\VMBuilds\new_LMDZ\Arduino_STM32-master_genericSTM32F103C\Release\core.a(exti.c.o)
                              (__irq_exti0)
C:\Users\Linxi\AppData\Local\Temp\VMBuilds\new_LMDZ\Arduino_STM32-master_genericSTM32F103C\Release\core.a(exti_f1.c.o)
                              C:\Users\Linxi\AppData\Local\Temp\VMBuilds\new_LMDZ\Arduino_STM32-master_genericSTM32F103C\Release\core.a(exti.c.o) (exti_select)
C:\Users\Linxi\AppData\Local\Temp\VMBuilds\new_LMDZ\Arduino_STM32-master_genericSTM32F103C\Release\core.a(flash.c.o)
                              C:\Users\Linxi\AppData\Local\Temp\VMBCore\arduino16x\5b2ae7263f6ca0060cc0925c34dc0d3c\variant\boards.cpp.o (flash_set_latency)
C:\Users\Linxi\AppData\Local\Temp\VMBuilds\new_LMDZ\Arduino_STM32-master_genericSTM32F103C\Release\core.a(gpio_f1.c.o)
                              C:\Users\Linxi\AppData\Local\Temp\VMBCore\arduino16x\5b2ae7263f6ca0060cc0925c34dc0d3c\variant\boards_setup.cpp.o (gpio_init_all)
C:\Users\Linxi\AppData\Local\Temp\VMBuilds\new_LMDZ\Arduino_STM32-master_genericSTM32F103C\Release\core.a(i2c_f1.c.o)
                              (__irq_i2c1_ev)
C:\Users\Linxi\AppData\Local\Temp\VMBuilds\new_LMDZ\Arduino_STM32-master_genericSTM32F103C\Release\core.a(nvic.c.o)
                              C:\Users\Linxi\AppData\Local\Temp\VMBuilds\new_LMDZ\Arduino_STM32-master_genericSTM32F103C\Release\core.a(i2c_f1.c.o) (nvic_irq_set_priority)
C:\Users\Linxi\AppData\Local\Temp\VMBuilds\new_LMDZ\Arduino_STM32-master_genericSTM32F103C\Release\core.a(rcc.c.o)
                              C:\Users\Linxi\AppData\Local\Temp\VMBCore\arduino16x\5b2ae7263f6ca0060cc0925c34dc0d3c\variant\boards.cpp.o (rcc_switch_sysclk)
C:\Users\Linxi\AppData\Local\Temp\VMBuilds\new_LMDZ\Arduino_STM32-master_genericSTM32F103C\Release\core.a(rcc_f1.c.o)
                              C:\Users\Linxi\AppData\Local\Temp\VMBCore\arduino16x\5b2ae7263f6ca0060cc0925c34dc0d3c\variant\boards.cpp.o (rcc_configure_pll)
C:\Users\Linxi\AppData\Local\Temp\VMBuilds\new_LMDZ\Arduino_STM32-master_genericSTM32F103C\Release\core.a(systick.c.o)
                              C:\Users\Linxi\AppData\Local\Temp\VMBCore\arduino16x\5b2ae7263f6ca0060cc0925c34dc0d3c\variant\boards.cpp.o (systick_init)
C:\Users\Linxi\AppData\Local\Temp\VMBuilds\new_LMDZ\Arduino_STM32-master_genericSTM32F103C\Release\core.a(timer.c.o)
                              C:\Users\Linxi\AppData\Local\Temp\VMBCore\arduino16x\5b2ae7263f6ca0060cc0925c34dc0d3c\variant\boards.cpp.o (timer_foreach)
C:\Users\Linxi\AppData\Local\Temp\VMBuilds\new_LMDZ\Arduino_STM32-master_genericSTM32F103C\Release\core.a(usart_f1.c.o)
                              (__irq_usart1)
C:\Users\Linxi\AppData\Local\Temp\VMBuilds\new_LMDZ\Arduino_STM32-master_genericSTM32F103C\Release\core.a(usart_private.c.o)
                              C:\Users\Linxi\AppData\Local\Temp\VMBuilds\new_LMDZ\Arduino_STM32-master_genericSTM32F103C\Release\core.a(usart_f1.c.o) (_usart_clock_freq)
C:\Users\Linxi\AppData\Local\Temp\VMBuilds\new_LMDZ\Arduino_STM32-master_genericSTM32F103C\Release\core.a(util.c.o)
                              C:\Users\Linxi\AppData\Local\Temp\VMBuilds\new_LMDZ\Arduino_STM32-master_genericSTM32F103C\Release\core.a(exc.S.o) (__error)
C:\Users\Linxi\AppData\Local\Temp\VMBuilds\new_LMDZ\Arduino_STM32-master_genericSTM32F103C\Release\core.a(usb.c.o)
                              (__irq_usb_lp_can_rx0)
C:\Users\Linxi\AppData\Local\Temp\VMBuilds\new_LMDZ\Arduino_STM32-master_genericSTM32F103C\Release\core.a(usb_cdcacm.c.o)
                              C:\Users\Linxi\AppData\Local\Temp\VMBuilds\new_LMDZ\Arduino_STM32-master_genericSTM32F103C\Release\core.a(usb.c.o) (User_Standard_Requests)
[...]
Memory Configuration

Name             Origin             Length             Attributes
ram              0x20000000         0x00005000         xrw
rom              0x08000000         0x00020000         xr
*default*        0x00000000         0xffffffff

Linker script and memory map

LOAD c:/users/linxi/appdata/local/arduino15/packages/arduino/tools/arm-none-eabi-gcc/4.8.3-2014q1/bin/../lib/gcc/arm-none-eabi/4.8.3/armv7-m/crti.o
LOAD c:/users/linxi/appdata/local/arduino15/packages/arduino/tools/arm-none-eabi-gcc/4.8.3-2014q1/bin/../lib/gcc/arm-none-eabi/4.8.3/armv7-m/crtbegin.o
LOAD c:/users/linxi/appdata/local/arduino15/packages/arduino/tools/arm-none-eabi-gcc/4.8.3-2014q1/bin/../lib/gcc/arm-none-eabi/4.8.3/../../../../arm-none-eabi/lib/armv7-m/crt0.o
LOAD c:/users/linxi/appdata/local/arduino15/packages/arduino/tools/arm-none-eabi-gcc/4.8.3-2014q1/bin/../lib/gcc/arm-none-eabi/4.8.3/armv7-m\libgcc.a
START GROUP
LOAD new_LMDZ.cpp.o
LOAD aveRage.cpp.o
LOAD cmpValues.cpp.o
LOAD draw_cmp.cpp.o
LOAD draw_get.cpp.o
LOAD getValue.cpp.o
LOAD quartileDeviation.cpp.o
LOAD rearrange.cpp.o
LOAD valuesPrint.cpp.o
LOAD C:\Users\Linxi\AppData\Local\Temp\VMBCore\arduino16x\5b2ae7263f6ca0060cc0925c34dc0d3c\variant\board.cpp.o
LOAD C:\Users\Linxi\AppData\Local\Temp\VMBCore\arduino16x\5b2ae7263f6ca0060cc0925c34dc0d3c\variant\boards.cpp.o
LOAD C:\Users\Linxi\AppData\Local\Temp\VMBCore\arduino16x\5b2ae7263f6ca0060cc0925c34dc0d3c\variant\boards_setup.cpp.o
LOAD C:\Users\Linxi\AppData\Local\Temp\VMBCore\arduino16x\5b2ae7263f6ca0060cc0925c34dc0d3c\variant\start.S.o
LOAD C:\Users\Linxi\AppData\Local\Temp\VMBCore\arduino16x\5b2ae7263f6ca0060cc0925c34dc0d3c\variant\start_c.c.o
LOAD C:\Users\Linxi\AppData\Local\Temp\VMBCore\arduino16x\5b2ae7263f6ca0060cc0925c34dc0d3c\variant\syscalls.c.o
LOAD C:\Users\Linxi\AppData\Local\Temp\VMBuilds\new_LMDZ\Arduino_STM32-master_genericSTM32F103C\Release\core.a
END GROUP
LOAD c:/users/linxi/appdata/local/arduino15/packages/arduino/tools/arm-none-eabi-gcc/4.8.3-2014q1/bin/../lib/gcc/arm-none-eabi/4.8.3/../../../../arm-none-eabi/lib/armv7-m\libstdc++.a
LOAD c:/users/linxi/appdata/local/arduino15/packages/arduino/tools/arm-none-eabi-gcc/4.8.3-2014q1/bin/../lib/gcc/arm-none-eabi/4.8.3/../../../../arm-none-eabi/lib/armv7-m\libm.a
START GROUP
LOAD c:/users/linxi/appdata/local/arduino15/packages/arduino/tools/arm-none-eabi-gcc/4.8.3-2014q1/bin/../lib/gcc/arm-none-eabi/4.8.3/armv7-m\libgcc.a
LOAD c:/users/linxi/appdata/local/arduino15/packages/arduino/tools/arm-none-eabi-gcc/4.8.3-2014q1/bin/../lib/gcc/arm-none-eabi/4.8.3/../../../../arm-none-eabi/lib/armv7-m\libc.a
END GROUP
LOAD c:/users/linxi/appdata/local/arduino15/packages/arduino/tools/arm-none-eabi-gcc/4.8.3-2014q1/bin/../lib/gcc/arm-none-eabi/4.8.3/armv7-m/crtend.o
LOAD c:/users/linxi/appdata/local/arduino15/packages/arduino/tools/arm-none-eabi-gcc/4.8.3-2014q1/bin/../lib/gcc/arm-none-eabi/4.8.3/armv7-m/crtn.o
START GROUP
LOAD c:/users/linxi/appdata/local/arduino15/packages/arduino/tools/arm-none-eabi-gcc/4.8.3-2014q1/bin/../lib/gcc/arm-none-eabi/4.8.3/armv7-m\libgcc.a
LOAD c:/users/linxi/appdata/local/arduino15/packages/arduino/tools/arm-none-eabi-gcc/4.8.3-2014q1/bin/../lib/gcc/arm-none-eabi/4.8.3/../../../../arm-none-eabi/lib/armv7-m\libc.a
LOAD c:/users/linxi/appdata/local/arduino15/packages/arduino/tools/arm-none-eabi-gcc/4.8.3-2014q1/bin/../lib/gcc/arm-none-eabi/4.8.3/../../../../arm-none-eabi/lib/armv7-m\libm.a
END GROUP
START GROUP
LOAD c:/users/linxi/appdata/local/arduino15/packages/arduino/tools/arm-none-eabi-gcc/4.8.3-2014q1/bin/../lib/gcc/arm-none-eabi/4.8.3/../../../../arm-none-eabi/lib/armv7-m\libnosys.a
END GROUP
                0x20005000                PROVIDE (__msp_init, (ORIGIN (ram) + 0x5000))
                0x080007cc                PROVIDE (__exc_reset, __start__)

.text           0x08000000     0x3464
                0x08000000                __text_start__ = .
 *(.stm32.interrupt_vector)
 .stm32.interrupt_vector
                0x08000000       0xec C:\Users\Linxi\AppData\Local\Temp\VMBuilds\new_LMDZ\Arduino_STM32-master_genericSTM32F103C\Release\core.a(vector_table.S.o)
                0x08000000                __stm32_vector_table
 *(.text .text.* .gnu.linkonce.t.*)
 .text          0x080000ec       0x54 c:/users/linxi/appdata/local/arduino15/packages/arduino/tools/arm-none-eabi-gcc/4.8.3-2014q1/bin/../lib/gcc/arm-none-eabi/4.8.3/armv7-m/crtbegin.o
 .text._Z5setupv
                0x08000140       0x34 new_LMDZ.cpp.o
                0x08000140                setup()
 .text._Z4loopv
                0x08000174       0x48 new_LMDZ.cpp.o
                0x08000174                loop()
 .text.startup._GLOBAL__sub_I_sensor1
                0x080001bc       0x1c new_LMDZ.cpp.o
 .text._Z12aveRage_stepP6sensor
                0x080001d8       0x88 aveRage.cpp.o
                0x080001d8                aveRage_step(sensor*)
 .text._Z7aveRageP6sensorS0_
                0x08000260       0x16 aveRage.cpp.o
                0x08000260                aveRage(sensor*, sensor*)
 *fill*         0x08000276        0x2 
 .text._Z3cmpP6sensor
                0x08000278       0x38 cmpValues.cpp.o
                0x08000278                cmp(sensor*)
 .text._Z9cmpValuesP6sensorS0_Pi
                0x080002b0       0x18 cmpValues.cpp.o
                0x080002b0                cmpValues(sensor*, sensor*, int*)
 .text._Z13draw_cmp_stepPii
                0x080002c8       0x38 draw_cmp.cpp.o
                0x080002c8                draw_cmp_step(int*, int)
 .text._Z8draw_cmpPi
                0x08000300       0x16 draw_cmp.cpp.o
                0x08000300                draw_cmp(int*)
 *fill*         0x08000316        0x2 
 .text._Z8getValueP6sensorS0_
                0x08000318       0x58 getValue.cpp.o
                0x08000318                getValue(sensor*, sensor*)
 .text._Z9position1P6sensorP2QD
                0x08000370       0x48 quartileDeviation.cpp.o
                0x08000370                position1(sensor*, QD*)
 .text._Z9position2P6sensorP2QD
                0x080003b8      0x124 quartileDeviation.cpp.o
                0x080003b8                position2(sensor*, QD*)
 .text._Z17quartileDeviationP6sensorS0_
                0x080004dc       0x6c quartileDeviation.cpp.o
                0x080004dc                quartileDeviation(sensor*, sensor*)
 .text._Z14rearrange_stepP6sensor
                0x08000548       0x70 rearrange.cpp.o
                0x08000548                rearrange_step(sensor*)
 .text._Z9rearrangeP6sensorS0_
                0x080005b8       0x14 rearrange.cpp.o
                0x080005b8                rearrange(sensor*, sensor*)
 .text._Z9boardInitv
                0x080005cc        0x2 C:\Users\Linxi\AppData\Local\Temp\VMBCore\arduino16x\5b2ae7263f6ca0060cc0925c34dc0d3c\variant\board.cpp.o
                0x080005cc                boardInit()
 *fill*         0x080005ce        0x2 
 .text.startup._GLOBAL__sub_I__Z9boardInitv
                0x080005d0       0x48 C:\Users\Linxi\AppData\Local\Temp\VMBCore\arduino16x\5b2ae7263f6ca0060cc0925c34dc0d3c\variant\board.cpp.o
 .text._ZL18adc_default_configP7adc_dev
                0x08000618       0x1c C:\Users\Linxi\AppData\Local\Temp\VMBCore\arduino16x\5b2ae7263f6ca0060cc0925c34dc0d3c\variant\boards.cpp.o
 .text._ZL20timer_default_configP9timer_dev
                0x08000634       0x9e C:\Users\Linxi\AppData\Local\Temp\VMBCore\arduino16x\5b2ae7263f6ca0060cc0925c34dc0d3c\variant\boards.cpp.o
 *fill*         0x080006d2        0x2 
 .text._Z4initv
                0x080006d4       0xbc C:\Users\Linxi\AppData\Local\Temp\VMBCore\arduino16x\5b2ae7263f6ca0060cc0925c34dc0d3c\variant\boards.cpp.o
                0x080006d4                init()
 .text._ZN6wirish4priv15board_reset_pllEv
                0x08000790        0x2 C:\Users\Linxi\AppData\Local\Temp\VMBCore\arduino16x\5b2ae7263f6ca0060cc0925c34dc0d3c\variant\boards_setup.cpp.o
                0x08000790                wirish::priv::board_reset_pll()
 .text._ZN6wirish4priv28board_setup_clock_prescalersEv
                0x08000792       0x2e C:\Users\Linxi\AppData\Local\Temp\VMBCore\arduino16x\5b2ae7263f6ca0060cc0925c34dc0d3c\variant\boards_setup.cpp.o
                0x08000792                wirish::priv::board_setup_clock_prescalers()
 .text._ZN6wirish4priv16board_setup_gpioEv
                0x080007c0        0x4 C:\Users\Linxi\AppData\Local\Temp\VMBCore\arduino16x\5b2ae7263f6ca0060cc0925c34dc0d3c\variant\boards_setup.cpp.o
                0x080007c0                wirish::priv::board_setup_gpio()
 .text._ZN6wirish4priv15board_setup_usbEv
                0x080007c4        0x2 C:\Users\Linxi\AppData\Local\Temp\VMBCore\arduino16x\5b2ae7263f6ca0060cc0925c34dc0d3c\variant\boards_setup.cpp.o
                0x080007c4                wirish::priv::board_setup_usb()
 .text._ZN6wirish4priv11series_initEv
                0x080007c6        0x4 C:\Users\Linxi\AppData\Local\Temp\VMBCore\arduino16x\5b2ae7263f6ca0060cc0925c34dc0d3c\variant\boards_setup.cpp.o
                0x080007c6                wirish::priv::series_init()
 *fill*         0x080007ca        0x2 
 .text          0x080007cc       0x10 C:\Users\Linxi\AppData\Local\Temp\VMBCore\arduino16x\5b2ae7263f6ca0060cc0925c34dc0d3c\variant\start.S.o
                0x080007cc                __start__
 .text.start_c  0x080007dc       0x64 C:\Users\Linxi\AppData\Local\Temp\VMBCore\arduino16x\5b2ae7263f6ca0060cc0925c34dc0d3c\variant\start_c.c.o
                0x080007dc                start_c
 .text._exit    0x08000840        0x2 C:\Users\Linxi\AppData\Local\Temp\VMBCore\arduino16x\5b2ae7263f6ca0060cc0925c34dc0d3c\variant\syscalls.c.o
                0x08000840                _exit
 *fill*         0x08000842        0xe 
 .text          0x08000850       0x60 C:\Users\Linxi\AppData\Local\Temp\VMBuilds\new_LMDZ\Arduino_STM32-master_genericSTM32F103C\Release\core.a(exc.S.o)
                0x08000850                __exc_nmi
                0x08000854                __exc_hardfault
                0x08000858                __exc_memmanage
                0x0800085c                __exc_busfault
                0x08000860                __exc_usagefault
 .text          0x080008b0        0x2 C:\Users\Linxi\AppData\Local\Temp\VMBuilds\new_LMDZ\Arduino_STM32-master_genericSTM32F103C\Release\core.a(isrs.S.o)
                0x080008b0                __stm32reservedexception9
                0x080008b0                __exc_debug_monitor
                0x080008b0                __exc_svc
                0x080008b0                __irq_can_rx1
                0x080008b0                __irq_spi2
                0x080008b0                __irq_can_sce
                0x080008b0                __irq_pvd
                0x080008b0                __irq_tamper
                0x080008b0                __default_handler
                0x080008b0                __irq_wwdg
                0x080008b0                __stm32reservedexception10
                0x080008b0                __irq_flash
                0x080008b0                __stm32reservedexception13
                0x080008b0                __irq_rtc
                0x080008b0                __irq_spi1
                0x080008b0                __stm32reservedexception7
                0x080008b0                __irq_usb_hp_can_tx
                0x080008b0                __irq_rtcalarm
                0x080008b0                __stm32reservedexception8
                0x080008b0                __exc_pendsv
                0x080008b0                __irq_usbwakeup
                0x080008b0                __irq_rcc
 .text.adc_init
                0x080008b2       0x14 C:\Users\Linxi\AppData\Local\Temp\VMBuilds\new_LMDZ\Arduino_STM32-master_genericSTM32F103C\Release\core.a(adc.c.o)
                0x080008b2                adc_init
 .text.adc_set_extsel
                0x080008c6       0x12 C:\Users\Linxi\AppData\Local\Temp\VMBuilds\new_LMDZ\Arduino_STM32-master_genericSTM32F103C\Release\core.a(adc.c.o)
                0x080008c6                adc_set_extsel
 .text.adc_set_sample_rate
                0x080008d8       0x30 C:\Users\Linxi\AppData\Local\Temp\VMBuilds\new_LMDZ\Arduino_STM32-master_genericSTM32F103C\Release\core.a(adc.c.o)
                0x080008d8                adc_set_sample_rate
 .text.adc_read
                0x08000908       0x20 C:\Users\Linxi\AppData\Local\Temp\VMBuilds\new_LMDZ\Arduino_STM32-master_genericSTM32F103C\Release\core.a(adc.c.o)
                0x08000908                adc_read
 .text.__irq_adc
                0x08000928       0x50 C:\Users\Linxi\AppData\Local\Temp\VMBuilds\new_LMDZ\Arduino_STM32-master_genericSTM32F103C\Release\core.a(adc_f1.c.o)
                0x08000928                __irq_adc
 .text.adc_calibrate
                0x08000978       0x24 C:\Users\Linxi\AppData\Local\Temp\VMBuilds\new_LMDZ\Arduino_STM32-master_genericSTM32F103C\Release\core.a(adc_f1.c.o)
                0x08000978                adc_calibrate
 .text.adc_set_prescaler
                0x0800099c        0x8 C:\Users\Linxi\AppData\Local\Temp\VMBuilds\new_LMDZ\Arduino_STM32-master_genericSTM32F103C\Release\core.a(adc_f1.c.o)
                0x0800099c                adc_set_prescaler
 .text.adc_foreach
                0x080009a4       0x1c C:\Users\Linxi\AppData\Local\Temp\VMBuilds\new_LMDZ\Arduino_STM32-master_genericSTM32F103C\Release\core.a(adc_f1.c.o)
                0x080009a4                adc_foreach
 .text.adc_enable_single_swstart
                0x080009c0       0x36 C:\Users\Linxi\AppData\Local\Temp\VMBuilds\new_LMDZ\Arduino_STM32-master_genericSTM32F103C\Release\core.a(adc_f1.c.o)
                0x080009c0                adc_enable_single_swstart
 *fill*         0x080009f6        0x2 
 .text.__irq_dma1_channel1
                0x080009f8       0x18 C:\Users\Linxi\AppData\Local\Temp\VMBuilds\new_LMDZ\Arduino_STM32-master_genericSTM32F103C\Release\core.a(dma_f1.c.o)
                0x080009f8                __irq_dma1_channel1
 .text.__irq_dma1_channel2
                0x08000a10       0x18 C:\Users\Linxi\AppData\Local\Temp\VMBuilds\new_LMDZ\Arduino_STM32-master_genericSTM32F103C\Release\core.a(dma_f1.c.o)
                0x08000a10                __irq_dma1_channel2
 .text.__irq_dma1_channel3
                0x08000a28       0x1c C:\Users\Linxi\AppData\Local\Temp\VMBuilds\new_LMDZ\Arduino_STM32-master_genericSTM32F103C\Release\core.a(dma_f1.c.o)
                0x08000a28                __irq_dma1_channel3
 .text.__irq_dma1_channel4
                0x08000a44       0x1c C:\Users\Linxi\AppData\Local\Temp\VMBuilds\new_LMDZ\Arduino_STM32-master_genericSTM32F103C\Release\core.a(dma_f1.c.o)
                0x08000a44                __irq_dma1_channel4
 .text.__irq_dma1_channel5
                0x08000a60       0x1c C:\Users\Linxi\AppData\Local\Temp\VMBuilds\new_LMDZ\Arduino_STM32-master_genericSTM32F103C\Release\core.a(dma_f1.c.o)
                0x08000a60                __irq_dma1_channel5
 .text.__irq_dma1_channel6
                0x08000a7c       0x1c C:\Users\Linxi\AppData\Local\Temp\VMBuilds\new_LMDZ\Arduino_STM32-master_genericSTM32F103C\Release\core.a(dma_f1.c.o)
                0x08000a7c                __irq_dma1_channel6
 .text.__irq_dma1_channel7
                0x08000a98       0x1c C:\Users\Linxi\AppData\Local\Temp\VMBuilds\new_LMDZ\Arduino_STM32-master_genericSTM32F103C\Release\core.a(dma_f1.c.o)
                0x08000a98                __irq_dma1_channel7
 .text.__irq_exti0
                0x08000ab4       0x20 C:\Users\Linxi\AppData\Local\Temp\VMBuilds\new_LMDZ\Arduino_STM32-master_genericSTM32F103C\Release\core.a(exti.c.o)
                0x08000ab4                __irq_exti0
 .text.__irq_exti1
                0x08000ad4       0x20 C:\Users\Linxi\AppData\Local\Temp\VMBuilds\new_LMDZ\Arduino_STM32-master_genericSTM32F103C\Release\core.a(exti.c.o)
                0x08000ad4                __irq_exti1
 .text.__irq_exti2
                0x08000af4       0x20 C:\Users\Linxi\AppData\Local\Temp\VMBuilds\new_LMDZ\Arduino_STM32-master_genericSTM32F103C\Release\core.a(exti.c.o)
                0x08000af4                __irq_exti2
 .text.__irq_exti3
                0x08000b14       0x20 C:\Users\Linxi\AppData\Local\Temp\VMBuilds\new_LMDZ\Arduino_STM32-master_genericSTM32F103C\Release\core.a(exti.c.o)
                0x08000b14                __irq_exti3
 .text.__irq_exti4
                0x08000b34       0x20 C:\Users\Linxi\AppData\Local\Temp\VMBuilds\new_LMDZ\Arduino_STM32-master_genericSTM32F103C\Release\core.a(exti.c.o)
                0x08000b34                __irq_exti4
 .text.__irq_exti9_5
                0x08000b54       0x44 C:\Users\Linxi\AppData\Local\Temp\VMBuilds\new_LMDZ\Arduino_STM32-master_genericSTM32F103C\Release\core.a(exti.c.o)
                0x08000b54                __irq_exti9_5
 .text.__irq_exti15_10
                0x08000b98       0x44 C:\Users\Linxi\AppData\Local\Temp\VMBuilds\new_LMDZ\Arduino_STM32-master_genericSTM32F103C\Release\core.a(exti.c.o)
                0x08000b98                __irq_exti15_10
 .text.flash_set_latency
                0x08000bdc       0x14 C:\Users\Linxi\AppData\Local\Temp\VMBuilds\new_LMDZ\Arduino_STM32-master_genericSTM32F103C\Release\core.a(flash.c.o)
                0x08000bdc                flash_set_latency
 .text.gpio_init_all
                0x08000bf0       0x30 C:\Users\Linxi\AppData\Local\Temp\VMBuilds\new_LMDZ\Arduino_STM32-master_genericSTM32F103C\Release\core.a(gpio_f1.c.o)
                0x08000bf0                gpio_init_all
 .text.gpio_set_mode
                0x08000c20       0x50 C:\Users\Linxi\AppData\Local\Temp\VMBuilds\new_LMDZ\Arduino_STM32-master_genericSTM32F103C\Release\core.a(gpio_f1.c.o)
                0x08000c20                gpio_set_mode
 .text.afio_init
                0x08000c70       0x12 C:\Users\Linxi\AppData\Local\Temp\VMBuilds\new_LMDZ\Arduino_STM32-master_genericSTM32F103C\Release\core.a(gpio_f1.c.o)
                0x08000c70                afio_init
 *fill*         0x08000c82        0x2 
 .text.__irq_i2c1_ev
                0x08000c84        0xc C:\Users\Linxi\AppData\Local\Temp\VMBuilds\new_LMDZ\Arduino_STM32-master_genericSTM32F103C\Release\core.a(i2c_f1.c.o)
                0x08000c84                __irq_i2c1_ev
 .text.__irq_i2c2_ev
                0x08000c90        0xc C:\Users\Linxi\AppData\Local\Temp\VMBuilds\new_LMDZ\Arduino_STM32-master_genericSTM32F103C\Release\core.a(i2c_f1.c.o)
                0x08000c90                __irq_i2c2_ev
 .text.__irq_i2c1_er
                0x08000c9c        0xc C:\Users\Linxi\AppData\Local\Temp\VMBuilds\new_LMDZ\Arduino_STM32-master_genericSTM32F103C\Release\core.a(i2c_f1.c.o)
                0x08000c9c                __irq_i2c1_er
 .text.__irq_i2c2_er
                0x08000ca8        0xc C:\Users\Linxi\AppData\Local\Temp\VMBuilds\new_LMDZ\Arduino_STM32-master_genericSTM32F103C\Release\core.a(i2c_f1.c.o)
                0x08000ca8                __irq_i2c2_er
 .text._i2c_irq_priority_fixup
                0x08000cb4       0x1c C:\Users\Linxi\AppData\Local\Temp\VMBuilds\new_LMDZ\Arduino_STM32-master_genericSTM32F103C\Release\core.a(i2c_f1.c.o)
                0x08000cb4                _i2c_irq_priority_fixup
 .text.nvic_irq_set_priority
                0x08000cd0       0x28 C:\Users\Linxi\AppData\Local\Temp\VMBuilds\new_LMDZ\Arduino_STM32-master_genericSTM32F103C\Release\core.a(nvic.c.o)
                0x08000cd0                nvic_irq_set_priority
 .text.nvic_init
                0x08000cf8       0x30 C:\Users\Linxi\AppData\Local\Temp\VMBuilds\new_LMDZ\Arduino_STM32-master_genericSTM32F103C\Release\core.a(nvic.c.o)
                0x08000cf8                nvic_init
 .text.rcc_dev_clk
                0x08000d28        0xc C:\Users\Linxi\AppData\Local\Temp\VMBuilds\new_LMDZ\Arduino_STM32-master_genericSTM32F103C\Release\core.a(rcc.c.o)
                0x08000d28                rcc_dev_clk
 .text.rcc_switch_sysclk
                0x08000d34       0x20 C:\Users\Linxi\AppData\Local\Temp\VMBuilds\new_LMDZ\Arduino_STM32-master_genericSTM32F103C\Release\core.a(rcc.c.o)
                0x08000d34                rcc_switch_sysclk
 .text.rcc_turn_on_clk
                0x08000d54       0x1a C:\Users\Linxi\AppData\Local\Temp\VMBuilds\new_LMDZ\Arduino_STM32-master_genericSTM32F103C\Release\core.a(rcc.c.o)
                0x08000d54                rcc_turn_on_clk
 .text.rcc_turn_off_clk
                0x08000d6e       0x1c C:\Users\Linxi\AppData\Local\Temp\VMBuilds\new_LMDZ\Arduino_STM32-master_genericSTM32F103C\Release\core.a(rcc.c.o)
                0x08000d6e                rcc_turn_off_clk
 .text.rcc_is_clk_ready
                0x08000d8a       0x18 C:\Users\Linxi\AppData\Local\Temp\VMBuilds\new_LMDZ\Arduino_STM32-master_genericSTM32F103C\Release\core.a(rcc.c.o)
                0x08000d8a                rcc_is_clk_ready
 *fill*         0x08000da2        0x2 
 .text.rcc_configure_pll
                0x08000da4       0x18 C:\Users\Linxi\AppData\Local\Temp\VMBuilds\new_LMDZ\Arduino_STM32-master_genericSTM32F103C\Release\core.a(rcc_f1.c.o)
                0x08000da4                rcc_configure_pll
 .text.rcc_clk_enable
                0x08000dbc       0x30 C:\Users\Linxi\AppData\Local\Temp\VMBuilds\new_LMDZ\Arduino_STM32-master_genericSTM32F103C\Release\core.a(rcc_f1.c.o)
                0x08000dbc                rcc_clk_enable
 .text.rcc_reset_dev
                0x08000dec       0x34 C:\Users\Linxi\AppData\Local\Temp\VMBuilds\new_LMDZ\Arduino_STM32-master_genericSTM32F103C\Release\core.a(rcc_f1.c.o)
                0x08000dec                rcc_reset_dev
 .text.rcc_set_prescaler
                0x08000e20       0x20 C:\Users\Linxi\AppData\Local\Temp\VMBuilds\new_LMDZ\Arduino_STM32-master_genericSTM32F103C\Release\core.a(rcc_f1.c.o)
                0x08000e20                rcc_set_prescaler
 .text.rcc_clk_disable
                0x08000e40       0x30 C:\Users\Linxi\AppData\Local\Temp\VMBuilds\new_LMDZ\Arduino_STM32-master_genericSTM32F103C\Release\core.a(rcc_f1.c.o)
                0x08000e40                rcc_clk_disable
 .text.systick_init
                0x08000e70       0x10 C:\Users\Linxi\AppData\Local\Temp\VMBuilds\new_LMDZ\Arduino_STM32-master_genericSTM32F103C\Release\core.a(systick.c.o)
                0x08000e70                systick_init
 .text.__exc_systick
                0x08000e80       0x1c C:\Users\Linxi\AppData\Local\Temp\VMBuilds\new_LMDZ\Arduino_STM32-master_genericSTM32F103C\Release\core.a(systick.c.o)
                0x08000e80                __exc_systick
 .text.timer_oc_set_mode
                0x08000e9c       0x3a C:\Users\Linxi\AppData\Local\Temp\VMBuilds\new_LMDZ\Arduino_STM32-master_genericSTM32F103C\Release\core.a(timer.c.o)
 .text.timer_cc_enable
                0x08000ed6       0x1c C:\Users\Linxi\AppData\Local\Temp\VMBuilds\new_LMDZ\Arduino_STM32-master_genericSTM32F103C\Release\core.a(timer.c.o)
 *fill*         0x08000ef2        0x2 
 .text.timer_foreach
                0x08000ef4       0x28 C:\Users\Linxi\AppData\Local\Temp\VMBuilds\new_LMDZ\Arduino_STM32-master_genericSTM32F103C\Release\core.a(timer.c.o)
                0x08000ef4                timer_foreach
 .text.timer_init
                0x08000f1c       0x14 C:\Users\Linxi\AppData\Local\Temp\VMBuilds\new_LMDZ\Arduino_STM32-master_genericSTM32F103C\Release\core.a(timer.c.o)
                0x08000f1c                timer_init
 .text.timer_has_cc_channel
                0x08000f30       0x30 C:\Users\Linxi\AppData\Local\Temp\VMBuilds\new_LMDZ\Arduino_STM32-master_genericSTM32F103C\Release\core.a(timer.c.o)
                0x08000f30                timer_has_cc_channel
 .text.timer_detach_interrupt
                0x08000f60       0x1e C:\Users\Linxi\AppData\Local\Temp\VMBuilds\new_LMDZ\Arduino_STM32-master_genericSTM32F103C\Release\core.a(timer.c.o)
                0x08000f60                timer_detach_interrupt
 .text.input_capture_mode
                0x08000f7e       0x1a C:\Users\Linxi\AppData\Local\Temp\VMBuilds\new_LMDZ\Arduino_STM32-master_genericSTM32F103C\Release\core.a(timer.c.o)
                0x08000f7e                input_capture_mode
 .text.timer_set_mode
                0x08000f98       0x8c C:\Users\Linxi\AppData\Local\Temp\VMBuilds\new_LMDZ\Arduino_STM32-master_genericSTM32F103C\Release\core.a(timer.c.o)
                0x08000f98                timer_set_mode
 .text.__irq_tim1_brk
                0x08001024       0x24 C:\Users\Linxi\AppData\Local\Temp\VMBuilds\new_LMDZ\Arduino_STM32-master_genericSTM32F103C\Release\core.a(timer.c.o)
                0x08001024                __irq_tim1_brk
 .text.__irq_tim1_up
                0x08001048       0x24 C:\Users\Linxi\AppData\Local\Temp\VMBuilds\new_LMDZ\Arduino_STM32-master_genericSTM32F103C\Release\core.a(timer.c.o)
                0x08001048                __irq_tim1_up
 .text.__irq_tim1_trg_com
                0x0800106c       0x38 C:\Users\Linxi\AppData\Local\Temp\VMBuilds\new_LMDZ\Arduino_STM32-master_genericSTM32F103C\Release\core.a(timer.c.o)
                0x0800106c                __irq_tim1_trg_com
 .text.__irq_tim1_cc
                0x080010a4       0x54 C:\Users\Linxi\AppData\Local\Temp\VMBuilds\new_LMDZ\Arduino_STM32-master_genericSTM32F103C\Release\core.a(timer.c.o)
                0x080010a4                __irq_tim1_cc
 .text.__irq_tim2
                0x080010f8       0x70 C:\Users\Linxi\AppData\Local\Temp\VMBuilds\new_LMDZ\Arduino_STM32-master_genericSTM32F103C\Release\core.a(timer.c.o)
                0x080010f8                __irq_tim2
 .text.__irq_tim3
                0x08001168       0x70 C:\Users\Linxi\AppData\Local\Temp\VMBuilds\new_LMDZ\Arduino_STM32-master_genericSTM32F103C\Release\core.a(timer.c.o)
                0x08001168                __irq_tim3
 .text.__irq_tim4
                0x080011d8       0x70 C:\Users\Linxi\AppData\Local\Temp\VMBuilds\new_LMDZ\Arduino_STM32-master_genericSTM32F103C\Release\core.a(timer.c.o)
                0x080011d8                __irq_tim4
 .text.rb_remove
                0x08001248       0x24 C:\Users\Linxi\AppData\Local\Temp\VMBuilds\new_LMDZ\Arduino_STM32-master_genericSTM32F103C\Release\core.a(usart_f1.c.o)
 .text.rb_push_insert
                0x0800126c       0x52 C:\Users\Linxi\AppData\Local\Temp\VMBuilds\new_LMDZ\Arduino_STM32-master_genericSTM32F103C\Release\core.a(usart_f1.c.o)
 .text.usart_config_gpios_async
                0x080012be       0x4a C:\Users\Linxi\AppData\Local\Temp\VMBuilds\new_LMDZ\Arduino_STM32-master_genericSTM32F103C\Release\core.a(usart_f1.c.o)
                0x080012be                usart_config_gpios_async
 .text.usart_set_baud_rate
                0x08001308       0x3c C:\Users\Linxi\AppData\Local\Temp\VMBuilds\new_LMDZ\Arduino_STM32-master_genericSTM32F103C\Release\core.a(usart_f1.c.o)
                0x08001308                usart_set_baud_rate
 .text.__irq_usart1
                0x08001344       0x54 C:\Users\Linxi\AppData\Local\Temp\VMBuilds\new_LMDZ\Arduino_STM32-master_genericSTM32F103C\Release\core.a(usart_f1.c.o)
                0x08001344                __irq_usart1
 .text.__irq_usart2
                0x08001398       0x54 C:\Users\Linxi\AppData\Local\Temp\VMBuilds\new_LMDZ\Arduino_STM32-master_genericSTM32F103C\Release\core.a(usart_f1.c.o)
                0x08001398                __irq_usart2
 .text.__irq_usart3
                0x080013ec       0x54 C:\Users\Linxi\AppData\Local\Temp\VMBuilds\new_LMDZ\Arduino_STM32-master_genericSTM32F103C\Release\core.a(usart_f1.c.o)
                0x080013ec                __irq_usart3
 .text._usart_clock_freq
                0x08001440       0x24 C:\Users\Linxi\AppData\Local\Temp\VMBuilds\new_LMDZ\Arduino_STM32-master_genericSTM32F103C\Release\core.a(usart_private.c.o)
                0x08001440                _usart_clock_freq
 .text.throb    0x08001464       0x4c C:\Users\Linxi\AppData\Local\Temp\VMBuilds\new_LMDZ\Arduino_STM32-master_genericSTM32F103C\Release\core.a(util.c.o)
                0x08001464                throb
 .text.__error  0x080014b0       0x14 C:\Users\Linxi\AppData\Local\Temp\VMBuilds\new_LMDZ\Arduino_STM32-master_genericSTM32F103C\Release\core.a(util.c.o)
                0x080014b0                __error
 .text.usb_resume
                0x080014c4       0xb4 C:\Users\Linxi\AppData\Local\Temp\VMBuilds\new_LMDZ\Arduino_STM32-master_genericSTM32F103C\Release\core.a(usb.c.o)
 .text.__irq_usb_lp_can_rx0
                0x08001578      0x1c8 C:\Users\Linxi\AppData\Local\Temp\VMBuilds\new_LMDZ\Arduino_STM32-master_genericSTM32F103C\Release\core.a(usb.c.o)
                0x08001578                __irq_usb_lp_can_rx0
 .text.usb_set_ep_rx_stat
                0x08001740       0x22 C:\Users\Linxi\AppData\Local\Temp\VMBuilds\new_LMDZ\Arduino_STM32-master_genericSTM32F103C\Release\core.a(usb_cdcacm.c.o)
 *fill*         0x08001762        0x2 
 .text.vcomGetSetLineCoding
                0x08001764       0x18 C:\Users\Linxi\AppData\Local\Temp\VMBuilds\new_LMDZ\Arduino_STM32-master_genericSTM32F103C\Release\core.a(usb_cdcacm.c.o)
 .text.usbDataSetup
                0x0800177c       0x54 C:\Users\Linxi\AppData\Local\Temp\VMBuilds\new_LMDZ\Arduino_STM32-master_genericSTM32F103C\Release\core.a(usb_cdcacm.c.o)
 .text.usbNoDataSetup
                0x080017d0       0x50 C:\Users\Linxi\AppData\Local\Temp\VMBuilds\new_LMDZ\Arduino_STM32-master_genericSTM32F103C\Release\core.a(usb_cdcacm.c.o)
 .text.usbGetInterfaceSetting
                0x08001820       0x10 C:\Users\Linxi\AppData\Local\Temp\VMBuilds\new_LMDZ\Arduino_STM32-master_genericSTM32F103C\Release\core.a(usb_cdcacm.c.o)
 .text.usbGetStringDescriptor
                0x08001830       0x20 C:\Users\Linxi\AppData\Local\Temp\VMBuilds\new_LMDZ\Arduino_STM32-master_genericSTM32F103C\Release\core.a(usb_cdcacm.c.o)
 .text.usbGetConfigDescriptor
                0x08001850        0xc C:\Users\Linxi\AppData\Local\Temp\VMBuilds\new_LMDZ\Arduino_STM32-master_genericSTM32F103C\Release\core.a(usb_cdcacm.c.o)
 .text.usbGetDeviceDescriptor
                0x0800185c        0xc C:\Users\Linxi\AppData\Local\Temp\VMBuilds\new_LMDZ\Arduino_STM32-master_genericSTM32F103C\Release\core.a(usb_cdcacm.c.o)
 .text.usbInit  0x08001868       0x44 C:\Users\Linxi\AppData\Local\Temp\VMBuilds\new_LMDZ\Arduino_STM32-master_genericSTM32F103C\Release\core.a(usb_cdcacm.c.o)
 .text.usbReset
                0x080018ac      0x160 C:\Users\Linxi\AppData\Local\Temp\VMBuilds\new_LMDZ\Arduino_STM32-master_genericSTM32F103C\Release\core.a(usb_cdcacm.c.o)
 .text.usb_set_ep_rx_count
                0x08001a0c       0x40 C:\Users\Linxi\AppData\Local\Temp\VMBuilds\new_LMDZ\Arduino_STM32-master_genericSTM32F103C\Release\core.a(usb_reg_map.c.o)
                0x08001a0c                usb_set_ep_rx_count
 .text.Standard_GetConfiguration
                0x08001a4c       0x24 C:\Users\Linxi\AppData\Local\Temp\VMBuilds\new_LMDZ\Arduino_STM32-master_genericSTM32F103C\Release\core.a(usb_core.c.o)
                0x08001a4c                Standard_GetConfiguration
 .text.Standard_GetInterface
                0x08001a70       0x24 C:\Users\Linxi\AppData\Local\Temp\VMBuilds\new_LMDZ\Arduino_STM32-master_genericSTM32F103C\Release\core.a(usb_core.c.o)
                0x08001a70                Standard_GetInterface
 .text.Standard_GetStatus
                0x08001a94       0x90 C:\Users\Linxi\AppData\Local\Temp\VMBuilds\new_LMDZ\Arduino_STM32-master_genericSTM32F103C\Release\core.a(usb_core.c.o)
                0x08001a94                Standard_GetStatus
 .text.DataStageIn
                0x08001b24       0xa8 C:\Users\Linxi\AppData\Local\Temp\VMBuilds\new_LMDZ\Arduino_STM32-master_genericSTM32F103C\Release\core.a(usb_core.c.o)
 .text.Standard_SetConfiguration
                0x08001bcc       0x38 C:\Users\Linxi\AppData\Local\Temp\VMBuilds\new_LMDZ\Arduino_STM32-master_genericSTM32F103C\Release\core.a(usb_core.c.o)
                0x08001bcc                Standard_SetConfiguration
 .text.Standard_SetInterface
                0x08001c04       0x48 C:\Users\Linxi\AppData\Local\Temp\VMBuilds\new_LMDZ\Arduino_STM32-master_genericSTM32F103C\Release\core.a(usb_core.c.o)
                0x08001c04                Standard_SetInterface
 .text.Standard_ClearFeature
                0x08001c4c       0xd0 C:\Users\Linxi\AppData\Local\Temp\VMBuilds\new_LMDZ\Arduino_STM32-master_genericSTM32F103C\Release\core.a(usb_core.c.o)
                0x08001c4c                Standard_ClearFeature
 .text.Standard_SetEndPointFeature
                0x08001d1c       0x84 C:\Users\Linxi\AppData\Local\Temp\VMBuilds\new_LMDZ\Arduino_STM32-master_genericSTM32F103C\Release\core.a(usb_core.c.o)
                0x08001d1c                Standard_SetEndPointFeature
 .text.Standard_SetDeviceFeature
                0x08001da0       0x24 C:\Users\Linxi\AppData\Local\Temp\VMBuilds\new_LMDZ\Arduino_STM32-master_genericSTM32F103C\Release\core.a(usb_core.c.o)
                0x08001da0                Standard_SetDeviceFeature
 .text.Standard_GetDescriptorData
                0x08001dc4       0x1c C:\Users\Linxi\AppData\Local\Temp\VMBuilds\new_LMDZ\Arduino_STM32-master_genericSTM32F103C\Release\core.a(usb_core.c.o)
                0x08001dc4                Standard_GetDescriptorData
 .text.Post0_Process
                0x08001de0       0x40 C:\Users\Linxi\AppData\Local\Temp\VMBuilds\new_LMDZ\Arduino_STM32-master_genericSTM32F103C\Release\core.a(usb_core.c.o)
                0x08001de0                Post0_Process
 .text.Setup0_Process
                0x08001e20      0x2d0 C:\Users\Linxi\AppData\Local\Temp\VMBuilds\new_LMDZ\Arduino_STM32-master_genericSTM32F103C\Release\core.a(usb_core.c.o)
                0x08001e20                Setup0_Process
 .text.Out0_Process
                0x080020f0       0xc8 C:\Users\Linxi\AppData\Local\Temp\VMBuilds\new_LMDZ\Arduino_STM32-master_genericSTM32F103C\Release\core.a(usb_core.c.o)
                0x080020f0                Out0_Process
 .text.SetDeviceAddress
                0x080021b8       0x38 C:\Users\Linxi\AppData\Local\Temp\VMBuilds\new_LMDZ\Arduino_STM32-master_genericSTM32F103C\Release\core.a(usb_core.c.o)
                0x080021b8                SetDeviceAddress
 .text.In0_Process
                0x080021f0       0x5c C:\Users\Linxi\AppData\Local\Temp\VMBuilds\new_LMDZ\Arduino_STM32-master_genericSTM32F103C\Release\core.a(usb_core.c.o)
                0x080021f0                In0_Process
 .text.NOP_Process
                0x0800224c        0x2 C:\Users\Linxi\AppData\Local\Temp\VMBuilds\new_LMDZ\Arduino_STM32-master_genericSTM32F103C\Release\core.a(usb_core.c.o)
                0x0800224c                NOP_Process
 .text.UserToPMABufferCopy
                0x0800224e       0x30 C:\Users\Linxi\AppData\Local\Temp\VMBuilds\new_LMDZ\Arduino_STM32-master_genericSTM32F103C\Release\core.a(usb_mem.c.o)
                0x0800224e                UserToPMABufferCopy
 .text.PMAToUserBufferCopy
                0x0800227e       0x24 C:\Users\Linxi\AppData\Local\Temp\VMBuilds\new_LMDZ\Arduino_STM32-master_genericSTM32F103C\Release\core.a(usb_mem.c.o)
                0x0800227e                PMAToUserBufferCopy
 .text.SetEPTxStatus
                0x080022a2       0x2a C:\Users\Linxi\AppData\Local\Temp\VMBuilds\new_LMDZ\Arduino_STM32-master_genericSTM32F103C\Release\core.a(usb_regs.c.o)
                0x080022a2                SetEPTxStatus
 .text.ClearDTOG_RX
                0x080022cc       0x20 C:\Users\Linxi\AppData\Local\Temp\VMBuilds\new_LMDZ\Arduino_STM32-master_genericSTM32F103C\Release\core.a(usb_regs.c.o)
                0x080022cc                ClearDTOG_RX
 .text.ClearDTOG_TX
                0x080022ec       0x20 C:\Users\Linxi\AppData\Local\Temp\VMBuilds\new_LMDZ\Arduino_STM32-master_genericSTM32F103C\Release\core.a(usb_regs.c.o)
                0x080022ec                ClearDTOG_TX
 .text.GetEPTxAddr
                0x0800230c       0x1c C:\Users\Linxi\AppData\Local\Temp\VMBuilds\new_LMDZ\Arduino_STM32-master_genericSTM32F103C\Release\core.a(usb_regs.c.o)
                0x0800230c                GetEPTxAddr
 .text.GetEPRxAddr
                0x08002328       0x1c C:\Users\Linxi\AppData\Local\Temp\VMBuilds\new_LMDZ\Arduino_STM32-master_genericSTM32F103C\Release\core.a(usb_regs.c.o)
                0x08002328                GetEPRxAddr
 .text.SetEPTxCount
                0x08002344       0x1c C:\Users\Linxi\AppData\Local\Temp\VMBuilds\new_LMDZ\Arduino_STM32-master_genericSTM32F103C\Release\core.a(usb_regs.c.o)
                0x08002344                SetEPTxCount
 .text.SetEPRxCount
                0x08002360       0x40 C:\Users\Linxi\AppData\Local\Temp\VMBuilds\new_LMDZ\Arduino_STM32-master_genericSTM32F103C\Release\core.a(usb_regs.c.o)
                0x08002360                SetEPRxCount
 .text.rb_full_count
                0x080023a0       0x22 C:\Users\Linxi\AppData\Local\Temp\VMBuilds\new_LMDZ\Arduino_STM32-master_genericSTM32F103C\Release\core.a(HardwareSerial.cpp.o)
 .text._ZN14HardwareSerial4readEv
                0x080023c2       0x3a C:\Users\Linxi\AppData\Local\Temp\VMBuilds\new_LMDZ\Arduino_STM32-master_genericSTM32F103C\Release\core.a(HardwareSerial.cpp.o)
                0x080023c2                HardwareSerial::read()
 .text._ZN14HardwareSerial9availableEv
                0x080023fc        0xc C:\Users\Linxi\AppData\Local\Temp\VMBuilds\new_LMDZ\Arduino_STM32-master_genericSTM32F103C\Release\core.a(HardwareSerial.cpp.o)
                0x080023fc                HardwareSerial::available()
 .text._ZN14HardwareSerial4peekEv
                0x08002408       0x22 C:\Users\Linxi\AppData\Local\Temp\VMBuilds\new_LMDZ\Arduino_STM32-master_genericSTM32F103C\Release\core.a(HardwareSerial.cpp.o)
                0x08002408                HardwareSerial::peek()
 .text._ZN14HardwareSerial5flushEv
                0x0800242a       0x1a C:\Users\Linxi\AppData\Local\Temp\VMBuilds\new_LMDZ\Arduino_STM32-master_genericSTM32F103C\Release\core.a(HardwareSerial.cpp.o)
                0x0800242a                HardwareSerial::flush()
 .text._ZN14HardwareSerial5writeEh
                0x08002444       0x1e C:\Users\Linxi\AppData\Local\Temp\VMBuilds\new_LMDZ\Arduino_STM32-master_genericSTM32F103C\Release\core.a(HardwareSerial.cpp.o)
                0x08002444                HardwareSerial::write(unsigned char)
 *fill*         0x08002462        0x2 
 .text._ZN14HardwareSerialC2EP9usart_devhh
                0x08002464       0x1c C:\Users\Linxi\AppData\Local\Temp\VMBuilds\new_LMDZ\Arduino_STM32-master_genericSTM32F103C\Release\core.a(HardwareSerial.cpp.o)
                0x08002464                HardwareSerial::HardwareSerial(usart_dev*, unsigned char, unsigned char)
                0x08002464                HardwareSerial::HardwareSerial(usart_dev*, unsigned char, unsigned char)
 .text._ZN14HardwareSerial5beginEmh
                0x08002480       0x78 C:\Users\Linxi\AppData\Local\Temp\VMBuilds\new_LMDZ\Arduino_STM32-master_genericSTM32F103C\Release\core.a(HardwareSerial.cpp.o)
                0x08002480                HardwareSerial::begin(unsigned long, unsigned char)
 .text._ZN14HardwareSerial5beginEm
                0x080024f8        0x6 C:\Users\Linxi\AppData\Local\Temp\VMBuilds\new_LMDZ\Arduino_STM32-master_genericSTM32F103C\Release\core.a(HardwareSerial.cpp.o)
                0x080024f8                HardwareSerial::begin(unsigned long)
 .text.startup._Z7premainv
                0x080024fe        0x4 C:\Users\Linxi\AppData\Local\Temp\VMBuilds\new_LMDZ\Arduino_STM32-master_genericSTM32F103C\Release\core.a(main.cpp.o)
                0x080024fe                premain()
 .text.startup.main
                0x08002502        0xc C:\Users\Linxi\AppData\Local\Temp\VMBuilds\new_LMDZ\Arduino_STM32-master_genericSTM32F103C\Release\core.a(main.cpp.o)
                0x08002502                main
 .text._ZN5Print5writeEPKvm
                0x0800250e       0x20 C:\Users\Linxi\AppData\Local\Temp\VMBuilds\new_LMDZ\Arduino_STM32-master_genericSTM32F103C\Release\core.a(Print.cpp.o)
                0x0800250e                Print::write(void const*, unsigned long)
 .text._ZN5Print5writeEPKc
                0x0800252e       0x1e C:\Users\Linxi\AppData\Local\Temp\VMBuilds\new_LMDZ\Arduino_STM32-master_genericSTM32F103C\Release\core.a(Print.cpp.o)
                0x0800252e                Print::write(char const*)
 .text._ZN5Print5printEc
                0x0800254c        0xa C:\Users\Linxi\AppData\Local\Temp\VMBuilds\new_LMDZ\Arduino_STM32-master_genericSTM32F103C\Release\core.a(Print.cpp.o)
                0x0800254c                Print::print(char)
 .text._ZN5Print5printEPKc
                0x08002556        0xa C:\Users\Linxi\AppData\Local\Temp\VMBuilds\new_LMDZ\Arduino_STM32-master_genericSTM32F103C\Release\core.a(Print.cpp.o)
                0x08002556                Print::print(char const*)
 .text._ZN5Print7printlnEv
                0x08002560       0x18 C:\Users\Linxi\AppData\Local\Temp\VMBuilds\new_LMDZ\Arduino_STM32-master_genericSTM32F103C\Release\core.a(Print.cpp.o)
                0x08002560                Print::println()
 .text._Z10analogReadh
                0x08002578       0x1c C:\Users\Linxi\AppData\Local\Temp\VMBuilds\new_LMDZ\Arduino_STM32-master_genericSTM32F103C\Release\core.a(wirish_analog.cpp.o)
                0x08002578                analogRead(unsigned char)
 .text._ZL6microsv
                0x08002594       0x34 C:\Users\Linxi\AppData\Local\Temp\VMBuilds\new_LMDZ\Arduino_STM32-master_genericSTM32F103C\Release\core.a(wirish_time.cpp.o)
 .text._Z5delaym
                0x080025c8       0x2a C:\Users\Linxi\AppData\Local\Temp\VMBuilds\new_LMDZ\Arduino_STM32-master_genericSTM32F103C\Release\core.a(wirish_time.cpp.o)
                0x080025c8                delay(unsigned long)
 *fill*         0x080025f2        0x2 
 .text._Z7pinModeh13WiringPinMode
                0x080025f4       0x84 C:\Users\Linxi\AppData\Local\Temp\VMBuilds\new_LMDZ\Arduino_STM32-master_genericSTM32F103C\Release\core.a(wirish_digital_f1.cpp.o)
                0x080025f4                pinMode(unsigned char, WiringPinMode)
 .text.__empty  0x08002678        0x2 C:\Users\Linxi\AppData\Local\Temp\VMBuilds\new_LMDZ\Arduino_STM32-master_genericSTM32F103C\Release\core.a(hooks.c.o)
                0x08002678                yield
 .text.gpio_init
                0x0800267a       0x14 C:\Users\Linxi\AppData\Local\Temp\VMBuilds\new_LMDZ\Arduino_STM32-master_genericSTM32F103C\Release\core.a(gpio.c.o)
                0x0800267a                gpio_init
 .text.i2c_start_condition
                0x0800268e       0x14 C:\Users\Linxi\AppData\Local\Temp\VMBuilds\new_LMDZ\Arduino_STM32-master_genericSTM32F103C\Release\core.a(i2c.c.o)
 .text.i2c_stop_condition
                0x080026a2       0x1c C:\Users\Linxi\AppData\Local\Temp\VMBuilds\new_LMDZ\Arduino_STM32-master_genericSTM32F103C\Release\core.a(i2c.c.o)
 *fill*         0x080026be        0x2 
 .text._i2c_irq_handler
                0x080026c0      0x16c C:\Users\Linxi\AppData\Local\Temp\VMBuilds\new_LMDZ\Arduino_STM32-master_genericSTM32F103C\Release\core.a(i2c.c.o)
                0x080026c0                _i2c_irq_handler
 .text._i2c_irq_error_handler
                0x0800282c       0x2a C:\Users\Linxi\AppData\Local\Temp\VMBuilds\new_LMDZ\Arduino_STM32-master_genericSTM32F103C\Release\core.a(i2c.c.o)
                0x0800282c                _i2c_irq_error_handler
 *fill*         0x08002856        0x2 
 .text.usart_init
                0x08002858       0x4c C:\Users\Linxi\AppData\Local\Temp\VMBuilds\new_LMDZ\Arduino_STM32-master_genericSTM32F103C\Release\core.a(usart.c.o)
                0x08002858                usart_init
 .text.usart_enable
                0x080028a4       0x14 C:\Users\Linxi\AppData\Local\Temp\VMBuilds\new_LMDZ\Arduino_STM32-master_genericSTM32F103C\Release\core.a(usart.c.o)
                0x080028a4                usart_enable
 .text.usart_tx
                0x080028b8       0x9c C:\Users\Linxi\AppData\Local\Temp\VMBuilds\new_LMDZ\Arduino_STM32-master_genericSTM32F103C\Release\core.a(usart.c.o)
                0x080028b8                usart_tx
 .text          0x08002954      0x370 c:/users/linxi/appdata/local/arduino15/packages/arduino/tools/arm-none-eabi-gcc/4.8.3-2014q1/bin/../lib/gcc/arm-none-eabi/4.8.3/armv7-m\libgcc.a(_arm_addsubdf3.o)
                0x08002954                __aeabi_drsub
                0x0800295c                __aeabi_dsub
                0x0800295c                __subdf3
                0x08002960                __aeabi_dadd
                0x08002960                __adddf3
                0x08002bd8                __floatunsidf
                0x08002bd8                __aeabi_ui2d
                0x08002bf8                __floatsidf
                0x08002bf8                __aeabi_i2d
                0x08002c1c                __aeabi_f2d
                0x08002c1c                __extendsfdf2
                0x08002c58                __floatundidf
                0x08002c58                __aeabi_ul2d
                0x08002c68                __floatdidf
                0x08002c68                __aeabi_l2d
 .text          0x08002cc4      0x424 c:/users/linxi/appdata/local/arduino15/packages/arduino/tools/arm-none-eabi-gcc/4.8.3-2014q1/bin/../lib/gcc/arm-none-eabi/4.8.3/armv7-m\libgcc.a(_arm_muldivdf3.o)
                0x08002cc4                __aeabi_dmul
                0x08002cc4                __muldf3
                0x08002f18                __divdf3
                0x08002f18                __aeabi_ddiv
 .text.exit     0x080030e8       0x20 c:/users/linxi/appdata/local/arduino15/packages/arduino/tools/arm-none-eabi-gcc/4.8.3-2014q1/bin/../lib/gcc/arm-none-eabi/4.8.3/../../../../arm-none-eabi/lib/armv7-m\libc.a(lib_a-exit.o)
                0x080030e8                exit
 .text.__libc_init_array
                0x08003108       0x50 c:/users/linxi/appdata/local/arduino15/packages/arduino/tools/arm-none-eabi-gcc/4.8.3-2014q1/bin/../lib/gcc/arm-none-eabi/4.8.3/../../../../arm-none-eabi/lib/armv7-m\libc.a(lib_a-init.o)
                0x08003108                __libc_init_array
 .text.memset   0x08003158       0x94 c:/users/linxi/appdata/local/arduino15/packages/arduino/tools/arm-none-eabi-gcc/4.8.3-2014q1/bin/../lib/gcc/arm-none-eabi/4.8.3/../../../../arm-none-eabi/lib/armv7-m\libc.a(lib_a-memset.o)
                0x08003158                memset
 .text.strlen   0x080031ec       0x60 c:/users/linxi/appdata/local/arduino15/packages/arduino/tools/arm-none-eabi-gcc/4.8.3-2014q1/bin/../lib/gcc/arm-none-eabi/4.8.3/../../../../arm-none-eabi/lib/armv7-m\libc.a(lib_a-strlen.o)
                0x080031ec                strlen
 .text.startup.register_fini
                0x0800324c       0x14 c:/users/linxi/appdata/local/arduino15/packages/arduino/tools/arm-none-eabi-gcc/4.8.3-2014q1/bin/../lib/gcc/arm-none-eabi/4.8.3/../../../../arm-none-eabi/lib/armv7-m\libc.a(lib_a-__call_atexit.o)
 .text.__call_exitprocs
                0x08003260       0xf0 c:/users/linxi/appdata/local/arduino15/packages/arduino/tools/arm-none-eabi-gcc/4.8.3-2014q1/bin/../lib/gcc/arm-none-eabi/4.8.3/../../../../arm-none-eabi/lib/armv7-m\libc.a(lib_a-__call_atexit.o)
                0x08003260                __call_exitprocs
 .text.atexit   0x08003350        0xc c:/users/linxi/appdata/local/arduino15/packages/arduino/tools/arm-none-eabi-gcc/4.8.3-2014q1/bin/../lib/gcc/arm-none-eabi/4.8.3/../../../../arm-none-eabi/lib/armv7-m\libc.a(lib_a-atexit.o)
                0x08003350                atexit
 .text.__libc_fini_array
                0x0800335c       0x30 c:/users/linxi/appdata/local/arduino15/packages/arduino/tools/arm-none-eabi-gcc/4.8.3-2014q1/bin/../lib/gcc/arm-none-eabi/4.8.3/../../../../arm-none-eabi/lib/armv7-m\libc.a(lib_a-fini.o)
                0x0800335c                __libc_fini_array
 .text.__register_exitproc
                0x0800338c       0xa8 c:/users/linxi/appdata/local/arduino15/packages/arduino/tools/arm-none-eabi-gcc/4.8.3-2014q1/bin/../lib/gcc/arm-none-eabi/4.8.3/../../../../arm-none-eabi/lib/armv7-m\libc.a(lib_a-__atexit.o)
                0x0800338c                __register_exitproc
 *(.plt)
 *(.gnu.warning)
 *(.glue_7t)
 .glue_7t       0x00000000        0x0 linker stubs
 *(.glue_7)
 .glue_7        0x00000000        0x0 linker stubs
 *(.vfp11_veneer)
 .vfp11_veneer  0x00000000        0x0 linker stubs
 *(.ARM.extab* .gnu.linkonce.armextab.*)
 *(.gcc_except_table)
 *(.eh_frame_hdr)
 *(.eh_frame)
 .eh_frame      0x08003434        0x0 c:/users/linxi/appdata/local/arduino15/packages/arduino/tools/arm-none-eabi-gcc/4.8.3-2014q1/bin/../lib/gcc/arm-none-eabi/4.8.3/armv7-m/crtbegin.o
                0x08003434                . = ALIGN (0x4)
 *(.init)
 .init          0x08003434        0x4 c:/users/linxi/appdata/local/arduino15/packages/arduino/tools/arm-none-eabi-gcc/4.8.3-2014q1/bin/../lib/gcc/arm-none-eabi/4.8.3/armv7-m/crti.o
                0x08003434                _init
 .init          0x08003438        0x8 c:/users/linxi/appdata/local/arduino15/packages/arduino/tools/arm-none-eabi-gcc/4.8.3-2014q1/bin/../lib/gcc/arm-none-eabi/4.8.3/armv7-m/crtn.o
                0x08003440                . = ALIGN (0x4)
                0x08003440                __preinit_array_start = .
 *(.preinit_array)
                0x08003440                __preinit_array_end = .
                0x08003440                . = ALIGN (0x4)
                0x08003440                __init_array_start = .
 *(SORT(.init_array.*))
 .init_array.00000
                0x08003440        0x4 c:/users/linxi/appdata/local/arduino15/packages/arduino/tools/arm-none-eabi-gcc/4.8.3-2014q1/bin/../lib/gcc/arm-none-eabi/4.8.3/../../../../arm-none-eabi/lib/armv7-m\libc.a(lib_a-__call_atexit.o)
 .init_array.00101
                0x08003444        0x4 C:\Users\Linxi\AppData\Local\Temp\VMBuilds\new_LMDZ\Arduino_STM32-master_genericSTM32F103C\Release\core.a(main.cpp.o)
 *(.init_array)
 .init_array    0x08003448        0x4 c:/users/linxi/appdata/local/arduino15/packages/arduino/tools/arm-none-eabi-gcc/4.8.3-2014q1/bin/../lib/gcc/arm-none-eabi/4.8.3/armv7-m/crtbegin.o
 .init_array    0x0800344c        0x4 new_LMDZ.cpp.o
 .init_array    0x08003450        0x4 C:\Users\Linxi\AppData\Local\Temp\VMBCore\arduino16x\5b2ae7263f6ca0060cc0925c34dc0d3c\variant\board.cpp.o
                0x08003454                __init_array_end = .
                0x08003454                . = ALIGN (0x4)
 *crtbegin.o(.ctors)
 *(EXCLUDE_FILE(*crtend.o) .ctors)
 *(SORT(.ctors.*))
 *crtend.o(.ctors)
                0x08003454                . = ALIGN (0x4)
 *(.fini)
 .fini          0x08003454        0x4 c:/users/linxi/appdata/local/arduino15/packages/arduino/tools/arm-none-eabi-gcc/4.8.3-2014q1/bin/../lib/gcc/arm-none-eabi/4.8.3/armv7-m/crti.o
                0x08003454                _fini
 .fini          0x08003458        0x8 c:/users/linxi/appdata/local/arduino15/packages/arduino/tools/arm-none-eabi-gcc/4.8.3-2014q1/bin/../lib/gcc/arm-none-eabi/4.8.3/armv7-m/crtn.o
                0x08003460                . = ALIGN (0x4)
                0x08003460                __fini_array_start = .
 *(.fini_array)
 .fini_array    0x08003460        0x4 c:/users/linxi/appdata/local/arduino15/packages/arduino/tools/arm-none-eabi-gcc/4.8.3-2014q1/bin/../lib/gcc/arm-none-eabi/4.8.3/armv7-m/crtbegin.o
 *(SORT(.fini_array.*))
                0x08003464                __fini_array_end = .
 *crtbegin.o(.dtors)
 *(EXCLUDE_FILE(*crtend.o) .dtors)
 *(SORT(.dtors.*))
 *crtend.o(.dtors)

.v4_bx          0x08003464        0x0
 .v4_bx         0x00000000        0x0 linker stubs

.iplt           0x08003464        0x0
 .iplt          0x00000000        0x0 c:/users/linxi/appdata/local/arduino15/packages/arduino/tools/arm-none-eabi-gcc/4.8.3-2014q1/bin/../lib/gcc/arm-none-eabi/4.8.3/armv7-m/crtbegin.o

.text.align     0x08003464        0x4
                0x08003468                . = ALIGN (0x8)
 *fill*         0x08003464        0x4 
                0x08003468                __text_end__ = .
                0x08003468                __exidx_start = .

.ARM.exidx      0x08003468        0x8
 *(.ARM.exidx* .gnu.linkonce.armexidx.*)
 .ARM.exidx     0x08003468        0x8 C:\Users\Linxi\AppData\Local\Temp\VMBCore\arduino16x\5b2ae7263f6ca0060cc0925c34dc0d3c\variant\start.S.o
                0x08003470                __exidx_end = .

.data           0x20000000      0xeb0 load address 0x08003470
                0x20000000                __data_start__ = .
                0x20000000        0x4 LONG 0x0
                0x20000008                . = ALIGN (0x8)
 *fill*         0x20000004        0x4 
 *(.got.plt)
 *(.got)
 *(.data .data.* .gnu.linkonce.d.*)
 .data.sensor1  0x20000008      0x350 new_LMDZ.cpp.o
                0x20000008                sensor1
 .data.sensor2  0x20000358      0x350 new_LMDZ.cpp.o
                0x20000358                sensor2
 .data.length   0x200006a8        0x4 new_LMDZ.cpp.o
                0x200006a8                length
 .data._ZN6wirish4privL8pll_dataE
                0x200006ac        0x4 C:\Users\Linxi\AppData\Local\Temp\VMBCore\arduino16x\5b2ae7263f6ca0060cc0925c34dc0d3c\variant\boards_setup.cpp.o
 .data._ZN6wirish4priv9w_adc_smpE
                0x200006b0        0x1 C:\Users\Linxi\AppData\Local\Temp\VMBCore\arduino16x\5b2ae7263f6ca0060cc0925c34dc0d3c\variant\boards_setup.cpp.o
                0x200006b0                wirish::priv::w_adc_smp
 *fill*         0x200006b1        0x1 
 .data._ZN6wirish4priv9w_adc_preE
                0x200006b2        0x2 C:\Users\Linxi\AppData\Local\Temp\VMBCore\arduino16x\5b2ae7263f6ca0060cc0925c34dc0d3c\variant\boards_setup.cpp.o
                0x200006b2                wirish::priv::w_adc_pre
 .data._ZN6wirish4priv15w_board_pll_cfgE
                0x200006b4        0x8 C:\Users\Linxi\AppData\Local\Temp\VMBCore\arduino16x\5b2ae7263f6ca0060cc0925c34dc0d3c\variant\boards_setup.cpp.o
                0x200006b4                wirish::priv::w_board_pll_cfg
 .data.adc2     0x200006bc        0x8 C:\Users\Linxi\AppData\Local\Temp\VMBuilds\new_LMDZ\Arduino_STM32-master_genericSTM32F103C\Release\core.a(adc_f1.c.o)
                0x200006bc                adc2
 .data.adc1     0x200006c4       0x18 C:\Users\Linxi\AppData\Local\Temp\VMBuilds\new_LMDZ\Arduino_STM32-master_genericSTM32F103C\Release\core.a(adc_f1.c.o)
                0x200006c4                adc1
 .data.ADC2     0x200006dc        0x4 C:\Users\Linxi\AppData\Local\Temp\VMBuilds\new_LMDZ\Arduino_STM32-master_genericSTM32F103C\Release\core.a(adc_f1.c.o)
                0x200006dc                ADC2
 .data.ADC1     0x200006e0        0x4 C:\Users\Linxi\AppData\Local\Temp\VMBuilds\new_LMDZ\Arduino_STM32-master_genericSTM32F103C\Release\core.a(adc_f1.c.o)
                0x200006e0                ADC1
 .data.dma1     0x200006e4       0x40 C:\Users\Linxi\AppData\Local\Temp\VMBuilds\new_LMDZ\Arduino_STM32-master_genericSTM32F103C\Release\core.a(dma_f1.c.o)
 .data.DMA1     0x20000724        0x4 C:\Users\Linxi\AppData\Local\Temp\VMBuilds\new_LMDZ\Arduino_STM32-master_genericSTM32F103C\Release\core.a(dma_f1.c.o)
                0x20000724                DMA1
 .data.gpioa    0x20000728        0x8 C:\Users\Linxi\AppData\Local\Temp\VMBuilds\new_LMDZ\Arduino_STM32-master_genericSTM32F103C\Release\core.a(gpio_f1.c.o)
                0x20000728                gpioa
 .data.gpiob    0x20000730        0x8 C:\Users\Linxi\AppData\Local\Temp\VMBuilds\new_LMDZ\Arduino_STM32-master_genericSTM32F103C\Release\core.a(gpio_f1.c.o)
                0x20000730                gpiob
 .data.gpioc    0x20000738        0x8 C:\Users\Linxi\AppData\Local\Temp\VMBuilds\new_LMDZ\Arduino_STM32-master_genericSTM32F103C\Release\core.a(gpio_f1.c.o)
                0x20000738                gpioc
 .data.gpiod    0x20000740        0x8 C:\Users\Linxi\AppData\Local\Temp\VMBuilds\new_LMDZ\Arduino_STM32-master_genericSTM32F103C\Release\core.a(gpio_f1.c.o)
                0x20000740                gpiod
 .data.i2c1     0x20000748       0x24 C:\Users\Linxi\AppData\Local\Temp\VMBuilds\new_LMDZ\Arduino_STM32-master_genericSTM32F103C\Release\core.a(i2c_f1.c.o)
 .data.i2c2     0x2000076c       0x24 C:\Users\Linxi\AppData\Local\Temp\VMBuilds\new_LMDZ\Arduino_STM32-master_genericSTM32F103C\Release\core.a(i2c_f1.c.o)
 .data.enable_regs.4411
                0x20000790        0xc C:\Users\Linxi\AppData\Local\Temp\VMBuilds\new_LMDZ\Arduino_STM32-master_genericSTM32F103C\Release\core.a(rcc_f1.c.o)
 .data.reset_regs.4415
                0x2000079c        0x8 C:\Users\Linxi\AppData\Local\Temp\VMBuilds\new_LMDZ\Arduino_STM32-master_genericSTM32F103C\Release\core.a(rcc_f1.c.o)
 .data.enable_regs.4424
                0x200007a4        0xc C:\Users\Linxi\AppData\Local\Temp\VMBuilds\new_LMDZ\Arduino_STM32-master_genericSTM32F103C\Release\core.a(rcc_f1.c.o)
 .data.timer3   0x200007b0       0x24 C:\Users\Linxi\AppData\Local\Temp\VMBuilds\new_LMDZ\Arduino_STM32-master_genericSTM32F103C\Release\core.a(timer.c.o)
                0x200007b0                timer3
 .data.timer4   0x200007d4       0x24 C:\Users\Linxi\AppData\Local\Temp\VMBuilds\new_LMDZ\Arduino_STM32-master_genericSTM32F103C\Release\core.a(timer.c.o)
                0x200007d4                timer4
 .data.timer1   0x200007f8       0x28 C:\Users\Linxi\AppData\Local\Temp\VMBuilds\new_LMDZ\Arduino_STM32-master_genericSTM32F103C\Release\core.a(timer.c.o)
                0x200007f8                timer1
 .data.timer2   0x20000820       0x24 C:\Users\Linxi\AppData\Local\Temp\VMBuilds\new_LMDZ\Arduino_STM32-master_genericSTM32F103C\Release\core.a(timer.c.o)
                0x20000820                timer2
 .data.USART1   0x20000844        0x4 C:\Users\Linxi\AppData\Local\Temp\VMBuilds\new_LMDZ\Arduino_STM32-master_genericSTM32F103C\Release\core.a(usart_f1.c.o)
                0x20000844                USART1
 .data.USART2   0x20000848        0x4 C:\Users\Linxi\AppData\Local\Temp\VMBuilds\new_LMDZ\Arduino_STM32-master_genericSTM32F103C\Release\core.a(usart_f1.c.o)
                0x20000848                USART2
 .data.USART3   0x2000084c        0x4 C:\Users\Linxi\AppData\Local\Temp\VMBuilds\new_LMDZ\Arduino_STM32-master_genericSTM32F103C\Release\core.a(usart_f1.c.o)
                0x2000084c                USART3
 .data.usart1   0x20000850       0x94 C:\Users\Linxi\AppData\Local\Temp\VMBuilds\new_LMDZ\Arduino_STM32-master_genericSTM32F103C\Release\core.a(usart_f1.c.o)
 .data.usart2   0x200008e4       0x94 C:\Users\Linxi\AppData\Local\Temp\VMBuilds\new_LMDZ\Arduino_STM32-master_genericSTM32F103C\Release\core.a(usart_f1.c.o)
 .data.usart3   0x20000978       0x94 C:\Users\Linxi\AppData\Local\Temp\VMBuilds\new_LMDZ\Arduino_STM32-master_genericSTM32F103C\Release\core.a(usart_f1.c.o)
 .data.USBLIB   0x20000a0c        0x4 C:\Users\Linxi\AppData\Local\Temp\VMBuilds\new_LMDZ\Arduino_STM32-master_genericSTM32F103C\Release\core.a(usb.c.o)
                0x20000a0c                USBLIB
 .data.usblib   0x20000a10       0x10 C:\Users\Linxi\AppData\Local\Temp\VMBuilds\new_LMDZ\Arduino_STM32-master_genericSTM32F103C\Release\core.a(usb.c.o)
 .data.Config_Descriptor
                0x20000a20        0x8 C:\Users\Linxi\AppData\Local\Temp\VMBuilds\new_LMDZ\Arduino_STM32-master_genericSTM32F103C\Release\core.a(usb_cdcacm.c.o)
 .data.Device_Property
                0x20000a28       0x30 C:\Users\Linxi\AppData\Local\Temp\VMBuilds\new_LMDZ\Arduino_STM32-master_genericSTM32F103C\Release\core.a(usb_cdcacm.c.o)
                0x20000a28                Device_Property
 .data.String_Descriptor
                0x20000a58       0x18 C:\Users\Linxi\AppData\Local\Temp\VMBuilds\new_LMDZ\Arduino_STM32-master_genericSTM32F103C\Release\core.a(usb_cdcacm.c.o)
 .data.line_coding
                0x20000a70        0x7 C:\Users\Linxi\AppData\Local\Temp\VMBuilds\new_LMDZ\Arduino_STM32-master_genericSTM32F103C\Release\core.a(usb_cdcacm.c.o)
 *fill*         0x20000a77        0x1 
 .data.Device_Descriptor
                0x20000a78        0x8 C:\Users\Linxi\AppData\Local\Temp\VMBuilds\new_LMDZ\Arduino_STM32-master_genericSTM32F103C\Release\core.a(usb_cdcacm.c.o)
 .data.Device_Table
                0x20000a80        0x2 C:\Users\Linxi\AppData\Local\Temp\VMBuilds\new_LMDZ\Arduino_STM32-master_genericSTM32F103C\Release\core.a(usb_cdcacm.c.o)
                0x20000a80                Device_Table
 *fill*         0x20000a82        0x6 
 .data.impure_data
                0x20000a88      0x428 c:/users/linxi/appdata/local/arduino15/packages/arduino/tools/arm-none-eabi-gcc/4.8.3-2014q1/bin/../lib/gcc/arm-none-eabi/4.8.3/../../../../arm-none-eabi/lib/armv7-m\libc.a(lib_a-impure.o)
                0x20000eb0                . = ALIGN (0x8)
                0x20000eb0                __data_end__ = .

.jcr            0x20000eb0        0x0 load address 0x08004320
 .jcr           0x20000eb0        0x0 c:/users/linxi/appdata/local/arduino15/packages/arduino/tools/arm-none-eabi-gcc/4.8.3-2014q1/bin/../lib/gcc/arm-none-eabi/4.8.3/armv7-m/crtbegin.o

.igot.plt       0x20000eb0        0x0 load address 0x08004320
 .igot.plt      0x00000000        0x0 c:/users/linxi/appdata/local/arduino15/packages/arduino/tools/arm-none-eabi-gcc/4.8.3-2014q1/bin/../lib/gcc/arm-none-eabi/4.8.3/armv7-m/crtbegin.o

.rodata         0x08004320      0x354
 *(.rodata .rodata.* .gnu.linkonce.r.*)
 .rodata.str1.1
                0x08004320        0x2 draw_cmp.cpp.o
 *fill*         0x08004322        0x2 
 .rodata.PIN_MAP
                0x08004324      0x230 C:\Users\Linxi\AppData\Local\Temp\VMBCore\arduino16x\5b2ae7263f6ca0060cc0925c34dc0d3c\variant\board.cpp.o
                0x08004324                PIN_MAP
 .rodata.GPIOC  0x08004554        0x4 C:\Users\Linxi\AppData\Local\Temp\VMBuilds\new_LMDZ\Arduino_STM32-master_genericSTM32F103C\Release\core.a(gpio_f1.c.o)
                0x08004554                GPIOC
 .rodata.rcc_dev_table
                0x08004558       0x5c C:\Users\Linxi\AppData\Local\Temp\VMBuilds\new_LMDZ\Arduino_STM32-master_genericSTM32F103C\Release\core.a(rcc_f1.c.o)
                0x08004558                rcc_dev_table
 .rodata.masks.4420
                0x080045b4       0x14 C:\Users\Linxi\AppData\Local\Temp\VMBuilds\new_LMDZ\Arduino_STM32-master_genericSTM32F103C\Release\core.a(rcc_f1.c.o)
 .rodata.usbVcomDescriptor_iProduct
                0x080045c8        0xc C:\Users\Linxi\AppData\Local\Temp\VMBuilds\new_LMDZ\Arduino_STM32-master_genericSTM32F103C\Release\core.a(usb_cdcacm.c.o)
 .rodata.usbVcomDescriptor_iManufacturer
                0x080045d4       0x12 C:\Users\Linxi\AppData\Local\Temp\VMBuilds\new_LMDZ\Arduino_STM32-master_genericSTM32F103C\Release\core.a(usb_cdcacm.c.o)
 .rodata.usbVcomDescriptor_Device
                0x080045e6       0x12 C:\Users\Linxi\AppData\Local\Temp\VMBuilds\new_LMDZ\Arduino_STM32-master_genericSTM32F103C\Release\core.a(usb_cdcacm.c.o)
 .rodata.usbVcomDescriptor_Config
                0x080045f8       0x43 C:\Users\Linxi\AppData\Local\Temp\VMBuilds\new_LMDZ\Arduino_STM32-master_genericSTM32F103C\Release\core.a(usb_cdcacm.c.o)
 .rodata.usbVcomDescriptor_LangID
                0x0800463b        0x4 C:\Users\Linxi\AppData\Local\Temp\VMBuilds\new_LMDZ\Arduino_STM32-master_genericSTM32F103C\Release\core.a(usb_cdcacm.c.o)
 *fill*         0x0800463f        0x1 
 .rodata._ZTV14HardwareSerial
                0x08004640       0x28 C:\Users\Linxi\AppData\Local\Temp\VMBuilds\new_LMDZ\Arduino_STM32-master_genericSTM32F103C\Release\core.a(HardwareSerial.cpp.o)
                0x08004640                vtable for HardwareSerial
 .rodata.str1.4
                0x08004668        0x4 c:/users/linxi/appdata/local/arduino15/packages/arduino/tools/arm-none-eabi-gcc/4.8.3-2014q1/bin/../lib/gcc/arm-none-eabi/4.8.3/../../../../arm-none-eabi/lib/armv7-m\libc.a(lib_a-impure.o)
 .rodata._global_impure_ptr
                0x0800466c        0x4 c:/users/linxi/appdata/local/arduino15/packages/arduino/tools/arm-none-eabi-gcc/4.8.3-2014q1/bin/../lib/gcc/arm-none-eabi/4.8.3/../../../../arm-none-eabi/lib/armv7-m\libc.a(lib_a-impure.o)
                0x0800466c                _global_impure_ptr
 *(.USER_FLASH)
                0x08004670                . = ALIGN (0x4)
                0x08004670                _lm_rom_img_cfgp = .
                0x08004670        0x4 LONG 0x8003470 LOADADDR (.data)
                0x20001048                _lm_heap_start = DEFINED (_lm_heap_start)?_lm_heap_start:_end
                0x20005000                _lm_heap_end = DEFINED (_lm_heap_end)?_lm_heap_end:__msp_init

.rel.dyn        0x08004674        0x0
 .rel.iplt      0x00000000        0x0 c:/users/linxi/appdata/local/arduino15/packages/arduino/tools/arm-none-eabi-gcc/4.8.3-2014q1/bin/../lib/gcc/arm-none-eabi/4.8.3/armv7-m/crtbegin.o

.bss            0x20000eb0      0x198
                0x20000eb0                . = ALIGN (0x8)
                0x20000eb0                __bss_start__ = .
 *(.bss .bss.* .gnu.linkonce.b.*)
 .bss           0x20000eb0       0x1c c:/users/linxi/appdata/local/arduino15/packages/arduino/tools/arm-none-eabi-gcc/4.8.3-2014q1/bin/../lib/gcc/arm-none-eabi/4.8.3/armv7-m/crtbegin.o
 .bss.Delay     0x20000ecc        0x4 new_LMDZ.cpp.o
                0x20000ecc                Delay
 .bss.Serial    0x20000ed0       0x18 C:\Users\Linxi\AppData\Local\Temp\VMBCore\arduino16x\5b2ae7263f6ca0060cc0925c34dc0d3c\variant\board.cpp.o
                0x20000ed0                Serial
 .bss.Serial1   0x20000ee8       0x18 C:\Users\Linxi\AppData\Local\Temp\VMBCore\arduino16x\5b2ae7263f6ca0060cc0925c34dc0d3c\variant\board.cpp.o
                0x20000ee8                Serial1
 .bss.Serial2   0x20000f00       0x18 C:\Users\Linxi\AppData\Local\Temp\VMBCore\arduino16x\5b2ae7263f6ca0060cc0925c34dc0d3c\variant\board.cpp.o
                0x20000f00                Serial2
 .bss.exti_channels
                0x20000f18       0x80 C:\Users\Linxi\AppData\Local\Temp\VMBuilds\new_LMDZ\Arduino_STM32-master_genericSTM32F103C\Release\core.a(exti.c.o)
 .bss.systick_user_callback
                0x20000f98        0x4 C:\Users\Linxi\AppData\Local\Temp\VMBuilds\new_LMDZ\Arduino_STM32-master_genericSTM32F103C\Release\core.a(systick.c.o)
 .bss.usart1_wb
                0x20000f9c        0xc C:\Users\Linxi\AppData\Local\Temp\VMBuilds\new_LMDZ\Arduino_STM32-master_genericSTM32F103C\Release\core.a(usart_f1.c.o)
 .bss.usart1_rb
                0x20000fa8        0xc C:\Users\Linxi\AppData\Local\Temp\VMBuilds\new_LMDZ\Arduino_STM32-master_genericSTM32F103C\Release\core.a(usart_f1.c.o)
 .bss.usart2_rb
                0x20000fb4        0xc C:\Users\Linxi\AppData\Local\Temp\VMBuilds\new_LMDZ\Arduino_STM32-master_genericSTM32F103C\Release\core.a(usart_f1.c.o)
 .bss.usart3_rb
                0x20000fc0        0xc C:\Users\Linxi\AppData\Local\Temp\VMBuilds\new_LMDZ\Arduino_STM32-master_genericSTM32F103C\Release\core.a(usart_f1.c.o)
 .bss.usart2_wb
                0x20000fcc        0xc C:\Users\Linxi\AppData\Local\Temp\VMBuilds\new_LMDZ\Arduino_STM32-master_genericSTM32F103C\Release\core.a(usart_f1.c.o)
 .bss.usart3_wb
                0x20000fd8        0xc C:\Users\Linxi\AppData\Local\Temp\VMBuilds\new_LMDZ\Arduino_STM32-master_genericSTM32F103C\Release\core.a(usart_f1.c.o)
 .bss.line_dtr_rts
                0x20000fe4        0x1 C:\Users\Linxi\AppData\Local\Temp\VMBuilds\new_LMDZ\Arduino_STM32-master_genericSTM32F103C\Release\core.a(usb_cdcacm.c.o)
 *fill*         0x20000fe5        0x3 
 .bss.tx_head   0x20000fe8        0x4 C:\Users\Linxi\AppData\Local\Temp\VMBuilds\new_LMDZ\Arduino_STM32-master_genericSTM32F103C\Release\core.a(usb_cdcacm.c.o)
 .bss.transmitting
                0x20000fec        0x1 C:\Users\Linxi\AppData\Local\Temp\VMBuilds\new_LMDZ\Arduino_STM32-master_genericSTM32F103C\Release\core.a(usb_cdcacm.c.o)
 *fill*         0x20000fed        0x3 
 .bss.rx_tail   0x20000ff0        0x4 C:\Users\Linxi\AppData\Local\Temp\VMBuilds\new_LMDZ\Arduino_STM32-master_genericSTM32F103C\Release\core.a(usb_cdcacm.c.o)
 .bss.iface_setup_hook
                0x20000ff4        0x4 C:\Users\Linxi\AppData\Local\Temp\VMBuilds\new_LMDZ\Arduino_STM32-master_genericSTM32F103C\Release\core.a(usb_cdcacm.c.o)
 .bss.rx_head   0x20000ff8        0x4 C:\Users\Linxi\AppData\Local\Temp\VMBuilds\new_LMDZ\Arduino_STM32-master_genericSTM32F103C\Release\core.a(usb_cdcacm.c.o)
 .bss.tx_tail   0x20000ffc        0x4 C:\Users\Linxi\AppData\Local\Temp\VMBuilds\new_LMDZ\Arduino_STM32-master_genericSTM32F103C\Release\core.a(usb_cdcacm.c.o)
 .bss.Data_Mul_MaxPacketSize
                0x20001000        0x1 C:\Users\Linxi\AppData\Local\Temp\VMBuilds\new_LMDZ\Arduino_STM32-master_genericSTM32F103C\Release\core.a(usb_core.c.o)
                0x20001000                Data_Mul_MaxPacketSize
 *(COMMON)
 *fill*         0x20001001        0x3 
 COMMON         0x20001004        0x4 C:\Users\Linxi\AppData\Local\Temp\VMBuilds\new_LMDZ\Arduino_STM32-master_genericSTM32F103C\Release\core.a(systick.c.o)
                0x20001004                systick_uptime_millis
 COMMON         0x20001008        0x6 C:\Users\Linxi\AppData\Local\Temp\VMBuilds\new_LMDZ\Arduino_STM32-master_genericSTM32F103C\Release\core.a(usb.c.o)
                0x20001008                SaveRState
                0x2000100a                SaveTState
                0x2000100c                ResumeS
 COMMON         0x2000100e        0x2 C:\Users\Linxi\AppData\Local\Temp\VMBuilds\new_LMDZ\Arduino_STM32-master_genericSTM32F103C\Release\core.a(usb_core.c.o)
                0x2000100e                StatusInfo
 COMMON         0x20001010       0x32 C:\Users\Linxi\AppData\Local\Temp\VMBuilds\new_LMDZ\Arduino_STM32-master_genericSTM32F103C\Release\core.a(usb_init.c.o)
                0x20001010                SaveState
                0x20001014                pProperty
                0x20001018                EPindex
                0x2000101c                Device_Info
                0x20001038                pUser_Standard_Requests
                0x2000103c                pInformation
                0x20001040                wInterrupt_Mask
                0x20001048                . = ALIGN (0x8)
 *fill*         0x20001042        0x6 
                0x20001048                __bss_end__ = .
                0x20001048                _end = __bss_end__

.stab
 *(.stab)

.stabstr
 *(.stabstr)

.debug
 *(.debug)

.line
 *(.line)

.debug_srcinfo
 *(.debug_srcinfo)

.debug_sfnames
 *(.debug_sfnames)

.debug_aranges  0x00000000      0xfb0
 *(.debug_aranges)
 .debug_aranges
                0x00000000       0x30 new_LMDZ.cpp.o
 .debug_aranges
                0x00000030       0x28 aveRage.cpp.o
 .debug_aranges
                0x00000058       0x28 cmpValues.cpp.o
 .debug_aranges
                0x00000080       0x28 draw_cmp.cpp.o
 .debug_aranges
                0x000000a8       0x28 draw_get.cpp.o
 .debug_aranges
                0x000000d0       0x20 getValue.cpp.o
 .debug_aranges
                0x000000f0       0x30 quartileDeviation.cpp.o
 .debug_aranges
                0x00000120       0x28 rearrange.cpp.o
 .debug_aranges
                0x00000148       0x30 valuesPrint.cpp.o
 .debug_aranges
                0x00000178       0x28 C:\Users\Linxi\AppData\Local\Temp\VMBCore\arduino16x\5b2ae7263f6ca0060cc0925c34dc0d3c\variant\board.cpp.o
 .debug_aranges
                0x000001a0       0x40 C:\Users\Linxi\AppData\Local\Temp\VMBCore\arduino16x\5b2ae7263f6ca0060cc0925c34dc0d3c\variant\boards.cpp.o
 .debug_aranges
                0x000001e0       0x40 C:\Users\Linxi\AppData\Local\Temp\VMBCore\arduino16x\5b2ae7263f6ca0060cc0925c34dc0d3c\variant\boards_setup.cpp.o
 .debug_aranges
                0x00000220       0x20 C:\Users\Linxi\AppData\Local\Temp\VMBCore\arduino16x\5b2ae7263f6ca0060cc0925c34dc0d3c\variant\start.S.o
 .debug_aranges
                0x00000240       0x20 C:\Users\Linxi\AppData\Local\Temp\VMBCore\arduino16x\5b2ae7263f6ca0060cc0925c34dc0d3c\variant\start_c.c.o
 .debug_aranges
                0x00000260       0x88 C:\Users\Linxi\AppData\Local\Temp\VMBCore\arduino16x\5b2ae7263f6ca0060cc0925c34dc0d3c\variant\syscalls.c.o
 .debug_aranges
                0x000002e8       0x20 C:\Users\Linxi\AppData\Local\Temp\VMBuilds\new_LMDZ\Arduino_STM32-master_genericSTM32F103C\Release\core.a(exc.S.o)
 .debug_aranges
                0x00000308       0x20 C:\Users\Linxi\AppData\Local\Temp\VMBuilds\new_LMDZ\Arduino_STM32-master_genericSTM32F103C\Release\core.a(isrs.S.o)
 .debug_aranges
                0x00000328       0x38 C:\Users\Linxi\AppData\Local\Temp\VMBuilds\new_LMDZ\Arduino_STM32-master_genericSTM32F103C\Release\core.a(adc.c.o)
 .debug_aranges
                0x00000360       0x58 C:\Users\Linxi\AppData\Local\Temp\VMBuilds\new_LMDZ\Arduino_STM32-master_genericSTM32F103C\Release\core.a(adc_f1.c.o)
 .debug_aranges
                0x000003b8       0xa8 C:\Users\Linxi\AppData\Local\Temp\VMBuilds\new_LMDZ\Arduino_STM32-master_genericSTM32F103C\Release\core.a(dma_f1.c.o)
 .debug_aranges
                0x00000460       0x70 C:\Users\Linxi\AppData\Local\Temp\VMBuilds\new_LMDZ\Arduino_STM32-master_genericSTM32F103C\Release\core.a(exti.c.o)
 .debug_aranges
                0x000004d0       0x20 C:\Users\Linxi\AppData\Local\Temp\VMBuilds\new_LMDZ\Arduino_STM32-master_genericSTM32F103C\Release\core.a(exti_f1.c.o)
 .debug_aranges
                0x000004f0       0x20 C:\Users\Linxi\AppData\Local\Temp\VMBuilds\new_LMDZ\Arduino_STM32-master_genericSTM32F103C\Release\core.a(flash.c.o)
 .debug_aranges
                0x00000510       0x40 C:\Users\Linxi\AppData\Local\Temp\VMBuilds\new_LMDZ\Arduino_STM32-master_genericSTM32F103C\Release\core.a(gpio_f1.c.o)
 .debug_aranges
                0x00000550       0x50 C:\Users\Linxi\AppData\Local\Temp\VMBuilds\new_LMDZ\Arduino_STM32-master_genericSTM32F103C\Release\core.a(i2c_f1.c.o)
 .debug_aranges
                0x000005a0       0x38 C:\Users\Linxi\AppData\Local\Temp\VMBuilds\new_LMDZ\Arduino_STM32-master_genericSTM32F103C\Release\core.a(nvic.c.o)
 .debug_aranges
                0x000005d8       0x48 C:\Users\Linxi\AppData\Local\Temp\VMBuilds\new_LMDZ\Arduino_STM32-master_genericSTM32F103C\Release\core.a(rcc.c.o)
 .debug_aranges
                0x00000620       0x48 C:\Users\Linxi\AppData\Local\Temp\VMBuilds\new_LMDZ\Arduino_STM32-master_genericSTM32F103C\Release\core.a(rcc_f1.c.o)
 .debug_aranges
                0x00000668       0x40 C:\Users\Linxi\AppData\Local\Temp\VMBuilds\new_LMDZ\Arduino_STM32-master_genericSTM32F103C\Release\core.a(systick.c.o)
 .debug_aranges
                0x000006a8       0xa8 C:\Users\Linxi\AppData\Local\Temp\VMBuilds\new_LMDZ\Arduino_STM32-master_genericSTM32F103C\Release\core.a(timer.c.o)
 .debug_aranges
                0x00000750       0x58 C:\Users\Linxi\AppData\Local\Temp\VMBuilds\new_LMDZ\Arduino_STM32-master_genericSTM32F103C\Release\core.a(usart_f1.c.o)
 .debug_aranges
                0x000007a8       0x20 C:\Users\Linxi\AppData\Local\Temp\VMBuilds\new_LMDZ\Arduino_STM32-master_genericSTM32F103C\Release\core.a(usart_private.c.o)
 .debug_aranges
                0x000007c8       0x50 C:\Users\Linxi\AppData\Local\Temp\VMBuilds\new_LMDZ\Arduino_STM32-master_genericSTM32F103C\Release\core.a(util.c.o)
 .debug_aranges
                0x00000818       0x38 C:\Users\Linxi\AppData\Local\Temp\VMBuilds\new_LMDZ\Arduino_STM32-master_genericSTM32F103C\Release\core.a(usb.c.o)
 .debug_aranges
                0x00000850      0x128 C:\Users\Linxi\AppData\Local\Temp\VMBuilds\new_LMDZ\Arduino_STM32-master_genericSTM32F103C\Release\core.a(usb_cdcacm.c.o)
 .debug_aranges
                0x00000978       0x20 C:\Users\Linxi\AppData\Local\Temp\VMBuilds\new_LMDZ\Arduino_STM32-master_genericSTM32F103C\Release\core.a(usb_reg_map.c.o)
 .debug_aranges
                0x00000998       0x98 C:\Users\Linxi\AppData\Local\Temp\VMBuilds\new_LMDZ\Arduino_STM32-master_genericSTM32F103C\Release\core.a(usb_core.c.o)
 .debug_aranges
                0x00000a30       0x20 C:\Users\Linxi\AppData\Local\Temp\VMBuilds\new_LMDZ\Arduino_STM32-master_genericSTM32F103C\Release\core.a(usb_init.c.o)
 .debug_aranges
                0x00000a50       0x28 C:\Users\Linxi\AppData\Local\Temp\VMBuilds\new_LMDZ\Arduino_STM32-master_genericSTM32F103C\Release\core.a(usb_mem.c.o)
 .debug_aranges
                0x00000a78      0x1f0 C:\Users\Linxi\AppData\Local\Temp\VMBuilds\new_LMDZ\Arduino_STM32-master_genericSTM32F103C\Release\core.a(usb_regs.c.o)
 .debug_aranges
                0x00000c68       0x70 C:\Users\Linxi\AppData\Local\Temp\VMBuilds\new_LMDZ\Arduino_STM32-master_genericSTM32F103C\Release\core.a(HardwareSerial.cpp.o)
 .debug_aranges
                0x00000cd8       0x28 C:\Users\Linxi\AppData\Local\Temp\VMBuilds\new_LMDZ\Arduino_STM32-master_genericSTM32F103C\Release\core.a(main.cpp.o)
 .debug_aranges
                0x00000d00      0x110 C:\Users\Linxi\AppData\Local\Temp\VMBuilds\new_LMDZ\Arduino_STM32-master_genericSTM32F103C\Release\core.a(Print.cpp.o)
 .debug_aranges
                0x00000e10       0x20 C:\Users\Linxi\AppData\Local\Temp\VMBuilds\new_LMDZ\Arduino_STM32-master_genericSTM32F103C\Release\core.a(wirish_analog.cpp.o)
 .debug_aranges
                0x00000e30       0x30 C:\Users\Linxi\AppData\Local\Temp\VMBuilds\new_LMDZ\Arduino_STM32-master_genericSTM32F103C\Release\core.a(wirish_time.cpp.o)
 .debug_aranges
                0x00000e60       0x20 C:\Users\Linxi\AppData\Local\Temp\VMBuilds\new_LMDZ\Arduino_STM32-master_genericSTM32F103C\Release\core.a(wirish_digital_f1.cpp.o)
 .debug_aranges
                0x00000e80       0x20 C:\Users\Linxi\AppData\Local\Temp\VMBuilds\new_LMDZ\Arduino_STM32-master_genericSTM32F103C\Release\core.a(hooks.c.o)
 .debug_aranges
                0x00000ea0       0x28 C:\Users\Linxi\AppData\Local\Temp\VMBuilds\new_LMDZ\Arduino_STM32-master_genericSTM32F103C\Release\core.a(dma.c.o)
 .debug_aranges
                0x00000ec8       0x20 C:\Users\Linxi\AppData\Local\Temp\VMBuilds\new_LMDZ\Arduino_STM32-master_genericSTM32F103C\Release\core.a(gpio.c.o)
 .debug_aranges
                0x00000ee8       0x60 C:\Users\Linxi\AppData\Local\Temp\VMBuilds\new_LMDZ\Arduino_STM32-master_genericSTM32F103C\Release\core.a(i2c.c.o)
 .debug_aranges
                0x00000f48       0x48 C:\Users\Linxi\AppData\Local\Temp\VMBuilds\new_LMDZ\Arduino_STM32-master_genericSTM32F103C\Release\core.a(usart.c.o)
 .debug_aranges
                0x00000f90       0x20 C:\Users\Linxi\AppData\Local\Temp\VMBuilds\new_LMDZ\Arduino_STM32-master_genericSTM32F103C\Release\core.a(cxxabi-compat.cpp.o)

.debug_pubnames
 *(.debug_pubnames)

.debug_info     0x00000000    0x1da84
 *(.debug_info .gnu.linkonce.wi.*)
 .debug_info    0x00000000      0x650 new_LMDZ.cpp.o
 .debug_info    0x00000650      0x17b aveRage.cpp.o
 .debug_info    0x000007cb      0x1c7 cmpValues.cpp.o
 .debug_info    0x00000992      0x243 draw_cmp.cpp.o
 .debug_info    0x00000bd5      0x31d draw_get.cpp.o
 .debug_info    0x00000ef2      0x331 getValue.cpp.o
 .debug_info    0x00001223      0x2a4 quartileDeviation.cpp.o
 .debug_info    0x000014c7      0x1a7 rearrange.cpp.o
 .debug_info    0x0000166e      0x421 valuesPrint.cpp.o
 .debug_info    0x00001a8f      0xf2e C:\Users\Linxi\AppData\Local\Temp\VMBCore\arduino16x\5b2ae7263f6ca0060cc0925c34dc0d3c\variant\board.cpp.o
 .debug_info    0x000029bd     0x142d C:\Users\Linxi\AppData\Local\Temp\VMBCore\arduino16x\5b2ae7263f6ca0060cc0925c34dc0d3c\variant\boards.cpp.o
 .debug_info    0x00003dea      0x665 C:\Users\Linxi\AppData\Local\Temp\VMBCore\arduino16x\5b2ae7263f6ca0060cc0925c34dc0d3c\variant\boards_setup.cpp.o
 .debug_info    0x0000444f       0xc0 C:\Users\Linxi\AppData\Local\Temp\VMBCore\arduino16x\5b2ae7263f6ca0060cc0925c34dc0d3c\variant\start.S.o
 .debug_info    0x0000450f      0x176 C:\Users\Linxi\AppData\Local\Temp\VMBCore\arduino16x\5b2ae7263f6ca0060cc0925c34dc0d3c\variant\start_c.c.o
 .debug_info    0x00004685      0x5cd C:\Users\Linxi\AppData\Local\Temp\VMBCore\arduino16x\5b2ae7263f6ca0060cc0925c34dc0d3c\variant\syscalls.c.o
 .debug_info    0x00004c52       0xb0 C:\Users\Linxi\AppData\Local\Temp\VMBuilds\new_LMDZ\Arduino_STM32-master_genericSTM32F103C\Release\core.a(exc.S.o)
 .debug_info    0x00004d02       0xc5 C:\Users\Linxi\AppData\Local\Temp\VMBuilds\new_LMDZ\Arduino_STM32-master_genericSTM32F103C\Release\core.a(isrs.S.o)
 .debug_info    0x00004dc7      0x79a C:\Users\Linxi\AppData\Local\Temp\VMBuilds\new_LMDZ\Arduino_STM32-master_genericSTM32F103C\Release\core.a(adc.c.o)
 .debug_info    0x00005561      0xe4a C:\Users\Linxi\AppData\Local\Temp\VMBuilds\new_LMDZ\Arduino_STM32-master_genericSTM32F103C\Release\core.a(adc_f1.c.o)
 .debug_info    0x000063ab     0x19f2 C:\Users\Linxi\AppData\Local\Temp\VMBuilds\new_LMDZ\Arduino_STM32-master_genericSTM32F103C\Release\core.a(dma_f1.c.o)
 .debug_info    0x00007d9d      0xedd C:\Users\Linxi\AppData\Local\Temp\VMBuilds\new_LMDZ\Arduino_STM32-master_genericSTM32F103C\Release\core.a(exti.c.o)
 .debug_info    0x00008c7a      0x213 C:\Users\Linxi\AppData\Local\Temp\VMBuilds\new_LMDZ\Arduino_STM32-master_genericSTM32F103C\Release\core.a(exti_f1.c.o)
 .debug_info    0x00008e8d      0x128 C:\Users\Linxi\AppData\Local\Temp\VMBuilds\new_LMDZ\Arduino_STM32-master_genericSTM32F103C\Release\core.a(flash.c.o)
 .debug_info    0x00008fb5      0x6d6 C:\Users\Linxi\AppData\Local\Temp\VMBuilds\new_LMDZ\Arduino_STM32-master_genericSTM32F103C\Release\core.a(gpio_f1.c.o)
 .debug_info    0x0000968b      0xbd5 C:\Users\Linxi\AppData\Local\Temp\VMBuilds\new_LMDZ\Arduino_STM32-master_genericSTM32F103C\Release\core.a(i2c_f1.c.o)
 .debug_info    0x0000a260      0x5a2 C:\Users\Linxi\AppData\Local\Temp\VMBuilds\new_LMDZ\Arduino_STM32-master_genericSTM32F103C\Release\core.a(nvic.c.o)
 .debug_info    0x0000a802      0x556 C:\Users\Linxi\AppData\Local\Temp\VMBuilds\new_LMDZ\Arduino_STM32-master_genericSTM32F103C\Release\core.a(rcc.c.o)
 .debug_info    0x0000ad58      0xb64 C:\Users\Linxi\AppData\Local\Temp\VMBuilds\new_LMDZ\Arduino_STM32-master_genericSTM32F103C\Release\core.a(rcc_f1.c.o)
 .debug_info    0x0000b8bc      0x182 C:\Users\Linxi\AppData\Local\Temp\VMBuilds\new_LMDZ\Arduino_STM32-master_genericSTM32F103C\Release\core.a(systick.c.o)
 .debug_info    0x0000ba3e     0x1b6f C:\Users\Linxi\AppData\Local\Temp\VMBuilds\new_LMDZ\Arduino_STM32-master_genericSTM32F103C\Release\core.a(timer.c.o)
 .debug_info    0x0000d5ad      0xbc4 C:\Users\Linxi\AppData\Local\Temp\VMBuilds\new_LMDZ\Arduino_STM32-master_genericSTM32F103C\Release\core.a(usart_f1.c.o)
 .debug_info    0x0000e171      0x595 C:\Users\Linxi\AppData\Local\Temp\VMBuilds\new_LMDZ\Arduino_STM32-master_genericSTM32F103C\Release\core.a(usart_private.c.o)
 .debug_info    0x0000e706      0xad2 C:\Users\Linxi\AppData\Local\Temp\VMBuilds\new_LMDZ\Arduino_STM32-master_genericSTM32F103C\Release\core.a(util.c.o)
 .debug_info    0x0000f1d8      0xd16 C:\Users\Linxi\AppData\Local\Temp\VMBuilds\new_LMDZ\Arduino_STM32-master_genericSTM32F103C\Release\core.a(usb.c.o)
 .debug_info    0x0000feee     0x22d2 C:\Users\Linxi\AppData\Local\Temp\VMBuilds\new_LMDZ\Arduino_STM32-master_genericSTM32F103C\Release\core.a(usb_cdcacm.c.o)
 .debug_info    0x000121c0      0x26c C:\Users\Linxi\AppData\Local\Temp\VMBuilds\new_LMDZ\Arduino_STM32-master_genericSTM32F103C\Release\core.a(usb_reg_map.c.o)
 .debug_info    0x0001242c      0xddf C:\Users\Linxi\AppData\Local\Temp\VMBuilds\new_LMDZ\Arduino_STM32-master_genericSTM32F103C\Release\core.a(usb_core.c.o)
 .debug_info    0x0001320b      0x3ed C:\Users\Linxi\AppData\Local\Temp\VMBuilds\new_LMDZ\Arduino_STM32-master_genericSTM32F103C\Release\core.a(usb_init.c.o)
 .debug_info    0x000135f8      0x17b C:\Users\Linxi\AppData\Local\Temp\VMBuilds\new_LMDZ\Arduino_STM32-master_genericSTM32F103C\Release\core.a(usb_mem.c.o)
 .debug_info    0x00013773      0xc88 C:\Users\Linxi\AppData\Local\Temp\VMBuilds\new_LMDZ\Arduino_STM32-master_genericSTM32F103C\Release\core.a(usb_regs.c.o)
 .debug_info    0x000143fb     0x29ea C:\Users\Linxi\AppData\Local\Temp\VMBuilds\new_LMDZ\Arduino_STM32-master_genericSTM32F103C\Release\core.a(HardwareSerial.cpp.o)
 .debug_info    0x00016de5       0x99 C:\Users\Linxi\AppData\Local\Temp\VMBuilds\new_LMDZ\Arduino_STM32-master_genericSTM32F103C\Release\core.a(main.cpp.o)
 .debug_info    0x00016e7e     0x258c C:\Users\Linxi\AppData\Local\Temp\VMBuilds\new_LMDZ\Arduino_STM32-master_genericSTM32F103C\Release\core.a(Print.cpp.o)
 .debug_info    0x0001940a      0xa7e C:\Users\Linxi\AppData\Local\Temp\VMBuilds\new_LMDZ\Arduino_STM32-master_genericSTM32F103C\Release\core.a(wirish_analog.cpp.o)
 .debug_info    0x00019e88      0x2c6 C:\Users\Linxi\AppData\Local\Temp\VMBuilds\new_LMDZ\Arduino_STM32-master_genericSTM32F103C\Release\core.a(wirish_time.cpp.o)
 .debug_info    0x0001a14e      0xc8a C:\Users\Linxi\AppData\Local\Temp\VMBuilds\new_LMDZ\Arduino_STM32-master_genericSTM32F103C\Release\core.a(wirish_digital_f1.cpp.o)
 .debug_info    0x0001add8       0x33 C:\Users\Linxi\AppData\Local\Temp\VMBuilds\new_LMDZ\Arduino_STM32-master_genericSTM32F103C\Release\core.a(hooks.c.o)
 .debug_info    0x0001ae0b      0x6f7 C:\Users\Linxi\AppData\Local\Temp\VMBuilds\new_LMDZ\Arduino_STM32-master_genericSTM32F103C\Release\core.a(dma.c.o)
 .debug_info    0x0001b502      0x313 C:\Users\Linxi\AppData\Local\Temp\VMBuilds\new_LMDZ\Arduino_STM32-master_genericSTM32F103C\Release\core.a(gpio.c.o)
 .debug_info    0x0001b815     0x160a C:\Users\Linxi\AppData\Local\Temp\VMBuilds\new_LMDZ\Arduino_STM32-master_genericSTM32F103C\Release\core.a(i2c.c.o)
 .debug_info    0x0001ce1f      0xc32 C:\Users\Linxi\AppData\Local\Temp\VMBuilds\new_LMDZ\Arduino_STM32-master_genericSTM32F103C\Release\core.a(usart.c.o)
 .debug_info    0x0001da51       0x33 C:\Users\Linxi\AppData\Local\Temp\VMBuilds\new_LMDZ\Arduino_STM32-master_genericSTM32F103C\Release\core.a(cxxabi-compat.cpp.o)

.debug_abbrev   0x00000000     0x63f0
 *(.debug_abbrev)
 .debug_abbrev  0x00000000      0x26b new_LMDZ.cpp.o
 .debug_abbrev  0x0000026b      0x12c aveRage.cpp.o
 .debug_abbrev  0x00000397      0x13a cmpValues.cpp.o
 .debug_abbrev  0x000004d1      0x165 draw_cmp.cpp.o
 .debug_abbrev  0x00000636      0x1e8 draw_get.cpp.o
 .debug_abbrev  0x0000081e      0x171 getValue.cpp.o
 .debug_abbrev  0x0000098f      0x175 quartileDeviation.cpp.o
 .debug_abbrev  0x00000b04      0x13a rearrange.cpp.o
 .debug_abbrev  0x00000c3e      0x1c9 valuesPrint.cpp.o
 .debug_abbrev  0x00000e07      0x1ea C:\Users\Linxi\AppData\Local\Temp\VMBCore\arduino16x\5b2ae7263f6ca0060cc0925c34dc0d3c\variant\board.cpp.o
 .debug_abbrev  0x00000ff1      0x3dd C:\Users\Linxi\AppData\Local\Temp\VMBCore\arduino16x\5b2ae7263f6ca0060cc0925c34dc0d3c\variant\boards.cpp.o
 .debug_abbrev  0x000013ce      0x196 C:\Users\Linxi\AppData\Local\Temp\VMBCore\arduino16x\5b2ae7263f6ca0060cc0925c34dc0d3c\variant\boards_setup.cpp.o
 .debug_abbrev  0x00001564       0x14 C:\Users\Linxi\AppData\Local\Temp\VMBCore\arduino16x\5b2ae7263f6ca0060cc0925c34dc0d3c\variant\start.S.o
 .debug_abbrev  0x00001578      0x11f C:\Users\Linxi\AppData\Local\Temp\VMBCore\arduino16x\5b2ae7263f6ca0060cc0925c34dc0d3c\variant\start_c.c.o
 .debug_abbrev  0x00001697      0x17e C:\Users\Linxi\AppData\Local\Temp\VMBCore\arduino16x\5b2ae7263f6ca0060cc0925c34dc0d3c\variant\syscalls.c.o
 .debug_abbrev  0x00001815       0x14 C:\Users\Linxi\AppData\Local\Temp\VMBuilds\new_LMDZ\Arduino_STM32-master_genericSTM32F103C\Release\core.a(exc.S.o)
 .debug_abbrev  0x00001829       0x14 C:\Users\Linxi\AppData\Local\Temp\VMBuilds\new_LMDZ\Arduino_STM32-master_genericSTM32F103C\Release\core.a(isrs.S.o)
 .debug_abbrev  0x0000183d      0x20b C:\Users\Linxi\AppData\Local\Temp\VMBuilds\new_LMDZ\Arduino_STM32-master_genericSTM32F103C\Release\core.a(adc.c.o)
 .debug_abbrev  0x00001a48      0x2e6 C:\Users\Linxi\AppData\Local\Temp\VMBuilds\new_LMDZ\Arduino_STM32-master_genericSTM32F103C\Release\core.a(adc_f1.c.o)
 .debug_abbrev  0x00001d2e      0x3dd C:\Users\Linxi\AppData\Local\Temp\VMBuilds\new_LMDZ\Arduino_STM32-master_genericSTM32F103C\Release\core.a(dma_f1.c.o)
 .debug_abbrev  0x0000210b      0x2a5 C:\Users\Linxi\AppData\Local\Temp\VMBuilds\new_LMDZ\Arduino_STM32-master_genericSTM32F103C\Release\core.a(exti.c.o)
 .debug_abbrev  0x000023b0       0xdb C:\Users\Linxi\AppData\Local\Temp\VMBuilds\new_LMDZ\Arduino_STM32-master_genericSTM32F103C\Release\core.a(exti_f1.c.o)
 .debug_abbrev  0x0000248b       0x9f C:\Users\Linxi\AppData\Local\Temp\VMBuilds\new_LMDZ\Arduino_STM32-master_genericSTM32F103C\Release\core.a(flash.c.o)
 .debug_abbrev  0x0000252a      0x191 C:\Users\Linxi\AppData\Local\Temp\VMBuilds\new_LMDZ\Arduino_STM32-master_genericSTM32F103C\Release\core.a(gpio_f1.c.o)
 .debug_abbrev  0x000026bb      0x202 C:\Users\Linxi\AppData\Local\Temp\VMBuilds\new_LMDZ\Arduino_STM32-master_genericSTM32F103C\Release\core.a(i2c_f1.c.o)
 .debug_abbrev  0x000028bd      0x1ac C:\Users\Linxi\AppData\Local\Temp\VMBuilds\new_LMDZ\Arduino_STM32-master_genericSTM32F103C\Release\core.a(nvic.c.o)
 .debug_abbrev  0x00002a69      0x17f C:\Users\Linxi\AppData\Local\Temp\VMBuilds\new_LMDZ\Arduino_STM32-master_genericSTM32F103C\Release\core.a(rcc.c.o)
 .debug_abbrev  0x00002be8      0x28c C:\Users\Linxi\AppData\Local\Temp\VMBuilds\new_LMDZ\Arduino_STM32-master_genericSTM32F103C\Release\core.a(rcc_f1.c.o)
 .debug_abbrev  0x00002e74      0x10f C:\Users\Linxi\AppData\Local\Temp\VMBuilds\new_LMDZ\Arduino_STM32-master_genericSTM32F103C\Release\core.a(systick.c.o)
 .debug_abbrev  0x00002f83      0x474 C:\Users\Linxi\AppData\Local\Temp\VMBuilds\new_LMDZ\Arduino_STM32-master_genericSTM32F103C\Release\core.a(timer.c.o)
 .debug_abbrev  0x000033f7      0x292 C:\Users\Linxi\AppData\Local\Temp\VMBuilds\new_LMDZ\Arduino_STM32-master_genericSTM32F103C\Release\core.a(usart_f1.c.o)
 .debug_abbrev  0x00003689      0x144 C:\Users\Linxi\AppData\Local\Temp\VMBuilds\new_LMDZ\Arduino_STM32-master_genericSTM32F103C\Release\core.a(usart_private.c.o)
 .debug_abbrev  0x000037cd      0x2c9 C:\Users\Linxi\AppData\Local\Temp\VMBuilds\new_LMDZ\Arduino_STM32-master_genericSTM32F103C\Release\core.a(util.c.o)
 .debug_abbrev  0x00003a96      0x352 C:\Users\Linxi\AppData\Local\Temp\VMBuilds\new_LMDZ\Arduino_STM32-master_genericSTM32F103C\Release\core.a(usb.c.o)
 .debug_abbrev  0x00003de8      0x47d C:\Users\Linxi\AppData\Local\Temp\VMBuilds\new_LMDZ\Arduino_STM32-master_genericSTM32F103C\Release\core.a(usb_cdcacm.c.o)
 .debug_abbrev  0x00004265      0x193 C:\Users\Linxi\AppData\Local\Temp\VMBuilds\new_LMDZ\Arduino_STM32-master_genericSTM32F103C\Release\core.a(usb_reg_map.c.o)
 .debug_abbrev  0x000043f8      0x3a6 C:\Users\Linxi\AppData\Local\Temp\VMBuilds\new_LMDZ\Arduino_STM32-master_genericSTM32F103C\Release\core.a(usb_core.c.o)
 .debug_abbrev  0x0000479e      0x101 C:\Users\Linxi\AppData\Local\Temp\VMBuilds\new_LMDZ\Arduino_STM32-master_genericSTM32F103C\Release\core.a(usb_init.c.o)
 .debug_abbrev  0x0000489f       0x90 C:\Users\Linxi\AppData\Local\Temp\VMBuilds\new_LMDZ\Arduino_STM32-master_genericSTM32F103C\Release\core.a(usb_mem.c.o)
 .debug_abbrev  0x0000492f      0x1f3 C:\Users\Linxi\AppData\Local\Temp\VMBuilds\new_LMDZ\Arduino_STM32-master_genericSTM32F103C\Release\core.a(usb_regs.c.o)
 .debug_abbrev  0x00004b22      0x535 C:\Users\Linxi\AppData\Local\Temp\VMBuilds\new_LMDZ\Arduino_STM32-master_genericSTM32F103C\Release\core.a(HardwareSerial.cpp.o)
 .debug_abbrev  0x00005057       0x7b C:\Users\Linxi\AppData\Local\Temp\VMBuilds\new_LMDZ\Arduino_STM32-master_genericSTM32F103C\Release\core.a(main.cpp.o)
 .debug_abbrev  0x000050d2      0x414 C:\Users\Linxi\AppData\Local\Temp\VMBuilds\new_LMDZ\Arduino_STM32-master_genericSTM32F103C\Release\core.a(Print.cpp.o)
 .debug_abbrev  0x000054e6      0x15f C:\Users\Linxi\AppData\Local\Temp\VMBuilds\new_LMDZ\Arduino_STM32-master_genericSTM32F103C\Release\core.a(wirish_analog.cpp.o)
 .debug_abbrev  0x00005645      0x189 C:\Users\Linxi\AppData\Local\Temp\VMBuilds\new_LMDZ\Arduino_STM32-master_genericSTM32F103C\Release\core.a(wirish_time.cpp.o)
 .debug_abbrev  0x000057ce      0x240 C:\Users\Linxi\AppData\Local\Temp\VMBuilds\new_LMDZ\Arduino_STM32-master_genericSTM32F103C\Release\core.a(wirish_digital_f1.cpp.o)
 .debug_abbrev  0x00005a0e       0x26 C:\Users\Linxi\AppData\Local\Temp\VMBuilds\new_LMDZ\Arduino_STM32-master_genericSTM32F103C\Release\core.a(hooks.c.o)
 .debug_abbrev  0x00005a34      0x182 C:\Users\Linxi\AppData\Local\Temp\VMBuilds\new_LMDZ\Arduino_STM32-master_genericSTM32F103C\Release\core.a(dma.c.o)
 .debug_abbrev  0x00005bb6      0x113 C:\Users\Linxi\AppData\Local\Temp\VMBuilds\new_LMDZ\Arduino_STM32-master_genericSTM32F103C\Release\core.a(gpio.c.o)
 .debug_abbrev  0x00005cc9      0x400 C:\Users\Linxi\AppData\Local\Temp\VMBuilds\new_LMDZ\Arduino_STM32-master_genericSTM32F103C\Release\core.a(i2c.c.o)
 .debug_abbrev  0x000060c9      0x2ff C:\Users\Linxi\AppData\Local\Temp\VMBuilds\new_LMDZ\Arduino_STM32-master_genericSTM32F103C\Release\core.a(usart.c.o)
 .debug_abbrev  0x000063c8       0x28 C:\Users\Linxi\AppData\Local\Temp\VMBuilds\new_LMDZ\Arduino_STM32-master_genericSTM32F103C\Release\core.a(cxxabi-compat.cpp.o)

.debug_line     0x00000000     0xa719
 *(.debug_line)
 .debug_line    0x00000000      0x446 new_LMDZ.cpp.o
 .debug_line    0x00000446       0xf3 aveRage.cpp.o
 .debug_line    0x00000539       0xf7 cmpValues.cpp.o
 .debug_line    0x00000630      0x350 draw_cmp.cpp.o
 .debug_line    0x00000980      0x3db draw_get.cpp.o
 .debug_line    0x00000d5b      0x344 getValue.cpp.o
 .debug_line    0x0000109f      0x12e quartileDeviation.cpp.o
 .debug_line    0x000011cd      0x105 rearrange.cpp.o
 .debug_line    0x000012d2      0x3a5 valuesPrint.cpp.o
 .debug_line    0x00001677      0x403 C:\Users\Linxi\AppData\Local\Temp\VMBCore\arduino16x\5b2ae7263f6ca0060cc0925c34dc0d3c\variant\board.cpp.o
 .debug_line    0x00001a7a      0x48b C:\Users\Linxi\AppData\Local\Temp\VMBCore\arduino16x\5b2ae7263f6ca0060cc0925c34dc0d3c\variant\boards.cpp.o
 .debug_line    0x00001f05      0x37a C:\Users\Linxi\AppData\Local\Temp\VMBCore\arduino16x\5b2ae7263f6ca0060cc0925c34dc0d3c\variant\boards_setup.cpp.o
 .debug_line    0x0000227f       0xa4 C:\Users\Linxi\AppData\Local\Temp\VMBCore\arduino16x\5b2ae7263f6ca0060cc0925c34dc0d3c\variant\start.S.o
 .debug_line    0x00002323       0xb5 C:\Users\Linxi\AppData\Local\Temp\VMBCore\arduino16x\5b2ae7263f6ca0060cc0925c34dc0d3c\variant\start_c.c.o
 .debug_line    0x000023d8      0x2fa C:\Users\Linxi\AppData\Local\Temp\VMBCore\arduino16x\5b2ae7263f6ca0060cc0925c34dc0d3c\variant\syscalls.c.o
 .debug_line    0x000026d2       0xa7 C:\Users\Linxi\AppData\Local\Temp\VMBuilds\new_LMDZ\Arduino_STM32-master_genericSTM32F103C\Release\core.a(exc.S.o)
 .debug_line    0x00002779       0xa4 C:\Users\Linxi\AppData\Local\Temp\VMBuilds\new_LMDZ\Arduino_STM32-master_genericSTM32F103C\Release\core.a(isrs.S.o)
 .debug_line    0x0000281d      0x312 C:\Users\Linxi\AppData\Local\Temp\VMBuilds\new_LMDZ\Arduino_STM32-master_genericSTM32F103C\Release\core.a(adc.c.o)