Archive member included because of file (symbol)

C:\Users\Linxi\AppData\Local\Temp\VMBuilds\LMDZ_vs2019\Arduino_STM32-master_genericSTM32F103C\Debug\core.a(exc.S.o)
                              (__exc_nmi)
C:\Users\Linxi\AppData\Local\Temp\VMBuilds\LMDZ_vs2019\Arduino_STM32-master_genericSTM32F103C\Debug\core.a(isrs.S.o)
                              (__stm32reservedexception7)
C:\Users\Linxi\AppData\Local\Temp\VMBuilds\LMDZ_vs2019\Arduino_STM32-master_genericSTM32F103C\Debug\core.a(vector_table.S.o)
                              (__stm32_vector_table)
C:\Users\Linxi\AppData\Local\Temp\VMBuilds\LMDZ_vs2019\Arduino_STM32-master_genericSTM32F103C\Debug\core.a(adc.c.o)
                              C:\Users\Linxi\AppData\Local\Temp\VMBCore\arduino16x\5b2ae7263f6ca0060cc0925c34dc0d3c\variant\boards.cpp.o (adc_set_sample_rate)
C:\Users\Linxi\AppData\Local\Temp\VMBuilds\LMDZ_vs2019\Arduino_STM32-master_genericSTM32F103C\Debug\core.a(adc_f1.c.o)
                              (__irq_adc)
C:\Users\Linxi\AppData\Local\Temp\VMBuilds\LMDZ_vs2019\Arduino_STM32-master_genericSTM32F103C\Debug\core.a(dma_f1.c.o)
                              (__irq_dma1_channel1)
C:\Users\Linxi\AppData\Local\Temp\VMBuilds\LMDZ_vs2019\Arduino_STM32-master_genericSTM32F103C\Debug\core.a(exti.c.o)
                              (__irq_exti0)
C:\Users\Linxi\AppData\Local\Temp\VMBuilds\LMDZ_vs2019\Arduino_STM32-master_genericSTM32F103C\Debug\core.a(exti_f1.c.o)
                              C:\Users\Linxi\AppData\Local\Temp\VMBuilds\LMDZ_vs2019\Arduino_STM32-master_genericSTM32F103C\Debug\core.a(exti.c.o) (exti_select)
C:\Users\Linxi\AppData\Local\Temp\VMBuilds\LMDZ_vs2019\Arduino_STM32-master_genericSTM32F103C\Debug\core.a(flash.c.o)
                              C:\Users\Linxi\AppData\Local\Temp\VMBCore\arduino16x\5b2ae7263f6ca0060cc0925c34dc0d3c\variant\boards.cpp.o (flash_set_latency)
C:\Users\Linxi\AppData\Local\Temp\VMBuilds\LMDZ_vs2019\Arduino_STM32-master_genericSTM32F103C\Debug\core.a(gpio_f1.c.o)
                              C:\Users\Linxi\AppData\Local\Temp\VMBCore\arduino16x\5b2ae7263f6ca0060cc0925c34dc0d3c\variant\boards_setup.cpp.o (gpio_init_all)
C:\Users\Linxi\AppData\Local\Temp\VMBuilds\LMDZ_vs2019\Arduino_STM32-master_genericSTM32F103C\Debug\core.a(i2c_f1.c.o)
                              (__irq_i2c1_ev)
C:\Users\Linxi\AppData\Local\Temp\VMBuilds\LMDZ_vs2019\Arduino_STM32-master_genericSTM32F103C\Debug\core.a(nvic.c.o)
                              C:\Users\Linxi\AppData\Local\Temp\VMBuilds\LMDZ_vs2019\Arduino_STM32-master_genericSTM32F103C\Debug\core.a(i2c_f1.c.o) (nvic_irq_set_priority)
C:\Users\Linxi\AppData\Local\Temp\VMBuilds\LMDZ_vs2019\Arduino_STM32-master_genericSTM32F103C\Debug\core.a(rcc.c.o)
                              C:\Users\Linxi\AppData\Local\Temp\VMBCore\arduino16x\5b2ae7263f6ca0060cc0925c34dc0d3c\variant\boards.cpp.o (rcc_switch_sysclk)
C:\Users\Linxi\AppData\Local\Temp\VMBuilds\LMDZ_vs2019\Arduino_STM32-master_genericSTM32F103C\Debug\core.a(rcc_f1.c.o)
                              C:\Users\Linxi\AppData\Local\Temp\VMBCore\arduino16x\5b2ae7263f6ca0060cc0925c34dc0d3c\variant\boards.cpp.o (rcc_configure_pll)
C:\Users\Linxi\AppData\Local\Temp\VMBuilds\LMDZ_vs2019\Arduino_STM32-master_genericSTM32F103C\Debug\core.a(systick.c.o)
                              C:\Users\Linxi\AppData\Local\Temp\VMBCore\arduino16x\5b2ae7263f6ca0060cc0925c34dc0d3c\variant\boards.cpp.o (systick_init)
C:\Users\Linxi\AppData\Local\Temp\VMBuilds\LMDZ_vs2019\Arduino_STM32-master_genericSTM32F103C\Debug\core.a(timer.c.o)
                              C:\Users\Linxi\AppData\Local\Temp\VMBCore\arduino16x\5b2ae7263f6ca0060cc0925c34dc0d3c\variant\boards.cpp.o (timer_foreach)
C:\Users\Linxi\AppData\Local\Temp\VMBuilds\LMDZ_vs2019\Arduino_STM32-master_genericSTM32F103C\Debug\core.a(usart_f1.c.o)
                              (__irq_usart1)
C:\Users\Linxi\AppData\Local\Temp\VMBuilds\LMDZ_vs2019\Arduino_STM32-master_genericSTM32F103C\Debug\core.a(usart_private.c.o)
                              C:\Users\Linxi\AppData\Local\Temp\VMBuilds\LMDZ_vs2019\Arduino_STM32-master_genericSTM32F103C\Debug\core.a(usart_f1.c.o) (_usart_clock_freq)
C:\Users\Linxi\AppData\Local\Temp\VMBuilds\LMDZ_vs2019\Arduino_STM32-master_genericSTM32F103C\Debug\core.a(util.c.o)
                              C:\Users\Linxi\AppData\Local\Temp\VMBuilds\LMDZ_vs2019\Arduino_STM32-master_genericSTM32F103C\Debug\core.a(exc.S.o) (__error)
C:\Users\Linxi\AppData\Local\Temp\VMBuilds\LMDZ_vs2019\Arduino_STM32-master_genericSTM32F103C\Debug\core.a(usb.c.o)
                              (__irq_usb_lp_can_rx0)
C:\Users\Linxi\AppData\Local\Temp\VMBuilds\LMDZ_vs2019\Arduino_STM32-master_genericSTM32F103C\Debug\core.a(usb_cdcacm.c.o)
                              C:\Users\Linxi\AppData\Local\Temp\VMBuilds\LMDZ_vs2019\Arduino_STM32-master_genericSTM32F103C\Debug\core.a(usb.c.o) (User_Standard_Requests)
[...]
Memory Configuration

Name             Origin             Length             Attributes
ram              0x20000000         0x00005000         xrw
rom              0x08000000         0x00020000         xr
*default*        0x00000000         0xffffffff

Linker script and memory map

LOAD c:/users/linxi/appdata/local/arduino15/packages/arduino/tools/arm-none-eabi-gcc/4.8.3-2014q1/bin/../lib/gcc/arm-none-eabi/4.8.3/armv7-m/crti.o
LOAD c:/users/linxi/appdata/local/arduino15/packages/arduino/tools/arm-none-eabi-gcc/4.8.3-2014q1/bin/../lib/gcc/arm-none-eabi/4.8.3/armv7-m/crtbegin.o
LOAD c:/users/linxi/appdata/local/arduino15/packages/arduino/tools/arm-none-eabi-gcc/4.8.3-2014q1/bin/../lib/gcc/arm-none-eabi/4.8.3/../../../../arm-none-eabi/lib/armv7-m/crt0.o
LOAD c:/users/linxi/appdata/local/arduino15/packages/arduino/tools/arm-none-eabi-gcc/4.8.3-2014q1/bin/../lib/gcc/arm-none-eabi/4.8.3/armv7-m\libgcc.a
START GROUP
LOAD LMDZ_vs2019.cpp.o
LOAD C:\Users\Linxi\AppData\Local\Temp\VMBCore\arduino16x\5b2ae7263f6ca0060cc0925c34dc0d3c\variant\board.cpp.o
LOAD C:\Users\Linxi\AppData\Local\Temp\VMBCore\arduino16x\5b2ae7263f6ca0060cc0925c34dc0d3c\variant\boards.cpp.o
LOAD C:\Users\Linxi\AppData\Local\Temp\VMBCore\arduino16x\5b2ae7263f6ca0060cc0925c34dc0d3c\variant\boards_setup.cpp.o
LOAD C:\Users\Linxi\AppData\Local\Temp\VMBCore\arduino16x\5b2ae7263f6ca0060cc0925c34dc0d3c\variant\start.S.o
LOAD C:\Users\Linxi\AppData\Local\Temp\VMBCore\arduino16x\5b2ae7263f6ca0060cc0925c34dc0d3c\variant\start_c.c.o
LOAD C:\Users\Linxi\AppData\Local\Temp\VMBCore\arduino16x\5b2ae7263f6ca0060cc0925c34dc0d3c\variant\syscalls.c.o
LOAD C:\Users\Linxi\AppData\Local\Temp\VMBuilds\LMDZ_vs2019\Arduino_STM32-master_genericSTM32F103C\Debug\core.a
END GROUP
LOAD c:/users/linxi/appdata/local/arduino15/packages/arduino/tools/arm-none-eabi-gcc/4.8.3-2014q1/bin/../lib/gcc/arm-none-eabi/4.8.3/../../../../arm-none-eabi/lib/armv7-m\libstdc++.a
LOAD c:/users/linxi/appdata/local/arduino15/packages/arduino/tools/arm-none-eabi-gcc/4.8.3-2014q1/bin/../lib/gcc/arm-none-eabi/4.8.3/../../../../arm-none-eabi/lib/armv7-m\libm.a
START GROUP
LOAD c:/users/linxi/appdata/local/arduino15/packages/arduino/tools/arm-none-eabi-gcc/4.8.3-2014q1/bin/../lib/gcc/arm-none-eabi/4.8.3/armv7-m\libgcc.a
LOAD c:/users/linxi/appdata/local/arduino15/packages/arduino/tools/arm-none-eabi-gcc/4.8.3-2014q1/bin/../lib/gcc/arm-none-eabi/4.8.3/../../../../arm-none-eabi/lib/armv7-m\libc.a
END GROUP
LOAD c:/users/linxi/appdata/local/arduino15/packages/arduino/tools/arm-none-eabi-gcc/4.8.3-2014q1/bin/../lib/gcc/arm-none-eabi/4.8.3/armv7-m/crtend.o
LOAD c:/users/linxi/appdata/local/arduino15/packages/arduino/tools/arm-none-eabi-gcc/4.8.3-2014q1/bin/../lib/gcc/arm-none-eabi/4.8.3/armv7-m/crtn.o
START GROUP
LOAD c:/users/linxi/appdata/local/arduino15/packages/arduino/tools/arm-none-eabi-gcc/4.8.3-2014q1/bin/../lib/gcc/arm-none-eabi/4.8.3/armv7-m\libgcc.a
LOAD c:/users/linxi/appdata/local/arduino15/packages/arduino/tools/arm-none-eabi-gcc/4.8.3-2014q1/bin/../lib/gcc/arm-none-eabi/4.8.3/../../../../arm-none-eabi/lib/armv7-m\libc.a
LOAD c:/users/linxi/appdata/local/arduino15/packages/arduino/tools/arm-none-eabi-gcc/4.8.3-2014q1/bin/../lib/gcc/arm-none-eabi/4.8.3/../../../../arm-none-eabi/lib/armv7-m\libm.a
END GROUP
START GROUP
LOAD c:/users/linxi/appdata/local/arduino15/packages/arduino/tools/arm-none-eabi-gcc/4.8.3-2014q1/bin/../lib/gcc/arm-none-eabi/4.8.3/../../../../arm-none-eabi/lib/armv7-m\libnosys.a
END GROUP
                0x20005000                PROVIDE (__msp_init, (ORIGIN (ram) + 0x5000))
                0x080007f0                PROVIDE (__exc_reset, __start__)

.text           0x08000000     0x3484
                0x08000000                __text_start__ = .
 *(.stm32.interrupt_vector)
 .stm32.interrupt_vector
                0x08000000       0xec C:\Users\Linxi\AppData\Local\Temp\VMBuilds\LMDZ_vs2019\Arduino_STM32-master_genericSTM32F103C\Debug\core.a(vector_table.S.o)
                0x08000000                __stm32_vector_table
 *(.text .text.* .gnu.linkonce.t.*)
 .text          0x080000ec       0x54 c:/users/linxi/appdata/local/arduino15/packages/arduino/tools/arm-none-eabi-gcc/4.8.3-2014q1/bin/../lib/gcc/arm-none-eabi/4.8.3/armv7-m/crtbegin.o
 .text._Z7aveRageP6sensorS0_
                0x08000140       0xc8 LMDZ_vs2019.cpp.o
                0x08000140                aveRage(sensor*, sensor*)
 .text._Z8getValueP6sensorS0_
                0x08000208       0x50 LMDZ_vs2019.cpp.o
                0x08000208                getValue(sensor*, sensor*)
 .text._Z9rearrangeP6sensorS0_
                0x08000258       0xd8 LMDZ_vs2019.cpp.o
                0x08000258                rearrange(sensor*, sensor*)
 .text._Z9position1P6sensorP2QD
                0x08000330       0x48 LMDZ_vs2019.cpp.o
                0x08000330                position1(sensor*, QD*)
 .text._Z9position2P6sensorP2QD
                0x08000378      0x124 LMDZ_vs2019.cpp.o
                0x08000378                position2(sensor*, QD*)
 .text._Z17quartileDeviationP6sensorS0_
                0x0800049c       0x68 LMDZ_vs2019.cpp.o
                0x0800049c                quartileDeviation(sensor*, sensor*)
 .text._Z4stepPiS_i
                0x08000504       0x3c LMDZ_vs2019.cpp.o
                0x08000504                step(int*, int*, int)
 .text._Z4drawPi
                0x08000540       0x22 LMDZ_vs2019.cpp.o
                0x08000540                draw(int*)
 *fill*         0x08000562        0x2 
 .text._Z5setupv
                0x08000564       0x34 LMDZ_vs2019.cpp.o
                0x08000564                setup()
 .text._Z4loopv
                0x08000598       0x40 LMDZ_vs2019.cpp.o
                0x08000598                loop()
 .text.startup._GLOBAL__sub_I_sensor1
                0x080005d8       0x18 LMDZ_vs2019.cpp.o
 .text._Z9boardInitv
                0x080005f0        0x2 C:\Users\Linxi\AppData\Local\Temp\VMBCore\arduino16x\5b2ae7263f6ca0060cc0925c34dc0d3c\variant\board.cpp.o
                0x080005f0                boardInit()
 *fill*         0x080005f2        0x2 
 .text.startup._GLOBAL__sub_I__Z9boardInitv
                0x080005f4       0x48 C:\Users\Linxi\AppData\Local\Temp\VMBCore\arduino16x\5b2ae7263f6ca0060cc0925c34dc0d3c\variant\board.cpp.o
 .text._ZL18adc_default_configP7adc_dev
                0x0800063c       0x1c C:\Users\Linxi\AppData\Local\Temp\VMBCore\arduino16x\5b2ae7263f6ca0060cc0925c34dc0d3c\variant\boards.cpp.o
 .text._ZL20timer_default_configP9timer_dev
                0x08000658       0x9e C:\Users\Linxi\AppData\Local\Temp\VMBCore\arduino16x\5b2ae7263f6ca0060cc0925c34dc0d3c\variant\boards.cpp.o
 *fill*         0x080006f6        0x2 
 .text._Z4initv
                0x080006f8       0xbc C:\Users\Linxi\AppData\Local\Temp\VMBCore\arduino16x\5b2ae7263f6ca0060cc0925c34dc0d3c\variant\boards.cpp.o
                0x080006f8                init()
 .text._ZN6wirish4priv15board_reset_pllEv
                0x080007b4        0x2 C:\Users\Linxi\AppData\Local\Temp\VMBCore\arduino16x\5b2ae7263f6ca0060cc0925c34dc0d3c\variant\boards_setup.cpp.o
                0x080007b4                wirish::priv::board_reset_pll()
 .text._ZN6wirish4priv28board_setup_clock_prescalersEv
                0x080007b6       0x2e C:\Users\Linxi\AppData\Local\Temp\VMBCore\arduino16x\5b2ae7263f6ca0060cc0925c34dc0d3c\variant\boards_setup.cpp.o
                0x080007b6                wirish::priv::board_setup_clock_prescalers()
 .text._ZN6wirish4priv16board_setup_gpioEv
                0x080007e4        0x4 C:\Users\Linxi\AppData\Local\Temp\VMBCore\arduino16x\5b2ae7263f6ca0060cc0925c34dc0d3c\variant\boards_setup.cpp.o
                0x080007e4                wirish::priv::board_setup_gpio()
 .text._ZN6wirish4priv15board_setup_usbEv
                0x080007e8        0x2 C:\Users\Linxi\AppData\Local\Temp\VMBCore\arduino16x\5b2ae7263f6ca0060cc0925c34dc0d3c\variant\boards_setup.cpp.o
                0x080007e8                wirish::priv::board_setup_usb()
 .text._ZN6wirish4priv11series_initEv
                0x080007ea        0x4 C:\Users\Linxi\AppData\Local\Temp\VMBCore\arduino16x\5b2ae7263f6ca0060cc0925c34dc0d3c\variant\boards_setup.cpp.o
                0x080007ea                wirish::priv::series_init()
 *fill*         0x080007ee        0x2 
 .text          0x080007f0       0x10 C:\Users\Linxi\AppData\Local\Temp\VMBCore\arduino16x\5b2ae7263f6ca0060cc0925c34dc0d3c\variant\start.S.o
                0x080007f0                __start__
 .text.start_c  0x08000800       0x64 C:\Users\Linxi\AppData\Local\Temp\VMBCore\arduino16x\5b2ae7263f6ca0060cc0925c34dc0d3c\variant\start_c.c.o
                0x08000800                start_c
 .text._exit    0x08000864        0x2 C:\Users\Linxi\AppData\Local\Temp\VMBCore\arduino16x\5b2ae7263f6ca0060cc0925c34dc0d3c\variant\syscalls.c.o
                0x08000864                _exit
 *fill*         0x08000866        0xa 
 .text          0x08000870       0x60 C:\Users\Linxi\AppData\Local\Temp\VMBuilds\LMDZ_vs2019\Arduino_STM32-master_genericSTM32F103C\Debug\core.a(exc.S.o)
                0x08000870                __exc_nmi
                0x08000874                __exc_hardfault
                0x08000878                __exc_memmanage
                0x0800087c                __exc_busfault
                0x08000880                __exc_usagefault
 .text          0x080008d0        0x2 C:\Users\Linxi\AppData\Local\Temp\VMBuilds\LMDZ_vs2019\Arduino_STM32-master_genericSTM32F103C\Debug\core.a(isrs.S.o)
                0x080008d0                __stm32reservedexception9
                0x080008d0                __exc_debug_monitor
                0x080008d0                __exc_svc
                0x080008d0                __irq_can_rx1
                0x080008d0                __irq_spi2
                0x080008d0                __irq_can_sce
                0x080008d0                __irq_pvd
                0x080008d0                __irq_tamper
                0x080008d0                __default_handler
                0x080008d0                __irq_wwdg
                0x080008d0                __stm32reservedexception10
                0x080008d0                __irq_flash
                0x080008d0                __stm32reservedexception13
                0x080008d0                __irq_rtc
                0x080008d0                __irq_spi1
                0x080008d0                __stm32reservedexception7
                0x080008d0                __irq_usb_hp_can_tx
                0x080008d0                __irq_rtcalarm
                0x080008d0                __stm32reservedexception8
                0x080008d0                __exc_pendsv
                0x080008d0                __irq_usbwakeup
                0x080008d0                __irq_rcc
 .text.adc_init
                0x080008d2       0x14 C:\Users\Linxi\AppData\Local\Temp\VMBuilds\LMDZ_vs2019\Arduino_STM32-master_genericSTM32F103C\Debug\core.a(adc.c.o)
                0x080008d2                adc_init
 .text.adc_set_extsel
                0x080008e6       0x12 C:\Users\Linxi\AppData\Local\Temp\VMBuilds\LMDZ_vs2019\Arduino_STM32-master_genericSTM32F103C\Debug\core.a(adc.c.o)
                0x080008e6                adc_set_extsel
 .text.adc_set_sample_rate
                0x080008f8       0x30 C:\Users\Linxi\AppData\Local\Temp\VMBuilds\LMDZ_vs2019\Arduino_STM32-master_genericSTM32F103C\Debug\core.a(adc.c.o)
                0x080008f8                adc_set_sample_rate
 .text.adc_read
                0x08000928       0x20 C:\Users\Linxi\AppData\Local\Temp\VMBuilds\LMDZ_vs2019\Arduino_STM32-master_genericSTM32F103C\Debug\core.a(adc.c.o)
                0x08000928                adc_read
 .text.__irq_adc
                0x08000948       0x50 C:\Users\Linxi\AppData\Local\Temp\VMBuilds\LMDZ_vs2019\Arduino_STM32-master_genericSTM32F103C\Debug\core.a(adc_f1.c.o)
                0x08000948                __irq_adc
 .text.adc_calibrate
                0x08000998       0x24 C:\Users\Linxi\AppData\Local\Temp\VMBuilds\LMDZ_vs2019\Arduino_STM32-master_genericSTM32F103C\Debug\core.a(adc_f1.c.o)
                0x08000998                adc_calibrate
 .text.adc_set_prescaler
                0x080009bc        0x8 C:\Users\Linxi\AppData\Local\Temp\VMBuilds\LMDZ_vs2019\Arduino_STM32-master_genericSTM32F103C\Debug\core.a(adc_f1.c.o)
                0x080009bc                adc_set_prescaler
 .text.adc_foreach
                0x080009c4       0x1c C:\Users\Linxi\AppData\Local\Temp\VMBuilds\LMDZ_vs2019\Arduino_STM32-master_genericSTM32F103C\Debug\core.a(adc_f1.c.o)
                0x080009c4                adc_foreach
 .text.adc_enable_single_swstart
                0x080009e0       0x36 C:\Users\Linxi\AppData\Local\Temp\VMBuilds\LMDZ_vs2019\Arduino_STM32-master_genericSTM32F103C\Debug\core.a(adc_f1.c.o)
                0x080009e0                adc_enable_single_swstart
 *fill*         0x08000a16        0x2 
 .text.__irq_dma1_channel1
                0x08000a18       0x18 C:\Users\Linxi\AppData\Local\Temp\VMBuilds\LMDZ_vs2019\Arduino_STM32-master_genericSTM32F103C\Debug\core.a(dma_f1.c.o)
                0x08000a18                __irq_dma1_channel1
 .text.__irq_dma1_channel2
                0x08000a30       0x18 C:\Users\Linxi\AppData\Local\Temp\VMBuilds\LMDZ_vs2019\Arduino_STM32-master_genericSTM32F103C\Debug\core.a(dma_f1.c.o)
                0x08000a30                __irq_dma1_channel2
 .text.__irq_dma1_channel3
                0x08000a48       0x1c C:\Users\Linxi\AppData\Local\Temp\VMBuilds\LMDZ_vs2019\Arduino_STM32-master_genericSTM32F103C\Debug\core.a(dma_f1.c.o)
                0x08000a48                __irq_dma1_channel3
 .text.__irq_dma1_channel4
                0x08000a64       0x1c C:\Users\Linxi\AppData\Local\Temp\VMBuilds\LMDZ_vs2019\Arduino_STM32-master_genericSTM32F103C\Debug\core.a(dma_f1.c.o)
                0x08000a64                __irq_dma1_channel4
 .text.__irq_dma1_channel5
                0x08000a80       0x1c C:\Users\Linxi\AppData\Local\Temp\VMBuilds\LMDZ_vs2019\Arduino_STM32-master_genericSTM32F103C\Debug\core.a(dma_f1.c.o)
                0x08000a80                __irq_dma1_channel5
 .text.__irq_dma1_channel6
                0x08000a9c       0x1c C:\Users\Linxi\AppData\Local\Temp\VMBuilds\LMDZ_vs2019\Arduino_STM32-master_genericSTM32F103C\Debug\core.a(dma_f1.c.o)
                0x08000a9c                __irq_dma1_channel6
 .text.__irq_dma1_channel7
                0x08000ab8       0x1c C:\Users\Linxi\AppData\Local\Temp\VMBuilds\LMDZ_vs2019\Arduino_STM32-master_genericSTM32F103C\Debug\core.a(dma_f1.c.o)
                0x08000ab8                __irq_dma1_channel7
 .text.__irq_exti0
                0x08000ad4       0x20 C:\Users\Linxi\AppData\Local\Temp\VMBuilds\LMDZ_vs2019\Arduino_STM32-master_genericSTM32F103C\Debug\core.a(exti.c.o)
                0x08000ad4                __irq_exti0
 .text.__irq_exti1
                0x08000af4       0x20 C:\Users\Linxi\AppData\Local\Temp\VMBuilds\LMDZ_vs2019\Arduino_STM32-master_genericSTM32F103C\Debug\core.a(exti.c.o)
                0x08000af4                __irq_exti1
 .text.__irq_exti2
                0x08000b14       0x20 C:\Users\Linxi\AppData\Local\Temp\VMBuilds\LMDZ_vs2019\Arduino_STM32-master_genericSTM32F103C\Debug\core.a(exti.c.o)
                0x08000b14                __irq_exti2
 .text.__irq_exti3
                0x08000b34       0x20 C:\Users\Linxi\AppData\Local\Temp\VMBuilds\LMDZ_vs2019\Arduino_STM32-master_genericSTM32F103C\Debug\core.a(exti.c.o)
                0x08000b34                __irq_exti3
 .text.__irq_exti4
                0x08000b54       0x20 C:\Users\Linxi\AppData\Local\Temp\VMBuilds\LMDZ_vs2019\Arduino_STM32-master_genericSTM32F103C\Debug\core.a(exti.c.o)
                0x08000b54                __irq_exti4
 .text.__irq_exti9_5
                0x08000b74       0x44 C:\Users\Linxi\AppData\Local\Temp\VMBuilds\LMDZ_vs2019\Arduino_STM32-master_genericSTM32F103C\Debug\core.a(exti.c.o)
                0x08000b74                __irq_exti9_5
 .text.__irq_exti15_10
                0x08000bb8       0x44 C:\Users\Linxi\AppData\Local\Temp\VMBuilds\LMDZ_vs2019\Arduino_STM32-master_genericSTM32F103C\Debug\core.a(exti.c.o)
                0x08000bb8                __irq_exti15_10
 .text.flash_set_latency
                0x08000bfc       0x14 C:\Users\Linxi\AppData\Local\Temp\VMBuilds\LMDZ_vs2019\Arduino_STM32-master_genericSTM32F103C\Debug\core.a(flash.c.o)
                0x08000bfc                flash_set_latency
 .text.gpio_init_all
                0x08000c10       0x30 C:\Users\Linxi\AppData\Local\Temp\VMBuilds\LMDZ_vs2019\Arduino_STM32-master_genericSTM32F103C\Debug\core.a(gpio_f1.c.o)
                0x08000c10                gpio_init_all
 .text.gpio_set_mode
                0x08000c40       0x50 C:\Users\Linxi\AppData\Local\Temp\VMBuilds\LMDZ_vs2019\Arduino_STM32-master_genericSTM32F103C\Debug\core.a(gpio_f1.c.o)
                0x08000c40                gpio_set_mode
 .text.afio_init
                0x08000c90       0x12 C:\Users\Linxi\AppData\Local\Temp\VMBuilds\LMDZ_vs2019\Arduino_STM32-master_genericSTM32F103C\Debug\core.a(gpio_f1.c.o)
                0x08000c90                afio_init
 *fill*         0x08000ca2        0x2 
 .text.__irq_i2c1_ev
                0x08000ca4        0xc C:\Users\Linxi\AppData\Local\Temp\VMBuilds\LMDZ_vs2019\Arduino_STM32-master_genericSTM32F103C\Debug\core.a(i2c_f1.c.o)
                0x08000ca4                __irq_i2c1_ev
 .text.__irq_i2c2_ev
                0x08000cb0        0xc C:\Users\Linxi\AppData\Local\Temp\VMBuilds\LMDZ_vs2019\Arduino_STM32-master_genericSTM32F103C\Debug\core.a(i2c_f1.c.o)
                0x08000cb0                __irq_i2c2_ev
 .text.__irq_i2c1_er
                0x08000cbc        0xc C:\Users\Linxi\AppData\Local\Temp\VMBuilds\LMDZ_vs2019\Arduino_STM32-master_genericSTM32F103C\Debug\core.a(i2c_f1.c.o)
                0x08000cbc                __irq_i2c1_er
 .text.__irq_i2c2_er
                0x08000cc8        0xc C:\Users\Linxi\AppData\Local\Temp\VMBuilds\LMDZ_vs2019\Arduino_STM32-master_genericSTM32F103C\Debug\core.a(i2c_f1.c.o)
                0x08000cc8                __irq_i2c2_er
 .text._i2c_irq_priority_fixup
                0x08000cd4       0x1c C:\Users\Linxi\AppData\Local\Temp\VMBuilds\LMDZ_vs2019\Arduino_STM32-master_genericSTM32F103C\Debug\core.a(i2c_f1.c.o)
                0x08000cd4                _i2c_irq_priority_fixup
 .text.nvic_irq_set_priority
                0x08000cf0       0x28 C:\Users\Linxi\AppData\Local\Temp\VMBuilds\LMDZ_vs2019\Arduino_STM32-master_genericSTM32F103C\Debug\core.a(nvic.c.o)
                0x08000cf0                nvic_irq_set_priority
 .text.nvic_init
                0x08000d18       0x30 C:\Users\Linxi\AppData\Local\Temp\VMBuilds\LMDZ_vs2019\Arduino_STM32-master_genericSTM32F103C\Debug\core.a(nvic.c.o)
                0x08000d18                nvic_init
 .text.rcc_dev_clk
                0x08000d48        0xc C:\Users\Linxi\AppData\Local\Temp\VMBuilds\LMDZ_vs2019\Arduino_STM32-master_genericSTM32F103C\Debug\core.a(rcc.c.o)
                0x08000d48                rcc_dev_clk
 .text.rcc_switch_sysclk
                0x08000d54       0x20 C:\Users\Linxi\AppData\Local\Temp\VMBuilds\LMDZ_vs2019\Arduino_STM32-master_genericSTM32F103C\Debug\core.a(rcc.c.o)
                0x08000d54                rcc_switch_sysclk
 .text.rcc_turn_on_clk
                0x08000d74       0x1a C:\Users\Linxi\AppData\Local\Temp\VMBuilds\LMDZ_vs2019\Arduino_STM32-master_genericSTM32F103C\Debug\core.a(rcc.c.o)
                0x08000d74                rcc_turn_on_clk
 .text.rcc_turn_off_clk
                0x08000d8e       0x1c C:\Users\Linxi\AppData\Local\Temp\VMBuilds\LMDZ_vs2019\Arduino_STM32-master_genericSTM32F103C\Debug\core.a(rcc.c.o)
                0x08000d8e                rcc_turn_off_clk
 .text.rcc_is_clk_ready
                0x08000daa       0x18 C:\Users\Linxi\AppData\Local\Temp\VMBuilds\LMDZ_vs2019\Arduino_STM32-master_genericSTM32F103C\Debug\core.a(rcc.c.o)
                0x08000daa                rcc_is_clk_ready
 *fill*         0x08000dc2        0x2 
 .text.rcc_configure_pll
                0x08000dc4       0x18 C:\Users\Linxi\AppData\Local\Temp\VMBuilds\LMDZ_vs2019\Arduino_STM32-master_genericSTM32F103C\Debug\core.a(rcc_f1.c.o)
                0x08000dc4                rcc_configure_pll
 .text.rcc_clk_enable
                0x08000ddc       0x30 C:\Users\Linxi\AppData\Local\Temp\VMBuilds\LMDZ_vs2019\Arduino_STM32-master_genericSTM32F103C\Debug\core.a(rcc_f1.c.o)
                0x08000ddc                rcc_clk_enable
 .text.rcc_reset_dev
                0x08000e0c       0x34 C:\Users\Linxi\AppData\Local\Temp\VMBuilds\LMDZ_vs2019\Arduino_STM32-master_genericSTM32F103C\Debug\core.a(rcc_f1.c.o)
                0x08000e0c                rcc_reset_dev
 .text.rcc_set_prescaler
                0x08000e40       0x20 C:\Users\Linxi\AppData\Local\Temp\VMBuilds\LMDZ_vs2019\Arduino_STM32-master_genericSTM32F103C\Debug\core.a(rcc_f1.c.o)
                0x08000e40                rcc_set_prescaler
 .text.rcc_clk_disable
                0x08000e60       0x30 C:\Users\Linxi\AppData\Local\Temp\VMBuilds\LMDZ_vs2019\Arduino_STM32-master_genericSTM32F103C\Debug\core.a(rcc_f1.c.o)
                0x08000e60                rcc_clk_disable
 .text.systick_init
                0x08000e90       0x10 C:\Users\Linxi\AppData\Local\Temp\VMBuilds\LMDZ_vs2019\Arduino_STM32-master_genericSTM32F103C\Debug\core.a(systick.c.o)
                0x08000e90                systick_init
 .text.__exc_systick
                0x08000ea0       0x1c C:\Users\Linxi\AppData\Local\Temp\VMBuilds\LMDZ_vs2019\Arduino_STM32-master_genericSTM32F103C\Debug\core.a(systick.c.o)
                0x08000ea0                __exc_systick
 .text.timer_oc_set_mode
                0x08000ebc       0x3a C:\Users\Linxi\AppData\Local\Temp\VMBuilds\LMDZ_vs2019\Arduino_STM32-master_genericSTM32F103C\Debug\core.a(timer.c.o)
 .text.timer_cc_enable
                0x08000ef6       0x1c C:\Users\Linxi\AppData\Local\Temp\VMBuilds\LMDZ_vs2019\Arduino_STM32-master_genericSTM32F103C\Debug\core.a(timer.c.o)
 *fill*         0x08000f12        0x2 
 .text.timer_foreach
                0x08000f14       0x28 C:\Users\Linxi\AppData\Local\Temp\VMBuilds\LMDZ_vs2019\Arduino_STM32-master_genericSTM32F103C\Debug\core.a(timer.c.o)
                0x08000f14                timer_foreach
 .text.timer_init
                0x08000f3c       0x14 C:\Users\Linxi\AppData\Local\Temp\VMBuilds\LMDZ_vs2019\Arduino_STM32-master_genericSTM32F103C\Debug\core.a(timer.c.o)
                0x08000f3c                timer_init
 .text.timer_has_cc_channel
                0x08000f50       0x30 C:\Users\Linxi\AppData\Local\Temp\VMBuilds\LMDZ_vs2019\Arduino_STM32-master_genericSTM32F103C\Debug\core.a(timer.c.o)
                0x08000f50                timer_has_cc_channel
 .text.timer_detach_interrupt
                0x08000f80       0x1e C:\Users\Linxi\AppData\Local\Temp\VMBuilds\LMDZ_vs2019\Arduino_STM32-master_genericSTM32F103C\Debug\core.a(timer.c.o)
                0x08000f80                timer_detach_interrupt
 .text.input_capture_mode
                0x08000f9e       0x1a C:\Users\Linxi\AppData\Local\Temp\VMBuilds\LMDZ_vs2019\Arduino_STM32-master_genericSTM32F103C\Debug\core.a(timer.c.o)
                0x08000f9e                input_capture_mode
 .text.timer_set_mode
                0x08000fb8       0x8c C:\Users\Linxi\AppData\Local\Temp\VMBuilds\LMDZ_vs2019\Arduino_STM32-master_genericSTM32F103C\Debug\core.a(timer.c.o)
                0x08000fb8                timer_set_mode
 .text.__irq_tim1_brk
                0x08001044       0x24 C:\Users\Linxi\AppData\Local\Temp\VMBuilds\LMDZ_vs2019\Arduino_STM32-master_genericSTM32F103C\Debug\core.a(timer.c.o)
                0x08001044                __irq_tim1_brk
 .text.__irq_tim1_up
                0x08001068       0x24 C:\Users\Linxi\AppData\Local\Temp\VMBuilds\LMDZ_vs2019\Arduino_STM32-master_genericSTM32F103C\Debug\core.a(timer.c.o)
                0x08001068                __irq_tim1_up
 .text.__irq_tim1_trg_com
                0x0800108c       0x38 C:\Users\Linxi\AppData\Local\Temp\VMBuilds\LMDZ_vs2019\Arduino_STM32-master_genericSTM32F103C\Debug\core.a(timer.c.o)
                0x0800108c                __irq_tim1_trg_com
 .text.__irq_tim1_cc
                0x080010c4       0x54 C:\Users\Linxi\AppData\Local\Temp\VMBuilds\LMDZ_vs2019\Arduino_STM32-master_genericSTM32F103C\Debug\core.a(timer.c.o)
                0x080010c4                __irq_tim1_cc
 .text.__irq_tim2
                0x08001118       0x70 C:\Users\Linxi\AppData\Local\Temp\VMBuilds\LMDZ_vs2019\Arduino_STM32-master_genericSTM32F103C\Debug\core.a(timer.c.o)
                0x08001118                __irq_tim2
 .text.__irq_tim3
                0x08001188       0x70 C:\Users\Linxi\AppData\Local\Temp\VMBuilds\LMDZ_vs2019\Arduino_STM32-master_genericSTM32F103C\Debug\core.a(timer.c.o)
                0x08001188                __irq_tim3
 .text.__irq_tim4
                0x080011f8       0x70 C:\Users\Linxi\AppData\Local\Temp\VMBuilds\LMDZ_vs2019\Arduino_STM32-master_genericSTM32F103C\Debug\core.a(timer.c.o)
                0x080011f8                __irq_tim4
 .text.rb_remove
                0x08001268       0x24 C:\Users\Linxi\AppData\Local\Temp\VMBuilds\LMDZ_vs2019\Arduino_STM32-master_genericSTM32F103C\Debug\core.a(usart_f1.c.o)
 .text.rb_push_insert
                0x0800128c       0x52 C:\Users\Linxi\AppData\Local\Temp\VMBuilds\LMDZ_vs2019\Arduino_STM32-master_genericSTM32F103C\Debug\core.a(usart_f1.c.o)
 .text.usart_config_gpios_async
                0x080012de       0x4a C:\Users\Linxi\AppData\Local\Temp\VMBuilds\LMDZ_vs2019\Arduino_STM32-master_genericSTM32F103C\Debug\core.a(usart_f1.c.o)
                0x080012de                usart_config_gpios_async
 .text.usart_set_baud_rate
                0x08001328       0x3c C:\Users\Linxi\AppData\Local\Temp\VMBuilds\LMDZ_vs2019\Arduino_STM32-master_genericSTM32F103C\Debug\core.a(usart_f1.c.o)
                0x08001328                usart_set_baud_rate
 .text.__irq_usart1
                0x08001364       0x54 C:\Users\Linxi\AppData\Local\Temp\VMBuilds\LMDZ_vs2019\Arduino_STM32-master_genericSTM32F103C\Debug\core.a(usart_f1.c.o)
                0x08001364                __irq_usart1
 .text.__irq_usart2
                0x080013b8       0x54 C:\Users\Linxi\AppData\Local\Temp\VMBuilds\LMDZ_vs2019\Arduino_STM32-master_genericSTM32F103C\Debug\core.a(usart_f1.c.o)
                0x080013b8                __irq_usart2
 .text.__irq_usart3
                0x0800140c       0x54 C:\Users\Linxi\AppData\Local\Temp\VMBuilds\LMDZ_vs2019\Arduino_STM32-master_genericSTM32F103C\Debug\core.a(usart_f1.c.o)
                0x0800140c                __irq_usart3
 .text._usart_clock_freq
                0x08001460       0x24 C:\Users\Linxi\AppData\Local\Temp\VMBuilds\LMDZ_vs2019\Arduino_STM32-master_genericSTM32F103C\Debug\core.a(usart_private.c.o)
                0x08001460                _usart_clock_freq
 .text.throb    0x08001484       0x4c C:\Users\Linxi\AppData\Local\Temp\VMBuilds\LMDZ_vs2019\Arduino_STM32-master_genericSTM32F103C\Debug\core.a(util.c.o)
                0x08001484                throb
 .text.__error  0x080014d0       0x14 C:\Users\Linxi\AppData\Local\Temp\VMBuilds\LMDZ_vs2019\Arduino_STM32-master_genericSTM32F103C\Debug\core.a(util.c.o)
                0x080014d0                __error
 .text.usb_resume
                0x080014e4       0xb4 C:\Users\Linxi\AppData\Local\Temp\VMBuilds\LMDZ_vs2019\Arduino_STM32-master_genericSTM32F103C\Debug\core.a(usb.c.o)
 .text.__irq_usb_lp_can_rx0
                0x08001598      0x1c8 C:\Users\Linxi\AppData\Local\Temp\VMBuilds\LMDZ_vs2019\Arduino_STM32-master_genericSTM32F103C\Debug\core.a(usb.c.o)
                0x08001598                __irq_usb_lp_can_rx0
 .text.usb_set_ep_rx_stat
                0x08001760       0x22 C:\Users\Linxi\AppData\Local\Temp\VMBuilds\LMDZ_vs2019\Arduino_STM32-master_genericSTM32F103C\Debug\core.a(usb_cdcacm.c.o)
 *fill*         0x08001782        0x2 
 .text.vcomGetSetLineCoding
                0x08001784       0x18 C:\Users\Linxi\AppData\Local\Temp\VMBuilds\LMDZ_vs2019\Arduino_STM32-master_genericSTM32F103C\Debug\core.a(usb_cdcacm.c.o)
 .text.usbDataSetup
                0x0800179c       0x54 C:\Users\Linxi\AppData\Local\Temp\VMBuilds\LMDZ_vs2019\Arduino_STM32-master_genericSTM32F103C\Debug\core.a(usb_cdcacm.c.o)
 .text.usbNoDataSetup
                0x080017f0       0x50 C:\Users\Linxi\AppData\Local\Temp\VMBuilds\LMDZ_vs2019\Arduino_STM32-master_genericSTM32F103C\Debug\core.a(usb_cdcacm.c.o)
 .text.usbGetInterfaceSetting
                0x08001840       0x10 C:\Users\Linxi\AppData\Local\Temp\VMBuilds\LMDZ_vs2019\Arduino_STM32-master_genericSTM32F103C\Debug\core.a(usb_cdcacm.c.o)
 .text.usbGetStringDescriptor
                0x08001850       0x20 C:\Users\Linxi\AppData\Local\Temp\VMBuilds\LMDZ_vs2019\Arduino_STM32-master_genericSTM32F103C\Debug\core.a(usb_cdcacm.c.o)
 .text.usbGetConfigDescriptor
                0x08001870        0xc C:\Users\Linxi\AppData\Local\Temp\VMBuilds\LMDZ_vs2019\Arduino_STM32-master_genericSTM32F103C\Debug\core.a(usb_cdcacm.c.o)
 .text.usbGetDeviceDescriptor
                0x0800187c        0xc C:\Users\Linxi\AppData\Local\Temp\VMBuilds\LMDZ_vs2019\Arduino_STM32-master_genericSTM32F103C\Debug\core.a(usb_cdcacm.c.o)
 .text.usbInit  0x08001888       0x44 C:\Users\Linxi\AppData\Local\Temp\VMBuilds\LMDZ_vs2019\Arduino_STM32-master_genericSTM32F103C\Debug\core.a(usb_cdcacm.c.o)
 .text.usbReset
                0x080018cc      0x160 C:\Users\Linxi\AppData\Local\Temp\VMBuilds\LMDZ_vs2019\Arduino_STM32-master_genericSTM32F103C\Debug\core.a(usb_cdcacm.c.o)
 .text.usb_set_ep_rx_count
                0x08001a2c       0x40 C:\Users\Linxi\AppData\Local\Temp\VMBuilds\LMDZ_vs2019\Arduino_STM32-master_genericSTM32F103C\Debug\core.a(usb_reg_map.c.o)
                0x08001a2c                usb_set_ep_rx_count
 .text.Standard_GetConfiguration
                0x08001a6c       0x24 C:\Users\Linxi\AppData\Local\Temp\VMBuilds\LMDZ_vs2019\Arduino_STM32-master_genericSTM32F103C\Debug\core.a(usb_core.c.o)
                0x08001a6c                Standard_GetConfiguration
 .text.Standard_GetInterface
                0x08001a90       0x24 C:\Users\Linxi\AppData\Local\Temp\VMBuilds\LMDZ_vs2019\Arduino_STM32-master_genericSTM32F103C\Debug\core.a(usb_core.c.o)
                0x08001a90                Standard_GetInterface
 .text.Standard_GetStatus
                0x08001ab4       0x90 C:\Users\Linxi\AppData\Local\Temp\VMBuilds\LMDZ_vs2019\Arduino_STM32-master_genericSTM32F103C\Debug\core.a(usb_core.c.o)
                0x08001ab4                Standard_GetStatus
 .text.DataStageIn
                0x08001b44       0xa8 C:\Users\Linxi\AppData\Local\Temp\VMBuilds\LMDZ_vs2019\Arduino_STM32-master_genericSTM32F103C\Debug\core.a(usb_core.c.o)
 .text.Standard_SetConfiguration
                0x08001bec       0x38 C:\Users\Linxi\AppData\Local\Temp\VMBuilds\LMDZ_vs2019\Arduino_STM32-master_genericSTM32F103C\Debug\core.a(usb_core.c.o)
                0x08001bec                Standard_SetConfiguration
 .text.Standard_SetInterface
                0x08001c24       0x48 C:\Users\Linxi\AppData\Local\Temp\VMBuilds\LMDZ_vs2019\Arduino_STM32-master_genericSTM32F103C\Debug\core.a(usb_core.c.o)
                0x08001c24                Standard_SetInterface
 .text.Standard_ClearFeature
                0x08001c6c       0xd0 C:\Users\Linxi\AppData\Local\Temp\VMBuilds\LMDZ_vs2019\Arduino_STM32-master_genericSTM32F103C\Debug\core.a(usb_core.c.o)
                0x08001c6c                Standard_ClearFeature
 .text.Standard_SetEndPointFeature
                0x08001d3c       0x84 C:\Users\Linxi\AppData\Local\Temp\VMBuilds\LMDZ_vs2019\Arduino_STM32-master_genericSTM32F103C\Debug\core.a(usb_core.c.o)
                0x08001d3c                Standard_SetEndPointFeature
 .text.Standard_SetDeviceFeature
                0x08001dc0       0x24 C:\Users\Linxi\AppData\Local\Temp\VMBuilds\LMDZ_vs2019\Arduino_STM32-master_genericSTM32F103C\Debug\core.a(usb_core.c.o)
                0x08001dc0                Standard_SetDeviceFeature
 .text.Standard_GetDescriptorData
                0x08001de4       0x1c C:\Users\Linxi\AppData\Local\Temp\VMBuilds\LMDZ_vs2019\Arduino_STM32-master_genericSTM32F103C\Debug\core.a(usb_core.c.o)
                0x08001de4                Standard_GetDescriptorData
 .text.Post0_Process
                0x08001e00       0x40 C:\Users\Linxi\AppData\Local\Temp\VMBuilds\LMDZ_vs2019\Arduino_STM32-master_genericSTM32F103C\Debug\core.a(usb_core.c.o)
                0x08001e00                Post0_Process
 .text.Setup0_Process
                0x08001e40      0x2d0 C:\Users\Linxi\AppData\Local\Temp\VMBuilds\LMDZ_vs2019\Arduino_STM32-master_genericSTM32F103C\Debug\core.a(usb_core.c.o)
                0x08001e40                Setup0_Process
 .text.Out0_Process
                0x08002110       0xc8 C:\Users\Linxi\AppData\Local\Temp\VMBuilds\LMDZ_vs2019\Arduino_STM32-master_genericSTM32F103C\Debug\core.a(usb_core.c.o)
                0x08002110                Out0_Process
 .text.SetDeviceAddress
                0x080021d8       0x38 C:\Users\Linxi\AppData\Local\Temp\VMBuilds\LMDZ_vs2019\Arduino_STM32-master_genericSTM32F103C\Debug\core.a(usb_core.c.o)
                0x080021d8                SetDeviceAddress
 .text.In0_Process
                0x08002210       0x5c C:\Users\Linxi\AppData\Local\Temp\VMBuilds\LMDZ_vs2019\Arduino_STM32-master_genericSTM32F103C\Debug\core.a(usb_core.c.o)
                0x08002210                In0_Process
 .text.NOP_Process
                0x0800226c        0x2 C:\Users\Linxi\AppData\Local\Temp\VMBuilds\LMDZ_vs2019\Arduino_STM32-master_genericSTM32F103C\Debug\core.a(usb_core.c.o)
                0x0800226c                NOP_Process
 .text.UserToPMABufferCopy
                0x0800226e       0x30 C:\Users\Linxi\AppData\Local\Temp\VMBuilds\LMDZ_vs2019\Arduino_STM32-master_genericSTM32F103C\Debug\core.a(usb_mem.c.o)
                0x0800226e                UserToPMABufferCopy
 .text.PMAToUserBufferCopy
                0x0800229e       0x24 C:\Users\Linxi\AppData\Local\Temp\VMBuilds\LMDZ_vs2019\Arduino_STM32-master_genericSTM32F103C\Debug\core.a(usb_mem.c.o)
                0x0800229e                PMAToUserBufferCopy
 .text.SetEPTxStatus
                0x080022c2       0x2a C:\Users\Linxi\AppData\Local\Temp\VMBuilds\LMDZ_vs2019\Arduino_STM32-master_genericSTM32F103C\Debug\core.a(usb_regs.c.o)
                0x080022c2                SetEPTxStatus
 .text.ClearDTOG_RX
                0x080022ec       0x20 C:\Users\Linxi\AppData\Local\Temp\VMBuilds\LMDZ_vs2019\Arduino_STM32-master_genericSTM32F103C\Debug\core.a(usb_regs.c.o)
                0x080022ec                ClearDTOG_RX
 .text.ClearDTOG_TX
                0x0800230c       0x20 C:\Users\Linxi\AppData\Local\Temp\VMBuilds\LMDZ_vs2019\Arduino_STM32-master_genericSTM32F103C\Debug\core.a(usb_regs.c.o)
                0x0800230c                ClearDTOG_TX
 .text.GetEPTxAddr
                0x0800232c       0x1c C:\Users\Linxi\AppData\Local\Temp\VMBuilds\LMDZ_vs2019\Arduino_STM32-master_genericSTM32F103C\Debug\core.a(usb_regs.c.o)
                0x0800232c                GetEPTxAddr
 .text.GetEPRxAddr
                0x08002348       0x1c C:\Users\Linxi\AppData\Local\Temp\VMBuilds\LMDZ_vs2019\Arduino_STM32-master_genericSTM32F103C\Debug\core.a(usb_regs.c.o)
                0x08002348                GetEPRxAddr
 .text.SetEPTxCount
                0x08002364       0x1c C:\Users\Linxi\AppData\Local\Temp\VMBuilds\LMDZ_vs2019\Arduino_STM32-master_genericSTM32F103C\Debug\core.a(usb_regs.c.o)
                0x08002364                SetEPTxCount
 .text.SetEPRxCount
                0x08002380       0x40 C:\Users\Linxi\AppData\Local\Temp\VMBuilds\LMDZ_vs2019\Arduino_STM32-master_genericSTM32F103C\Debug\core.a(usb_regs.c.o)
                0x08002380                SetEPRxCount
 .text.rb_full_count
                0x080023c0       0x22 C:\Users\Linxi\AppData\Local\Temp\VMBuilds\LMDZ_vs2019\Arduino_STM32-master_genericSTM32F103C\Debug\core.a(HardwareSerial.cpp.o)
 .text._ZN14HardwareSerial4readEv
                0x080023e2       0x3a C:\Users\Linxi\AppData\Local\Temp\VMBuilds\LMDZ_vs2019\Arduino_STM32-master_genericSTM32F103C\Debug\core.a(HardwareSerial.cpp.o)
                0x080023e2                HardwareSerial::read()
 .text._ZN14HardwareSerial9availableEv
                0x0800241c        0xc C:\Users\Linxi\AppData\Local\Temp\VMBuilds\LMDZ_vs2019\Arduino_STM32-master_genericSTM32F103C\Debug\core.a(HardwareSerial.cpp.o)
                0x0800241c                HardwareSerial::available()
 .text._ZN14HardwareSerial4peekEv
                0x08002428       0x22 C:\Users\Linxi\AppData\Local\Temp\VMBuilds\LMDZ_vs2019\Arduino_STM32-master_genericSTM32F103C\Debug\core.a(HardwareSerial.cpp.o)
                0x08002428                HardwareSerial::peek()
 .text._ZN14HardwareSerial5flushEv
                0x0800244a       0x1a C:\Users\Linxi\AppData\Local\Temp\VMBuilds\LMDZ_vs2019\Arduino_STM32-master_genericSTM32F103C\Debug\core.a(HardwareSerial.cpp.o)
                0x0800244a                HardwareSerial::flush()
 .text._ZN14HardwareSerial5writeEh
                0x08002464       0x1e C:\Users\Linxi\AppData\Local\Temp\VMBuilds\LMDZ_vs2019\Arduino_STM32-master_genericSTM32F103C\Debug\core.a(HardwareSerial.cpp.o)
                0x08002464                HardwareSerial::write(unsigned char)
 *fill*         0x08002482        0x2 
 .text._ZN14HardwareSerialC2EP9usart_devhh
                0x08002484       0x1c C:\Users\Linxi\AppData\Local\Temp\VMBuilds\LMDZ_vs2019\Arduino_STM32-master_genericSTM32F103C\Debug\core.a(HardwareSerial.cpp.o)
                0x08002484                HardwareSerial::HardwareSerial(usart_dev*, unsigned char, unsigned char)
                0x08002484                HardwareSerial::HardwareSerial(usart_dev*, unsigned char, unsigned char)
 .text._ZN14HardwareSerial5beginEmh
                0x080024a0       0x78 C:\Users\Linxi\AppData\Local\Temp\VMBuilds\LMDZ_vs2019\Arduino_STM32-master_genericSTM32F103C\Debug\core.a(HardwareSerial.cpp.o)
                0x080024a0                HardwareSerial::begin(unsigned long, unsigned char)
 .text._ZN14HardwareSerial5beginEm
                0x08002518        0x6 C:\Users\Linxi\AppData\Local\Temp\VMBuilds\LMDZ_vs2019\Arduino_STM32-master_genericSTM32F103C\Debug\core.a(HardwareSerial.cpp.o)
                0x08002518                HardwareSerial::begin(unsigned long)
 .text.startup._Z7premainv
                0x0800251e        0x4 C:\Users\Linxi\AppData\Local\Temp\VMBuilds\LMDZ_vs2019\Arduino_STM32-master_genericSTM32F103C\Debug\core.a(main.cpp.o)
                0x0800251e                premain()
 .text.startup.main
                0x08002522        0xc C:\Users\Linxi\AppData\Local\Temp\VMBuilds\LMDZ_vs2019\Arduino_STM32-master_genericSTM32F103C\Debug\core.a(main.cpp.o)
                0x08002522                main
 .text._ZN5Print5writeEPKvm
                0x0800252e       0x20 C:\Users\Linxi\AppData\Local\Temp\VMBuilds\LMDZ_vs2019\Arduino_STM32-master_genericSTM32F103C\Debug\core.a(Print.cpp.o)
                0x0800252e                Print::write(void const*, unsigned long)
 .text._ZN5Print5writeEPKc
                0x0800254e       0x1e C:\Users\Linxi\AppData\Local\Temp\VMBuilds\LMDZ_vs2019\Arduino_STM32-master_genericSTM32F103C\Debug\core.a(Print.cpp.o)
                0x0800254e                Print::write(char const*)
 .text._ZN5Print5printEc
                0x0800256c        0xa C:\Users\Linxi\AppData\Local\Temp\VMBuilds\LMDZ_vs2019\Arduino_STM32-master_genericSTM32F103C\Debug\core.a(Print.cpp.o)
                0x0800256c                Print::print(char)
 .text._ZN5Print5printEPKc
                0x08002576        0xa C:\Users\Linxi\AppData\Local\Temp\VMBuilds\LMDZ_vs2019\Arduino_STM32-master_genericSTM32F103C\Debug\core.a(Print.cpp.o)
                0x08002576                Print::print(char const*)
 .text._ZN5Print7printlnEv
                0x08002580       0x18 C:\Users\Linxi\AppData\Local\Temp\VMBuilds\LMDZ_vs2019\Arduino_STM32-master_genericSTM32F103C\Debug\core.a(Print.cpp.o)
                0x08002580                Print::println()
 .text._Z10analogReadh
                0x08002598       0x1c C:\Users\Linxi\AppData\Local\Temp\VMBuilds\LMDZ_vs2019\Arduino_STM32-master_genericSTM32F103C\Debug\core.a(wirish_analog.cpp.o)
                0x08002598                analogRead(unsigned char)
 .text._ZL6microsv
                0x080025b4       0x34 C:\Users\Linxi\AppData\Local\Temp\VMBuilds\LMDZ_vs2019\Arduino_STM32-master_genericSTM32F103C\Debug\core.a(wirish_time.cpp.o)
 .text._Z5delaym
                0x080025e8       0x2a C:\Users\Linxi\AppData\Local\Temp\VMBuilds\LMDZ_vs2019\Arduino_STM32-master_genericSTM32F103C\Debug\core.a(wirish_time.cpp.o)
                0x080025e8                delay(unsigned long)
 *fill*         0x08002612        0x2 
 .text._Z7pinModeh13WiringPinMode
                0x08002614       0x84 C:\Users\Linxi\AppData\Local\Temp\VMBuilds\LMDZ_vs2019\Arduino_STM32-master_genericSTM32F103C\Debug\core.a(wirish_digital_f1.cpp.o)
                0x08002614                pinMode(unsigned char, WiringPinMode)
 .text.__empty  0x08002698        0x2 C:\Users\Linxi\AppData\Local\Temp\VMBuilds\LMDZ_vs2019\Arduino_STM32-master_genericSTM32F103C\Debug\core.a(hooks.c.o)
                0x08002698                yield
 .text.gpio_init
                0x0800269a       0x14 C:\Users\Linxi\AppData\Local\Temp\VMBuilds\LMDZ_vs2019\Arduino_STM32-master_genericSTM32F103C\Debug\core.a(gpio.c.o)
                0x0800269a                gpio_init
 .text.i2c_start_condition
                0x080026ae       0x14 C:\Users\Linxi\AppData\Local\Temp\VMBuilds\LMDZ_vs2019\Arduino_STM32-master_genericSTM32F103C\Debug\core.a(i2c.c.o)
 .text.i2c_stop_condition
                0x080026c2       0x1c C:\Users\Linxi\AppData\Local\Temp\VMBuilds\LMDZ_vs2019\Arduino_STM32-master_genericSTM32F103C\Debug\core.a(i2c.c.o)
 *fill*         0x080026de        0x2 
 .text._i2c_irq_handler
                0x080026e0      0x16c C:\Users\Linxi\AppData\Local\Temp\VMBuilds\LMDZ_vs2019\Arduino_STM32-master_genericSTM32F103C\Debug\core.a(i2c.c.o)
                0x080026e0                _i2c_irq_handler
 .text._i2c_irq_error_handler
                0x0800284c       0x2a C:\Users\Linxi\AppData\Local\Temp\VMBuilds\LMDZ_vs2019\Arduino_STM32-master_genericSTM32F103C\Debug\core.a(i2c.c.o)
                0x0800284c                _i2c_irq_error_handler
 *fill*         0x08002876        0x2 
 .text.usart_init
                0x08002878       0x4c C:\Users\Linxi\AppData\Local\Temp\VMBuilds\LMDZ_vs2019\Arduino_STM32-master_genericSTM32F103C\Debug\core.a(usart.c.o)
                0x08002878                usart_init
 .text.usart_enable
                0x080028c4       0x14 C:\Users\Linxi\AppData\Local\Temp\VMBuilds\LMDZ_vs2019\Arduino_STM32-master_genericSTM32F103C\Debug\core.a(usart.c.o)
                0x080028c4                usart_enable
 .text.usart_tx
                0x080028d8       0x9c C:\Users\Linxi\AppData\Local\Temp\VMBuilds\LMDZ_vs2019\Arduino_STM32-master_genericSTM32F103C\Debug\core.a(usart.c.o)
                0x080028d8                usart_tx
 .text          0x08002974      0x370 c:/users/linxi/appdata/local/arduino15/packages/arduino/tools/arm-none-eabi-gcc/4.8.3-2014q1/bin/../lib/gcc/arm-none-eabi/4.8.3/armv7-m\libgcc.a(_arm_addsubdf3.o)
                0x08002974                __aeabi_drsub
                0x0800297c                __aeabi_dsub
                0x0800297c                __subdf3
                0x08002980                __aeabi_dadd
                0x08002980                __adddf3
                0x08002bf8                __floatunsidf
                0x08002bf8                __aeabi_ui2d
                0x08002c18                __floatsidf
                0x08002c18                __aeabi_i2d
                0x08002c3c                __aeabi_f2d
                0x08002c3c                __extendsfdf2
                0x08002c78                __floatundidf
                0x08002c78                __aeabi_ul2d
                0x08002c88                __floatdidf
                0x08002c88                __aeabi_l2d
 .text          0x08002ce4      0x424 c:/users/linxi/appdata/local/arduino15/packages/arduino/tools/arm-none-eabi-gcc/4.8.3-2014q1/bin/../lib/gcc/arm-none-eabi/4.8.3/armv7-m\libgcc.a(_arm_muldivdf3.o)
                0x08002ce4                __aeabi_dmul
                0x08002ce4                __muldf3
                0x08002f38                __divdf3
                0x08002f38                __aeabi_ddiv
 .text.exit     0x08003108       0x20 c:/users/linxi/appdata/local/arduino15/packages/arduino/tools/arm-none-eabi-gcc/4.8.3-2014q1/bin/../lib/gcc/arm-none-eabi/4.8.3/../../../../arm-none-eabi/lib/armv7-m\libc.a(lib_a-exit.o)
                0x08003108                exit
 .text.__libc_init_array
                0x08003128       0x50 c:/users/linxi/appdata/local/arduino15/packages/arduino/tools/arm-none-eabi-gcc/4.8.3-2014q1/bin/../lib/gcc/arm-none-eabi/4.8.3/../../../../arm-none-eabi/lib/armv7-m\libc.a(lib_a-init.o)
                0x08003128                __libc_init_array
 .text.memset   0x08003178       0x94 c:/users/linxi/appdata/local/arduino15/packages/arduino/tools/arm-none-eabi-gcc/4.8.3-2014q1/bin/../lib/gcc/arm-none-eabi/4.8.3/../../../../arm-none-eabi/lib/armv7-m\libc.a(lib_a-memset.o)
                0x08003178                memset
 .text.strlen   0x0800320c       0x60 c:/users/linxi/appdata/local/arduino15/packages/arduino/tools/arm-none-eabi-gcc/4.8.3-2014q1/bin/../lib/gcc/arm-none-eabi/4.8.3/../../../../arm-none-eabi/lib/armv7-m\libc.a(lib_a-strlen.o)
                0x0800320c                strlen
 .text.startup.register_fini
                0x0800326c       0x14 c:/users/linxi/appdata/local/arduino15/packages/arduino/tools/arm-none-eabi-gcc/4.8.3-2014q1/bin/../lib/gcc/arm-none-eabi/4.8.3/../../../../arm-none-eabi/lib/armv7-m\libc.a(lib_a-__call_atexit.o)
 .text.__call_exitprocs
                0x08003280       0xf0 c:/users/linxi/appdata/local/arduino15/packages/arduino/tools/arm-none-eabi-gcc/4.8.3-2014q1/bin/../lib/gcc/arm-none-eabi/4.8.3/../../../../arm-none-eabi/lib/armv7-m\libc.a(lib_a-__call_atexit.o)
                0x08003280                __call_exitprocs
 .text.atexit   0x08003370        0xc c:/users/linxi/appdata/local/arduino15/packages/arduino/tools/arm-none-eabi-gcc/4.8.3-2014q1/bin/../lib/gcc/arm-none-eabi/4.8.3/../../../../arm-none-eabi/lib/armv7-m\libc.a(lib_a-atexit.o)
                0x08003370                atexit
 .text.__libc_fini_array
                0x0800337c       0x30 c:/users/linxi/appdata/local/arduino15/packages/arduino/tools/arm-none-eabi-gcc/4.8.3-2014q1/bin/../lib/gcc/arm-none-eabi/4.8.3/../../../../arm-none-eabi/lib/armv7-m\libc.a(lib_a-fini.o)
                0x0800337c                __libc_fini_array
 .text.__register_exitproc
                0x080033ac       0xa8 c:/users/linxi/appdata/local/arduino15/packages/arduino/tools/arm-none-eabi-gcc/4.8.3-2014q1/bin/../lib/gcc/arm-none-eabi/4.8.3/../../../../arm-none-eabi/lib/armv7-m\libc.a(lib_a-__atexit.o)
                0x080033ac                __register_exitproc
 *(.plt)
 *(.gnu.warning)
 *(.glue_7t)
 .glue_7t       0x00000000        0x0 linker stubs
 *(.glue_7)
 .glue_7        0x00000000        0x0 linker stubs
 *(.vfp11_veneer)
 .vfp11_veneer  0x00000000        0x0 linker stubs
 *(.ARM.extab* .gnu.linkonce.armextab.*)
 *(.gcc_except_table)
 *(.eh_frame_hdr)
 *(.eh_frame)
 .eh_frame      0x08003454        0x0 c:/users/linxi/appdata/local/arduino15/packages/arduino/tools/arm-none-eabi-gcc/4.8.3-2014q1/bin/../lib/gcc/arm-none-eabi/4.8.3/armv7-m/crtbegin.o
                0x08003454                . = ALIGN (0x4)
 *(.init)
 .init          0x08003454        0x4 c:/users/linxi/appdata/local/arduino15/packages/arduino/tools/arm-none-eabi-gcc/4.8.3-2014q1/bin/../lib/gcc/arm-none-eabi/4.8.3/armv7-m/crti.o
                0x08003454                _init
 .init          0x08003458        0x8 c:/users/linxi/appdata/local/arduino15/packages/arduino/tools/arm-none-eabi-gcc/4.8.3-2014q1/bin/../lib/gcc/arm-none-eabi/4.8.3/armv7-m/crtn.o
                0x08003460                . = ALIGN (0x4)
                0x08003460                __preinit_array_start = .
 *(.preinit_array)
                0x08003460                __preinit_array_end = .
                0x08003460                . = ALIGN (0x4)
                0x08003460                __init_array_start = .
 *(SORT(.init_array.*))
 .init_array.00000
                0x08003460        0x4 c:/users/linxi/appdata/local/arduino15/packages/arduino/tools/arm-none-eabi-gcc/4.8.3-2014q1/bin/../lib/gcc/arm-none-eabi/4.8.3/../../../../arm-none-eabi/lib/armv7-m\libc.a(lib_a-__call_atexit.o)
 .init_array.00101
                0x08003464        0x4 C:\Users\Linxi\AppData\Local\Temp\VMBuilds\LMDZ_vs2019\Arduino_STM32-master_genericSTM32F103C\Debug\core.a(main.cpp.o)
 *(.init_array)
 .init_array    0x08003468        0x4 c:/users/linxi/appdata/local/arduino15/packages/arduino/tools/arm-none-eabi-gcc/4.8.3-2014q1/bin/../lib/gcc/arm-none-eabi/4.8.3/armv7-m/crtbegin.o
 .init_array    0x0800346c        0x4 LMDZ_vs2019.cpp.o
 .init_array    0x08003470        0x4 C:\Users\Linxi\AppData\Local\Temp\VMBCore\arduino16x\5b2ae7263f6ca0060cc0925c34dc0d3c\variant\board.cpp.o
                0x08003474                __init_array_end = .
                0x08003474                . = ALIGN (0x4)
 *crtbegin.o(.ctors)
 *(EXCLUDE_FILE(*crtend.o) .ctors)
 *(SORT(.ctors.*))
 *crtend.o(.ctors)
                0x08003474                . = ALIGN (0x4)
 *(.fini)
 .fini          0x08003474        0x4 c:/users/linxi/appdata/local/arduino15/packages/arduino/tools/arm-none-eabi-gcc/4.8.3-2014q1/bin/../lib/gcc/arm-none-eabi/4.8.3/armv7-m/crti.o
                0x08003474                _fini
 .fini          0x08003478        0x8 c:/users/linxi/appdata/local/arduino15/packages/arduino/tools/arm-none-eabi-gcc/4.8.3-2014q1/bin/../lib/gcc/arm-none-eabi/4.8.3/armv7-m/crtn.o
                0x08003480                . = ALIGN (0x4)
                0x08003480                __fini_array_start = .
 *(.fini_array)
 .fini_array    0x08003480        0x4 c:/users/linxi/appdata/local/arduino15/packages/arduino/tools/arm-none-eabi-gcc/4.8.3-2014q1/bin/../lib/gcc/arm-none-eabi/4.8.3/armv7-m/crtbegin.o
 *(SORT(.fini_array.*))
                0x08003484                __fini_array_end = .
 *crtbegin.o(.dtors)
 *(EXCLUDE_FILE(*crtend.o) .dtors)
 *(SORT(.dtors.*))
 *crtend.o(.dtors)

.v4_bx          0x08003484        0x0
 .v4_bx         0x00000000        0x0 linker stubs

.iplt           0x08003484        0x0
 .iplt          0x00000000        0x0 c:/users/linxi/appdata/local/arduino15/packages/arduino/tools/arm-none-eabi-gcc/4.8.3-2014q1/bin/../lib/gcc/arm-none-eabi/4.8.3/armv7-m/crtbegin.o

.text.align     0x08003484        0x4
                0x08003488                . = ALIGN (0x8)
 *fill*         0x08003484        0x4 
                0x08003488                __text_end__ = .
                0x08003488                __exidx_start = .

.ARM.exidx      0x08003488        0x8
 *(.ARM.exidx* .gnu.linkonce.armexidx.*)
 .ARM.exidx     0x08003488        0x8 C:\Users\Linxi\AppData\Local\Temp\VMBCore\arduino16x\5b2ae7263f6ca0060cc0925c34dc0d3c\variant\start.S.o
                0x08003490                __exidx_end = .

.data           0x20000000      0xeb0 load address 0x08003490
                0x20000000                __data_start__ = .
                0x20000000        0x4 LONG 0x0
                0x20000008                . = ALIGN (0x8)
 *fill*         0x20000004        0x4 
 *(.got.plt)
 *(.got)
 *(.data .data.* .gnu.linkonce.d.*)
 .data.sensor2  0x20000008      0x350 LMDZ_vs2019.cpp.o
                0x20000008                sensor2
 .data.sensor1  0x20000358      0x350 LMDZ_vs2019.cpp.o
                0x20000358                sensor1
 .data.length   0x200006a8        0x4 LMDZ_vs2019.cpp.o
                0x200006a8                length
 .data._ZN6wirish4privL8pll_dataE
                0x200006ac        0x4 C:\Users\Linxi\AppData\Local\Temp\VMBCore\arduino16x\5b2ae7263f6ca0060cc0925c34dc0d3c\variant\boards_setup.cpp.o
 .data._ZN6wirish4priv9w_adc_smpE
                0x200006b0        0x1 C:\Users\Linxi\AppData\Local\Temp\VMBCore\arduino16x\5b2ae7263f6ca0060cc0925c34dc0d3c\variant\boards_setup.cpp.o
                0x200006b0                wirish::priv::w_adc_smp
 *fill*         0x200006b1        0x1 
 .data._ZN6wirish4priv9w_adc_preE
                0x200006b2        0x2 C:\Users\Linxi\AppData\Local\Temp\VMBCore\arduino16x\5b2ae7263f6ca0060cc0925c34dc0d3c\variant\boards_setup.cpp.o
                0x200006b2                wirish::priv::w_adc_pre
 .data._ZN6wirish4priv15w_board_pll_cfgE
                0x200006b4        0x8 C:\Users\Linxi\AppData\Local\Temp\VMBCore\arduino16x\5b2ae7263f6ca0060cc0925c34dc0d3c\variant\boards_setup.cpp.o
                0x200006b4                wirish::priv::w_board_pll_cfg
 .data.adc2     0x200006bc        0x8 C:\Users\Linxi\AppData\Local\Temp\VMBuilds\LMDZ_vs2019\Arduino_STM32-master_genericSTM32F103C\Debug\core.a(adc_f1.c.o)
                0x200006bc                adc2
 .data.adc1     0x200006c4       0x18 C:\Users\Linxi\AppData\Local\Temp\VMBuilds\LMDZ_vs2019\Arduino_STM32-master_genericSTM32F103C\Debug\core.a(adc_f1.c.o)
                0x200006c4                adc1
 .data.ADC2     0x200006dc        0x4 C:\Users\Linxi\AppData\Local\Temp\VMBuilds\LMDZ_vs2019\Arduino_STM32-master_genericSTM32F103C\Debug\core.a(adc_f1.c.o)
                0x200006dc                ADC2
 .data.ADC1     0x200006e0        0x4 C:\Users\Linxi\AppData\Local\Temp\VMBuilds\LMDZ_vs2019\Arduino_STM32-master_genericSTM32F103C\Debug\core.a(adc_f1.c.o)
                0x200006e0                ADC1
 .data.dma1     0x200006e4       0x40 C:\Users\Linxi\AppData\Local\Temp\VMBuilds\LMDZ_vs2019\Arduino_STM32-master_genericSTM32F103C\Debug\core.a(dma_f1.c.o)
 .data.DMA1     0x20000724        0x4 C:\Users\Linxi\AppData\Local\Temp\VMBuilds\LMDZ_vs2019\Arduino_STM32-master_genericSTM32F103C\Debug\core.a(dma_f1.c.o)
                0x20000724                DMA1
 .data.gpioa    0x20000728        0x8 C:\Users\Linxi\AppData\Local\Temp\VMBuilds\LMDZ_vs2019\Arduino_STM32-master_genericSTM32F103C\Debug\core.a(gpio_f1.c.o)
                0x20000728                gpioa
 .data.gpiob    0x20000730        0x8 C:\Users\Linxi\AppData\Local\Temp\VMBuilds\LMDZ_vs2019\Arduino_STM32-master_genericSTM32F103C\Debug\core.a(gpio_f1.c.o)
                0x20000730                gpiob
 .data.gpioc    0x20000738        0x8 C:\Users\Linxi\AppData\Local\Temp\VMBuilds\LMDZ_vs2019\Arduino_STM32-master_genericSTM32F103C\Debug\core.a(gpio_f1.c.o)
                0x20000738                gpioc
 .data.gpiod    0x20000740        0x8 C:\Users\Linxi\AppData\Local\Temp\VMBuilds\LMDZ_vs2019\Arduino_STM32-master_genericSTM32F103C\Debug\core.a(gpio_f1.c.o)
                0x20000740                gpiod
 .data.i2c1     0x20000748       0x24 C:\Users\Linxi\AppData\Local\Temp\VMBuilds\LMDZ_vs2019\Arduino_STM32-master_genericSTM32F103C\Debug\core.a(i2c_f1.c.o)
 .data.i2c2     0x2000076c       0x24 C:\Users\Linxi\AppData\Local\Temp\VMBuilds\LMDZ_vs2019\Arduino_STM32-master_genericSTM32F103C\Debug\core.a(i2c_f1.c.o)
 .data.enable_regs.4411
                0x20000790        0xc C:\Users\Linxi\AppData\Local\Temp\VMBuilds\LMDZ_vs2019\Arduino_STM32-master_genericSTM32F103C\Debug\core.a(rcc_f1.c.o)
 .data.reset_regs.4415
                0x2000079c        0x8 C:\Users\Linxi\AppData\Local\Temp\VMBuilds\LMDZ_vs2019\Arduino_STM32-master_genericSTM32F103C\Debug\core.a(rcc_f1.c.o)
 .data.enable_regs.4424
                0x200007a4        0xc C:\Users\Linxi\AppData\Local\Temp\VMBuilds\LMDZ_vs2019\Arduino_STM32-master_genericSTM32F103C\Debug\core.a(rcc_f1.c.o)
 .data.timer3   0x200007b0       0x24 C:\Users\Linxi\AppData\Local\Temp\VMBuilds\LMDZ_vs2019\Arduino_STM32-master_genericSTM32F103C\Debug\core.a(timer.c.o)
                0x200007b0                timer3
 .data.timer4   0x200007d4       0x24 C:\Users\Linxi\AppData\Local\Temp\VMBuilds\LMDZ_vs2019\Arduino_STM32-master_genericSTM32F103C\Debug\core.a(timer.c.o)
                0x200007d4                timer4
 .data.timer1   0x200007f8       0x28 C:\Users\Linxi\AppData\Local\Temp\VMBuilds\LMDZ_vs2019\Arduino_STM32-master_genericSTM32F103C\Debug\core.a(timer.c.o)
                0x200007f8                timer1
 .data.timer2   0x20000820       0x24 C:\Users\Linxi\AppData\Local\Temp\VMBuilds\LMDZ_vs2019\Arduino_STM32-master_genericSTM32F103C\Debug\core.a(timer.c.o)
                0x20000820                timer2
 .data.USART1   0x20000844        0x4 C:\Users\Linxi\AppData\Local\Temp\VMBuilds\LMDZ_vs2019\Arduino_STM32-master_genericSTM32F103C\Debug\core.a(usart_f1.c.o)
                0x20000844                USART1
 .data.USART2   0x20000848        0x4 C:\Users\Linxi\AppData\Local\Temp\VMBuilds\LMDZ_vs2019\Arduino_STM32-master_genericSTM32F103C\Debug\core.a(usart_f1.c.o)
                0x20000848                USART2
 .data.USART3   0x2000084c        0x4 C:\Users\Linxi\AppData\Local\Temp\VMBuilds\LMDZ_vs2019\Arduino_STM32-master_genericSTM32F103C\Debug\core.a(usart_f1.c.o)
                0x2000084c                USART3
 .data.usart1   0x20000850       0x94 C:\Users\Linxi\AppData\Local\Temp\VMBuilds\LMDZ_vs2019\Arduino_STM32-master_genericSTM32F103C\Debug\core.a(usart_f1.c.o)
 .data.usart2   0x200008e4       0x94 C:\Users\Linxi\AppData\Local\Temp\VMBuilds\LMDZ_vs2019\Arduino_STM32-master_genericSTM32F103C\Debug\core.a(usart_f1.c.o)
 .data.usart3   0x20000978       0x94 C:\Users\Linxi\AppData\Local\Temp\VMBuilds\LMDZ_vs2019\Arduino_STM32-master_genericSTM32F103C\Debug\core.a(usart_f1.c.o)
 .data.USBLIB   0x20000a0c        0x4 C:\Users\Linxi\AppData\Local\Temp\VMBuilds\LMDZ_vs2019\Arduino_STM32-master_genericSTM32F103C\Debug\core.a(usb.c.o)
                0x20000a0c                USBLIB
 .data.usblib   0x20000a10       0x10 C:\Users\Linxi\AppData\Local\Temp\VMBuilds\LMDZ_vs2019\Arduino_STM32-master_genericSTM32F103C\Debug\core.a(usb.c.o)
 .data.Config_Descriptor
                0x20000a20        0x8 C:\Users\Linxi\AppData\Local\Temp\VMBuilds\LMDZ_vs2019\Arduino_STM32-master_genericSTM32F103C\Debug\core.a(usb_cdcacm.c.o)
 .data.Device_Property
                0x20000a28       0x30 C:\Users\Linxi\AppData\Local\Temp\VMBuilds\LMDZ_vs2019\Arduino_STM32-master_genericSTM32F103C\Debug\core.a(usb_cdcacm.c.o)
                0x20000a28                Device_Property
 .data.String_Descriptor
                0x20000a58       0x18 C:\Users\Linxi\AppData\Local\Temp\VMBuilds\LMDZ_vs2019\Arduino_STM32-master_genericSTM32F103C\Debug\core.a(usb_cdcacm.c.o)
 .data.line_coding
                0x20000a70        0x7 C:\Users\Linxi\AppData\Local\Temp\VMBuilds\LMDZ_vs2019\Arduino_STM32-master_genericSTM32F103C\Debug\core.a(usb_cdcacm.c.o)
 *fill*         0x20000a77        0x1 
 .data.Device_Descriptor
                0x20000a78        0x8 C:\Users\Linxi\AppData\Local\Temp\VMBuilds\LMDZ_vs2019\Arduino_STM32-master_genericSTM32F103C\Debug\core.a(usb_cdcacm.c.o)
 .data.Device_Table
                0x20000a80        0x2 C:\Users\Linxi\AppData\Local\Temp\VMBuilds\LMDZ_vs2019\Arduino_STM32-master_genericSTM32F103C\Debug\core.a(usb_cdcacm.c.o)
                0x20000a80                Device_Table
 *fill*         0x20000a82        0x6 
 .data.impure_data
                0x20000a88      0x428 c:/users/linxi/appdata/local/arduino15/packages/arduino/tools/arm-none-eabi-gcc/4.8.3-2014q1/bin/../lib/gcc/arm-none-eabi/4.8.3/../../../../arm-none-eabi/lib/armv7-m\libc.a(lib_a-impure.o)
                0x20000eb0                . = ALIGN (0x8)
                0x20000eb0                __data_end__ = .

.jcr            0x20000eb0        0x0 load address 0x08004340
 .jcr           0x20000eb0        0x0 c:/users/linxi/appdata/local/arduino15/packages/arduino/tools/arm-none-eabi-gcc/4.8.3-2014q1/bin/../lib/gcc/arm-none-eabi/4.8.3/armv7-m/crtbegin.o

.igot.plt       0x20000eb0        0x0 load address 0x08004340
 .igot.plt      0x00000000        0x0 c:/users/linxi/appdata/local/arduino15/packages/arduino/tools/arm-none-eabi-gcc/4.8.3-2014q1/bin/../lib/gcc/arm-none-eabi/4.8.3/armv7-m/crtbegin.o

.rodata         0x08004340      0x35c
 *(.rodata .rodata.* .gnu.linkonce.r.*)
 .rodata.str1.1
                0x08004340        0x7 LMDZ_vs2019.cpp.o
 *fill*         0x08004347        0x1 
 .rodata.PIN_MAP
                0x08004348      0x230 C:\Users\Linxi\AppData\Local\Temp\VMBCore\arduino16x\5b2ae7263f6ca0060cc0925c34dc0d3c\variant\board.cpp.o
                0x08004348                PIN_MAP
 .rodata.GPIOC  0x08004578        0x4 C:\Users\Linxi\AppData\Local\Temp\VMBuilds\LMDZ_vs2019\Arduino_STM32-master_genericSTM32F103C\Debug\core.a(gpio_f1.c.o)
                0x08004578                GPIOC
 .rodata.rcc_dev_table
                0x0800457c       0x5c C:\Users\Linxi\AppData\Local\Temp\VMBuilds\LMDZ_vs2019\Arduino_STM32-master_genericSTM32F103C\Debug\core.a(rcc_f1.c.o)
                0x0800457c                rcc_dev_table
 .rodata.masks.4420
                0x080045d8       0x14 C:\Users\Linxi\AppData\Local\Temp\VMBuilds\LMDZ_vs2019\Arduino_STM32-master_genericSTM32F103C\Debug\core.a(rcc_f1.c.o)
 .rodata.usbVcomDescriptor_iProduct
                0x080045ec        0xc C:\Users\Linxi\AppData\Local\Temp\VMBuilds\LMDZ_vs2019\Arduino_STM32-master_genericSTM32F103C\Debug\core.a(usb_cdcacm.c.o)
 .rodata.usbVcomDescriptor_iManufacturer
                0x080045f8       0x12 C:\Users\Linxi\AppData\Local\Temp\VMBuilds\LMDZ_vs2019\Arduino_STM32-master_genericSTM32F103C\Debug\core.a(usb_cdcacm.c.o)
 .rodata.usbVcomDescriptor_Device
                0x0800460a       0x12 C:\Users\Linxi\AppData\Local\Temp\VMBuilds\LMDZ_vs2019\Arduino_STM32-master_genericSTM32F103C\Debug\core.a(usb_cdcacm.c.o)
 .rodata.usbVcomDescriptor_Config
                0x0800461c       0x43 C:\Users\Linxi\AppData\Local\Temp\VMBuilds\LMDZ_vs2019\Arduino_STM32-master_genericSTM32F103C\Debug\core.a(usb_cdcacm.c.o)
 .rodata.usbVcomDescriptor_LangID
                0x0800465f        0x4 C:\Users\Linxi\AppData\Local\Temp\VMBuilds\LMDZ_vs2019\Arduino_STM32-master_genericSTM32F103C\Debug\core.a(usb_cdcacm.c.o)
 *fill*         0x08004663        0x5 
 .rodata._ZTV14HardwareSerial
                0x08004668       0x28 C:\Users\Linxi\AppData\Local\Temp\VMBuilds\LMDZ_vs2019\Arduino_STM32-master_genericSTM32F103C\Debug\core.a(HardwareSerial.cpp.o)
                0x08004668                vtable for HardwareSerial
 .rodata.str1.4
                0x08004690        0x4 c:/users/linxi/appdata/local/arduino15/packages/arduino/tools/arm-none-eabi-gcc/4.8.3-2014q1/bin/../lib/gcc/arm-none-eabi/4.8.3/../../../../arm-none-eabi/lib/armv7-m\libc.a(lib_a-impure.o)
 .rodata._global_impure_ptr
                0x08004694        0x4 c:/users/linxi/appdata/local/arduino15/packages/arduino/tools/arm-none-eabi-gcc/4.8.3-2014q1/bin/../lib/gcc/arm-none-eabi/4.8.3/../../../../arm-none-eabi/lib/armv7-m\libc.a(lib_a-impure.o)
                0x08004694                _global_impure_ptr
 *(.USER_FLASH)
                0x08004698                . = ALIGN (0x4)
                0x08004698                _lm_rom_img_cfgp = .
                0x08004698        0x4 LONG 0x8003490 LOADADDR (.data)
                0x20001048                _lm_heap_start = DEFINED (_lm_heap_start)?_lm_heap_start:_end
                0x20005000                _lm_heap_end = DEFINED (_lm_heap_end)?_lm_heap_end:__msp_init

.rel.dyn        0x0800469c        0x0
 .rel.iplt      0x00000000        0x0 c:/users/linxi/appdata/local/arduino15/packages/arduino/tools/arm-none-eabi-gcc/4.8.3-2014q1/bin/../lib/gcc/arm-none-eabi/4.8.3/armv7-m/crtbegin.o

.bss            0x20000eb0      0x198
                0x20000eb0                . = ALIGN (0x8)
                0x20000eb0                __bss_start__ = .
 *(.bss .bss.* .gnu.linkonce.b.*)
 .bss           0x20000eb0       0x1c c:/users/linxi/appdata/local/arduino15/packages/arduino/tools/arm-none-eabi-gcc/4.8.3-2014q1/bin/../lib/gcc/arm-none-eabi/4.8.3/armv7-m/crtbegin.o
 .bss.Delay     0x20000ecc        0x4 LMDZ_vs2019.cpp.o
                0x20000ecc                Delay
 .bss.Serial    0x20000ed0       0x18 C:\Users\Linxi\AppData\Local\Temp\VMBCore\arduino16x\5b2ae7263f6ca0060cc0925c34dc0d3c\variant\board.cpp.o
                0x20000ed0                Serial
 .bss.Serial1   0x20000ee8       0x18 C:\Users\Linxi\AppData\Local\Temp\VMBCore\arduino16x\5b2ae7263f6ca0060cc0925c34dc0d3c\variant\board.cpp.o
                0x20000ee8                Serial1
 .bss.Serial2   0x20000f00       0x18 C:\Users\Linxi\AppData\Local\Temp\VMBCore\arduino16x\5b2ae7263f6ca0060cc0925c34dc0d3c\variant\board.cpp.o
                0x20000f00                Serial2
 .bss.exti_channels
                0x20000f18       0x80 C:\Users\Linxi\AppData\Local\Temp\VMBuilds\LMDZ_vs2019\Arduino_STM32-master_genericSTM32F103C\Debug\core.a(exti.c.o)
 .bss.systick_user_callback
                0x20000f98        0x4 C:\Users\Linxi\AppData\Local\Temp\VMBuilds\LMDZ_vs2019\Arduino_STM32-master_genericSTM32F103C\Debug\core.a(systick.c.o)
 .bss.usart1_wb
                0x20000f9c        0xc C:\Users\Linxi\AppData\Local\Temp\VMBuilds\LMDZ_vs2019\Arduino_STM32-master_genericSTM32F103C\Debug\core.a(usart_f1.c.o)
 .bss.usart1_rb
                0x20000fa8        0xc C:\Users\Linxi\AppData\Local\Temp\VMBuilds\LMDZ_vs2019\Arduino_STM32-master_genericSTM32F103C\Debug\core.a(usart_f1.c.o)
 .bss.usart2_rb
                0x20000fb4        0xc C:\Users\Linxi\AppData\Local\Temp\VMBuilds\LMDZ_vs2019\Arduino_STM32-master_genericSTM32F103C\Debug\core.a(usart_f1.c.o)
 .bss.usart3_rb
                0x20000fc0        0xc C:\Users\Linxi\AppData\Local\Temp\VMBuilds\LMDZ_vs2019\Arduino_STM32-master_genericSTM32F103C\Debug\core.a(usart_f1.c.o)
 .bss.usart2_wb
                0x20000fcc        0xc C:\Users\Linxi\AppData\Local\Temp\VMBuilds\LMDZ_vs2019\Arduino_STM32-master_genericSTM32F103C\Debug\core.a(usart_f1.c.o)
 .bss.usart3_wb
                0x20000fd8        0xc C:\Users\Linxi\AppData\Local\Temp\VMBuilds\LMDZ_vs2019\Arduino_STM32-master_genericSTM32F103C\Debug\core.a(usart_f1.c.o)
 .bss.line_dtr_rts
                0x20000fe4        0x1 C:\Users\Linxi\AppData\Local\Temp\VMBuilds\LMDZ_vs2019\Arduino_STM32-master_genericSTM32F103C\Debug\core.a(usb_cdcacm.c.o)
 *fill*         0x20000fe5        0x3 
 .bss.tx_head   0x20000fe8        0x4 C:\Users\Linxi\AppData\Local\Temp\VMBuilds\LMDZ_vs2019\Arduino_STM32-master_genericSTM32F103C\Debug\core.a(usb_cdcacm.c.o)
 .bss.transmitting
                0x20000fec        0x1 C:\Users\Linxi\AppData\Local\Temp\VMBuilds\LMDZ_vs2019\Arduino_STM32-master_genericSTM32F103C\Debug\core.a(usb_cdcacm.c.o)
 *fill*         0x20000fed        0x3 
 .bss.rx_tail   0x20000ff0        0x4 C:\Users\Linxi\AppData\Local\Temp\VMBuilds\LMDZ_vs2019\Arduino_STM32-master_genericSTM32F103C\Debug\core.a(usb_cdcacm.c.o)
 .bss.iface_setup_hook
                0x20000ff4        0x4 C:\Users\Linxi\AppData\Local\Temp\VMBuilds\LMDZ_vs2019\Arduino_STM32-master_genericSTM32F103C\Debug\core.a(usb_cdcacm.c.o)
 .bss.rx_head   0x20000ff8        0x4 C:\Users\Linxi\AppData\Local\Temp\VMBuilds\LMDZ_vs2019\Arduino_STM32-master_genericSTM32F103C\Debug\core.a(usb_cdcacm.c.o)
 .bss.tx_tail   0x20000ffc        0x4 C:\Users\Linxi\AppData\Local\Temp\VMBuilds\LMDZ_vs2019\Arduino_STM32-master_genericSTM32F103C\Debug\core.a(usb_cdcacm.c.o)
 .bss.Data_Mul_MaxPacketSize
                0x20001000        0x1 C:\Users\Linxi\AppData\Local\Temp\VMBuilds\LMDZ_vs2019\Arduino_STM32-master_genericSTM32F103C\Debug\core.a(usb_core.c.o)
                0x20001000                Data_Mul_MaxPacketSize
 *(COMMON)
 *fill*         0x20001001        0x3 
 COMMON         0x20001004        0x4 C:\Users\Linxi\AppData\Local\Temp\VMBuilds\LMDZ_vs2019\Arduino_STM32-master_genericSTM32F103C\Debug\core.a(systick.c.o)
                0x20001004                systick_uptime_millis
 COMMON         0x20001008        0x6 C:\Users\Linxi\AppData\Local\Temp\VMBuilds\LMDZ_vs2019\Arduino_STM32-master_genericSTM32F103C\Debug\core.a(usb.c.o)
                0x20001008                SaveRState
                0x2000100a                SaveTState
                0x2000100c                ResumeS
 COMMON         0x2000100e        0x2 C:\Users\Linxi\AppData\Local\Temp\VMBuilds\LMDZ_vs2019\Arduino_STM32-master_genericSTM32F103C\Debug\core.a(usb_core.c.o)
                0x2000100e                StatusInfo
 COMMON         0x20001010       0x32 C:\Users\Linxi\AppData\Local\Temp\VMBuilds\LMDZ_vs2019\Arduino_STM32-master_genericSTM32F103C\Debug\core.a(usb_init.c.o)
                0x20001010                SaveState
                0x20001014                pProperty
                0x20001018                EPindex
                0x2000101c                Device_Info
                0x20001038                pUser_Standard_Requests
                0x2000103c                pInformation
                0x20001040                wInterrupt_Mask
                0x20001048                . = ALIGN (0x8)
 *fill*         0x20001042        0x6 
                0x20001048                __bss_end__ = .
                0x20001048                _end = __bss_end__

.stab
 *(.stab)

.stabstr
 *(.stabstr)

.debug
 *(.debug)

.line
 *(.line)

.debug_srcinfo
 *(.debug_srcinfo)

.debug_sfnames
 *(.debug_sfnames)

.debug_aranges  0x00000000      0xec8
 *(.debug_aranges)
 .debug_aranges
                0x00000000       0x90 LMDZ_vs2019.cpp.o
 .debug_aranges
                0x00000090       0x28 C:\Users\Linxi\AppData\Local\Temp\VMBCore\arduino16x\5b2ae7263f6ca0060cc0925c34dc0d3c\variant\board.cpp.o
 .debug_aranges
                0x000000b8       0x40 C:\Users\Linxi\AppData\Local\Temp\VMBCore\arduino16x\5b2ae7263f6ca0060cc0925c34dc0d3c\variant\boards.cpp.o
 .debug_aranges
                0x000000f8       0x40 C:\Users\Linxi\AppData\Local\Temp\VMBCore\arduino16x\5b2ae7263f6ca0060cc0925c34dc0d3c\variant\boards_setup.cpp.o
 .debug_aranges
                0x00000138       0x20 C:\Users\Linxi\AppData\Local\Temp\VMBCore\arduino16x\5b2ae7263f6ca0060cc0925c34dc0d3c\variant\start.S.o
 .debug_aranges
                0x00000158       0x20 C:\Users\Linxi\AppData\Local\Temp\VMBCore\arduino16x\5b2ae7263f6ca0060cc0925c34dc0d3c\variant\start_c.c.o
 .debug_aranges
                0x00000178       0x88 C:\Users\Linxi\AppData\Local\Temp\VMBCore\arduino16x\5b2ae7263f6ca0060cc0925c34dc0d3c\variant\syscalls.c.o
 .debug_aranges
                0x00000200       0x20 C:\Users\Linxi\AppData\Local\Temp\VMBuilds\LMDZ_vs2019\Arduino_STM32-master_genericSTM32F103C\Debug\core.a(exc.S.o)
 .debug_aranges
                0x00000220       0x20 C:\Users\Linxi\AppData\Local\Temp\VMBuilds\LMDZ_vs2019\Arduino_STM32-master_genericSTM32F103C\Debug\core.a(isrs.S.o)
 .debug_aranges
                0x00000240       0x38 C:\Users\Linxi\AppData\Local\Temp\VMBuilds\LMDZ_vs2019\Arduino_STM32-master_genericSTM32F103C\Debug\core.a(adc.c.o)
 .debug_aranges
                0x00000278       0x58 C:\Users\Linxi\AppData\Local\Temp\VMBuilds\LMDZ_vs2019\Arduino_STM32-master_genericSTM32F103C\Debug\core.a(adc_f1.c.o)
 .debug_aranges
                0x000002d0       0xa8 C:\Users\Linxi\AppData\Local\Temp\VMBuilds\LMDZ_vs2019\Arduino_STM32-master_genericSTM32F103C\Debug\core.a(dma_f1.c.o)
 .debug_aranges
                0x00000378       0x70 C:\Users\Linxi\AppData\Local\Temp\VMBuilds\LMDZ_vs2019\Arduino_STM32-master_genericSTM32F103C\Debug\core.a(exti.c.o)
 .debug_aranges
                0x000003e8       0x20 C:\Users\Linxi\AppData\Local\Temp\VMBuilds\LMDZ_vs2019\Arduino_STM32-master_genericSTM32F103C\Debug\core.a(exti_f1.c.o)
 .debug_aranges
                0x00000408       0x20 C:\Users\Linxi\AppData\Local\Temp\VMBuilds\LMDZ_vs2019\Arduino_STM32-master_genericSTM32F103C\Debug\core.a(flash.c.o)
 .debug_aranges
                0x00000428       0x40 C:\Users\Linxi\AppData\Local\Temp\VMBuilds\LMDZ_vs2019\Arduino_STM32-master_genericSTM32F103C\Debug\core.a(gpio_f1.c.o)
 .debug_aranges
                0x00000468       0x50 C:\Users\Linxi\AppData\Local\Temp\VMBuilds\LMDZ_vs2019\Arduino_STM32-master_genericSTM32F103C\Debug\core.a(i2c_f1.c.o)
 .debug_aranges
                0x000004b8       0x38 C:\Users\Linxi\AppData\Local\Temp\VMBuilds\LMDZ_vs2019\Arduino_STM32-master_genericSTM32F103C\Debug\core.a(nvic.c.o)
 .debug_aranges
                0x000004f0       0x48 C:\Users\Linxi\AppData\Local\Temp\VMBuilds\LMDZ_vs2019\Arduino_STM32-master_genericSTM32F103C\Debug\core.a(rcc.c.o)
 .debug_aranges
                0x00000538       0x48 C:\Users\Linxi\AppData\Local\Temp\VMBuilds\LMDZ_vs2019\Arduino_STM32-master_genericSTM32F103C\Debug\core.a(rcc_f1.c.o)
 .debug_aranges
                0x00000580       0x40 C:\Users\Linxi\AppData\Local\Temp\VMBuilds\LMDZ_vs2019\Arduino_STM32-master_genericSTM32F103C\Debug\core.a(systick.c.o)
 .debug_aranges
                0x000005c0       0xa8 C:\Users\Linxi\AppData\Local\Temp\VMBuilds\LMDZ_vs2019\Arduino_STM32-master_genericSTM32F103C\Debug\core.a(timer.c.o)
 .debug_aranges
                0x00000668       0x58 C:\Users\Linxi\AppData\Local\Temp\VMBuilds\LMDZ_vs2019\Arduino_STM32-master_genericSTM32F103C\Debug\core.a(usart_f1.c.o)
 .debug_aranges
                0x000006c0       0x20 C:\Users\Linxi\AppData\Local\Temp\VMBuilds\LMDZ_vs2019\Arduino_STM32-master_genericSTM32F103C\Debug\core.a(usart_private.c.o)
 .debug_aranges
                0x000006e0       0x50 C:\Users\Linxi\AppData\Local\Temp\VMBuilds\LMDZ_vs2019\Arduino_STM32-master_genericSTM32F103C\Debug\core.a(util.c.o)
 .debug_aranges
                0x00000730       0x38 C:\Users\Linxi\AppData\Local\Temp\VMBuilds\LMDZ_vs2019\Arduino_STM32-master_genericSTM32F103C\Debug\core.a(usb.c.o)
 .debug_aranges
                0x00000768      0x128 C:\Users\Linxi\AppData\Local\Temp\VMBuilds\LMDZ_vs2019\Arduino_STM32-master_genericSTM32F103C\Debug\core.a(usb_cdcacm.c.o)
 .debug_aranges
                0x00000890       0x20 C:\Users\Linxi\AppData\Local\Temp\VMBuilds\LMDZ_vs2019\Arduino_STM32-master_genericSTM32F103C\Debug\core.a(usb_reg_map.c.o)
 .debug_aranges
                0x000008b0       0x98 C:\Users\Linxi\AppData\Local\Temp\VMBuilds\LMDZ_vs2019\Arduino_STM32-master_genericSTM32F103C\Debug\core.a(usb_core.c.o)
 .debug_aranges
                0x00000948       0x20 C:\Users\Linxi\AppData\Local\Temp\VMBuilds\LMDZ_vs2019\Arduino_STM32-master_genericSTM32F103C\Debug\core.a(usb_init.c.o)
 .debug_aranges
                0x00000968       0x28 C:\Users\Linxi\AppData\Local\Temp\VMBuilds\LMDZ_vs2019\Arduino_STM32-master_genericSTM32F103C\Debug\core.a(usb_mem.c.o)
 .debug_aranges
                0x00000990      0x1f0 C:\Users\Linxi\AppData\Local\Temp\VMBuilds\LMDZ_vs2019\Arduino_STM32-master_genericSTM32F103C\Debug\core.a(usb_regs.c.o)
 .debug_aranges
                0x00000b80       0x70 C:\Users\Linxi\AppData\Local\Temp\VMBuilds\LMDZ_vs2019\Arduino_STM32-master_genericSTM32F103C\Debug\core.a(HardwareSerial.cpp.o)
 .debug_aranges
                0x00000bf0       0x28 C:\Users\Linxi\AppData\Local\Temp\VMBuilds\LMDZ_vs2019\Arduino_STM32-master_genericSTM32F103C\Debug\core.a(main.cpp.o)
 .debug_aranges
                0x00000c18      0x110 C:\Users\Linxi\AppData\Local\Temp\VMBuilds\LMDZ_vs2019\Arduino_STM32-master_genericSTM32F103C\Debug\core.a(Print.cpp.o)
 .debug_aranges
                0x00000d28       0x20 C:\Users\Linxi\AppData\Local\Temp\VMBuilds\LMDZ_vs2019\Arduino_STM32-master_genericSTM32F103C\Debug\core.a(wirish_analog.cpp.o)
 .debug_aranges
                0x00000d48       0x30 C:\Users\Linxi\AppData\Local\Temp\VMBuilds\LMDZ_vs2019\Arduino_STM32-master_genericSTM32F103C\Debug\core.a(wirish_time.cpp.o)
 .debug_aranges
                0x00000d78       0x20 C:\Users\Linxi\AppData\Local\Temp\VMBuilds\LMDZ_vs2019\Arduino_STM32-master_genericSTM32F103C\Debug\core.a(wirish_digital_f1.cpp.o)
 .debug_aranges
                0x00000d98       0x20 C:\Users\Linxi\AppData\Local\Temp\VMBuilds\LMDZ_vs2019\Arduino_STM32-master_genericSTM32F103C\Debug\core.a(hooks.c.o)
 .debug_aranges
                0x00000db8       0x28 C:\Users\Linxi\AppData\Local\Temp\VMBuilds\LMDZ_vs2019\Arduino_STM32-master_genericSTM32F103C\Debug\core.a(dma.c.o)
 .debug_aranges
                0x00000de0       0x20 C:\Users\Linxi\AppData\Local\Temp\VMBuilds\LMDZ_vs2019\Arduino_STM32-master_genericSTM32F103C\Debug\core.a(gpio.c.o)
 .debug_aranges
                0x00000e00       0x60 C:\Users\Linxi\AppData\Local\Temp\VMBuilds\LMDZ_vs2019\Arduino_STM32-master_genericSTM32F103C\Debug\core.a(i2c.c.o)
 .debug_aranges
                0x00000e60       0x48 C:\Users\Linxi\AppData\Local\Temp\VMBuilds\LMDZ_vs2019\Arduino_STM32-master_genericSTM32F103C\Debug\core.a(usart.c.o)
 .debug_aranges
                0x00000ea8       0x20 C:\Users\Linxi\AppData\Local\Temp\VMBuilds\LMDZ_vs2019\Arduino_STM32-master_genericSTM32F103C\Debug\core.a(cxxabi-compat.cpp.o)

.debug_pubnames
 *(.debug_pubnames)

.debug_info     0x00000000    0x1cbd7
 *(.debug_info .gnu.linkonce.wi.*)
 .debug_info    0x00000000      0xbe2 LMDZ_vs2019.cpp.o
 .debug_info    0x00000be2      0xf2e C:\Users\Linxi\AppData\Local\Temp\VMBCore\arduino16x\5b2ae7263f6ca0060cc0925c34dc0d3c\variant\board.cpp.o
 .debug_info    0x00001b10     0x142d C:\Users\Linxi\AppData\Local\Temp\VMBCore\arduino16x\5b2ae7263f6ca0060cc0925c34dc0d3c\variant\boards.cpp.o
 .debug_info    0x00002f3d      0x665 C:\Users\Linxi\AppData\Local\Temp\VMBCore\arduino16x\5b2ae7263f6ca0060cc0925c34dc0d3c\variant\boards_setup.cpp.o
 .debug_info    0x000035a2       0xc0 C:\Users\Linxi\AppData\Local\Temp\VMBCore\arduino16x\5b2ae7263f6ca0060cc0925c34dc0d3c\variant\start.S.o
 .debug_info    0x00003662      0x176 C:\Users\Linxi\AppData\Local\Temp\VMBCore\arduino16x\5b2ae7263f6ca0060cc0925c34dc0d3c\variant\start_c.c.o
 .debug_info    0x000037d8      0x5cd C:\Users\Linxi\AppData\Local\Temp\VMBCore\arduino16x\5b2ae7263f6ca0060cc0925c34dc0d3c\variant\syscalls.c.o
 .debug_info    0x00003da5       0xb0 C:\Users\Linxi\AppData\Local\Temp\VMBuilds\LMDZ_vs2019\Arduino_STM32-master_genericSTM32F103C\Debug\core.a(exc.S.o)
 .debug_info    0x00003e55       0xc5 C:\Users\Linxi\AppData\Local\Temp\VMBuilds\LMDZ_vs2019\Arduino_STM32-master_genericSTM32F103C\Debug\core.a(isrs.S.o)
 .debug_info    0x00003f1a      0x79a C:\Users\Linxi\AppData\Local\Temp\VMBuilds\LMDZ_vs2019\Arduino_STM32-master_genericSTM32F103C\Debug\core.a(adc.c.o)
 .debug_info    0x000046b4      0xe4a C:\Users\Linxi\AppData\Local\Temp\VMBuilds\LMDZ_vs2019\Arduino_STM32-master_genericSTM32F103C\Debug\core.a(adc_f1.c.o)
 .debug_info    0x000054fe     0x19f2 C:\Users\Linxi\AppData\Local\Temp\VMBuilds\LMDZ_vs2019\Arduino_STM32-master_genericSTM32F103C\Debug\core.a(dma_f1.c.o)
 .debug_info    0x00006ef0      0xedd C:\Users\Linxi\AppData\Local\Temp\VMBuilds\LMDZ_vs2019\Arduino_STM32-master_genericSTM32F103C\Debug\core.a(exti.c.o)
 .debug_info    0x00007dcd      0x213 C:\Users\Linxi\AppData\Local\Temp\VMBuilds\LMDZ_vs2019\Arduino_STM32-master_genericSTM32F103C\Debug\core.a(exti_f1.c.o)
 .debug_info    0x00007fe0      0x128 C:\Users\Linxi\AppData\Local\Temp\VMBuilds\LMDZ_vs2019\Arduino_STM32-master_genericSTM32F103C\Debug\core.a(flash.c.o)
 .debug_info    0x00008108      0x6d6 C:\Users\Linxi\AppData\Local\Temp\VMBuilds\LMDZ_vs2019\Arduino_STM32-master_genericSTM32F103C\Debug\core.a(gpio_f1.c.o)
 .debug_info    0x000087de      0xbd5 C:\Users\Linxi\AppData\Local\Temp\VMBuilds\LMDZ_vs2019\Arduino_STM32-master_genericSTM32F103C\Debug\core.a(i2c_f1.c.o)
 .debug_info    0x000093b3      0x5a2 C:\Users\Linxi\AppData\Local\Temp\VMBuilds\LMDZ_vs2019\Arduino_STM32-master_genericSTM32F103C\Debug\core.a(nvic.c.o)
 .debug_info    0x00009955      0x556 C:\Users\Linxi\AppData\Local\Temp\VMBuilds\LMDZ_vs2019\Arduino_STM32-master_genericSTM32F103C\Debug\core.a(rcc.c.o)
 .debug_info    0x00009eab      0xb64 C:\Users\Linxi\AppData\Local\Temp\VMBuilds\LMDZ_vs2019\Arduino_STM32-master_genericSTM32F103C\Debug\core.a(rcc_f1.c.o)
 .debug_info    0x0000aa0f      0x182 C:\Users\Linxi\AppData\Local\Temp\VMBuilds\LMDZ_vs2019\Arduino_STM32-master_genericSTM32F103C\Debug\core.a(systick.c.o)
 .debug_info    0x0000ab91     0x1b6f C:\Users\Linxi\AppData\Local\Temp\VMBuilds\LMDZ_vs2019\Arduino_STM32-master_genericSTM32F103C\Debug\core.a(timer.c.o)
 .debug_info    0x0000c700      0xbc4 C:\Users\Linxi\AppData\Local\Temp\VMBuilds\LMDZ_vs2019\Arduino_STM32-master_genericSTM32F103C\Debug\core.a(usart_f1.c.o)
 .debug_info    0x0000d2c4      0x595 C:\Users\Linxi\AppData\Local\Temp\VMBuilds\LMDZ_vs2019\Arduino_STM32-master_genericSTM32F103C\Debug\core.a(usart_private.c.o)
 .debug_info    0x0000d859      0xad2 C:\Users\Linxi\AppData\Local\Temp\VMBuilds\LMDZ_vs2019\Arduino_STM32-master_genericSTM32F103C\Debug\core.a(util.c.o)
 .debug_info    0x0000e32b      0xd16 C:\Users\Linxi\AppData\Local\Temp\VMBuilds\LMDZ_vs2019\Arduino_STM32-master_genericSTM32F103C\Debug\core.a(usb.c.o)
 .debug_info    0x0000f041     0x22d2 C:\Users\Linxi\AppData\Local\Temp\VMBuilds\LMDZ_vs2019\Arduino_STM32-master_genericSTM32F103C\Debug\core.a(usb_cdcacm.c.o)
 .debug_info    0x00011313      0x26c C:\Users\Linxi\AppData\Local\Temp\VMBuilds\LMDZ_vs2019\Arduino_STM32-master_genericSTM32F103C\Debug\core.a(usb_reg_map.c.o)
 .debug_info    0x0001157f      0xddf C:\Users\Linxi\AppData\Local\Temp\VMBuilds\LMDZ_vs2019\Arduino_STM32-master_genericSTM32F103C\Debug\core.a(usb_core.c.o)
 .debug_info    0x0001235e      0x3ed C:\Users\Linxi\AppData\Local\Temp\VMBuilds\LMDZ_vs2019\Arduino_STM32-master_genericSTM32F103C\Debug\core.a(usb_init.c.o)
 .debug_info    0x0001274b      0x17b C:\Users\Linxi\AppData\Local\Temp\VMBuilds\LMDZ_vs2019\Arduino_STM32-master_genericSTM32F103C\Debug\core.a(usb_mem.c.o)
 .debug_info    0x000128c6      0xc88 C:\Users\Linxi\AppData\Local\Temp\VMBuilds\LMDZ_vs2019\Arduino_STM32-master_genericSTM32F103C\Debug\core.a(usb_regs.c.o)
 .debug_info    0x0001354e     0x29ea C:\Users\Linxi\AppData\Local\Temp\VMBuilds\LMDZ_vs2019\Arduino_STM32-master_genericSTM32F103C\Debug\core.a(HardwareSerial.cpp.o)
 .debug_info    0x00015f38       0x99 C:\Users\Linxi\AppData\Local\Temp\VMBuilds\LMDZ_vs2019\Arduino_STM32-master_genericSTM32F103C\Debug\core.a(main.cpp.o)
 .debug_info    0x00015fd1     0x258c C:\Users\Linxi\AppData\Local\Temp\VMBuilds\LMDZ_vs2019\Arduino_STM32-master_genericSTM32F103C\Debug\core.a(Print.cpp.o)
 .debug_info    0x0001855d      0xa7e C:\Users\Linxi\AppData\Local\Temp\VMBuilds\LMDZ_vs2019\Arduino_STM32-master_genericSTM32F103C\Debug\core.a(wirish_analog.cpp.o)
 .debug_info    0x00018fdb      0x2c6 C:\Users\Linxi\AppData\Local\Temp\VMBuilds\LMDZ_vs2019\Arduino_STM32-master_genericSTM32F103C\Debug\core.a(wirish_time.cpp.o)
 .debug_info    0x000192a1      0xc8a C:\Users\Linxi\AppData\Local\Temp\VMBuilds\LMDZ_vs2019\Arduino_STM32-master_genericSTM32F103C\Debug\core.a(wirish_digital_f1.cpp.o)
 .debug_info    0x00019f2b       0x33 C:\Users\Linxi\AppData\Local\Temp\VMBuilds\LMDZ_vs2019\Arduino_STM32-master_genericSTM32F103C\Debug\core.a(hooks.c.o)
 .debug_info    0x00019f5e      0x6f7 C:\Users\Linxi\AppData\Local\Temp\VMBuilds\LMDZ_vs2019\Arduino_STM32-master_genericSTM32F103C\Debug\core.a(dma.c.o)
 .debug_info    0x0001a655      0x313 C:\Users\Linxi\AppData\Local\Temp\VMBuilds\LMDZ_vs2019\Arduino_STM32-master_genericSTM32F103C\Debug\core.a(gpio.c.o)
 .debug_info    0x0001a968     0x160a C:\Users\Linxi\AppData\Local\Temp\VMBuilds\LMDZ_vs2019\Arduino_STM32-master_genericSTM32F103C\Debug\core.a(i2c.c.o)
 .debug_info    0x0001bf72      0xc32 C:\Users\Linxi\AppData\Local\Temp\VMBuilds\LMDZ_vs2019\Arduino_STM32-master_genericSTM32F103C\Debug\core.a(usart.c.o)
 .debug_info    0x0001cba4       0x33 C:\Users\Linxi\AppData\Local\Temp\VMBuilds\LMDZ_vs2019\Arduino_STM32-master_genericSTM32F103C\Debug\core.a(cxxabi-compat.cpp.o)

.debug_abbrev   0x00000000     0x59d6
 *(.debug_abbrev)
 .debug_abbrev  0x00000000      0x3ed LMDZ_vs2019.cpp.o
 .debug_abbrev  0x000003ed      0x1ea C:\Users\Linxi\AppData\Local\Temp\VMBCore\arduino16x\5b2ae7263f6ca0060cc0925c34dc0d3c\variant\board.cpp.o
 .debug_abbrev  0x000005d7      0x3dd C:\Users\Linxi\AppData\Local\Temp\VMBCore\arduino16x\5b2ae7263f6ca0060cc0925c34dc0d3c\variant\boards.cpp.o
 .debug_abbrev  0x000009b4      0x196 C:\Users\Linxi\AppData\Local\Temp\VMBCore\arduino16x\5b2ae7263f6ca0060cc0925c34dc0d3c\variant\boards_setup.cpp.o
 .debug_abbrev  0x00000b4a       0x14 C:\Users\Linxi\AppData\Local\Temp\VMBCore\arduino16x\5b2ae7263f6ca0060cc0925c34dc0d3c\variant\start.S.o
 .debug_abbrev  0x00000b5e      0x11f C:\Users\Linxi\AppData\Local\Temp\VMBCore\arduino16x\5b2ae7263f6ca0060cc0925c34dc0d3c\variant\start_c.c.o
 .debug_abbrev  0x00000c7d      0x17e C:\Users\Linxi\AppData\Local\Temp\VMBCore\arduino16x\5b2ae7263f6ca0060cc0925c34dc0d3c\variant\syscalls.c.o
 .debug_abbrev  0x00000dfb       0x14 C:\Users\Linxi\AppData\Local\Temp\VMBuilds\LMDZ_vs2019\Arduino_STM32-master_genericSTM32F103C\Debug\core.a(exc.S.o)
 .debug_abbrev  0x00000e0f       0x14 C:\Users\Linxi\AppData\Local\Temp\VMBuilds\LMDZ_vs2019\Arduino_STM32-master_genericSTM32F103C\Debug\core.a(isrs.S.o)
 .debug_abbrev  0x00000e23      0x20b C:\Users\Linxi\AppData\Local\Temp\VMBuilds\LMDZ_vs2019\Arduino_STM32-master_genericSTM32F103C\Debug\core.a(adc.c.o)
 .debug_abbrev  0x0000102e      0x2e6 C:\Users\Linxi\AppData\Local\Temp\VMBuilds\LMDZ_vs2019\Arduino_STM32-master_genericSTM32F103C\Debug\core.a(adc_f1.c.o)
 .debug_abbrev  0x00001314      0x3dd C:\Users\Linxi\AppData\Local\Temp\VMBuilds\LMDZ_vs2019\Arduino_STM32-master_genericSTM32F103C\Debug\core.a(dma_f1.c.o)
 .debug_abbrev  0x000016f1      0x2a5 C:\Users\Linxi\AppData\Local\Temp\VMBuilds\LMDZ_vs2019\Arduino_STM32-master_genericSTM32F103C\Debug\core.a(exti.c.o)
 .debug_abbrev  0x00001996       0xdb C:\Users\Linxi\AppData\Local\Temp\VMBuilds\LMDZ_vs2019\Arduino_STM32-master_genericSTM32F103C\Debug\core.a(exti_f1.c.o)
 .debug_abbrev  0x00001a71       0x9f C:\Users\Linxi\AppData\Local\Temp\VMBuilds\LMDZ_vs2019\Arduino_STM32-master_genericSTM32F103C\Debug\core.a(flash.c.o)
 .debug_abbrev  0x00001b10      0x191 C:\Users\Linxi\AppData\Local\Temp\VMBuilds\LMDZ_vs2019\Arduino_STM32-master_genericSTM32F103C\Debug\core.a(gpio_f1.c.o)
 .debug_abbrev  0x00001ca1      0x202 C:\Users\Linxi\AppData\Local\Temp\VMBuilds\LMDZ_vs2019\Arduino_STM32-master_genericSTM32F103C\Debug\core.a(i2c_f1.c.o)
 .debug_abbrev  0x00001ea3      0x1ac C:\Users\Linxi\AppData\Local\Temp\VMBuilds\LMDZ_vs2019\Arduino_STM32-master_genericSTM32F103C\Debug\core.a(nvic.c.o)
 .debug_abbrev  0x0000204f      0x17f C:\Users\Linxi\AppData\Local\Temp\VMBuilds\LMDZ_vs2019\Arduino_STM32-master_genericSTM32F103C\Debug\core.a(rcc.c.o)
 .debug_abbrev  0x000021ce      0x28c C:\Users\Linxi\AppData\Local\Temp\VMBuilds\LMDZ_vs2019\Arduino_STM32-master_genericSTM32F103C\Debug\core.a(rcc_f1.c.o)
 .debug_abbrev  0x0000245a      0x10f C:\Users\Linxi\AppData\Local\Temp\VMBuilds\LMDZ_vs2019\Arduino_STM32-master_genericSTM32F103C\Debug\core.a(systick.c.o)
 .debug_abbrev  0x00002569      0x474 C:\Users\Linxi\AppData\Local\Temp\VMBuilds\LMDZ_vs2019\Arduino_STM32-master_genericSTM32F103C\Debug\core.a(timer.c.o)
 .debug_abbrev  0x000029dd      0x292 C:\Users\Linxi\AppData\Local\Temp\VMBuilds\LMDZ_vs2019\Arduino_STM32-master_genericSTM32F103C\Debug\core.a(usart_f1.c.o)
 .debug_abbrev  0x00002c6f      0x144 C:\Users\Linxi\AppData\Local\Temp\VMBuilds\LMDZ_vs2019\Arduino_STM32-master_genericSTM32F103C\Debug\core.a(usart_private.c.o)
 .debug_abbrev  0x00002db3      0x2c9 C:\Users\Linxi\AppData\Local\Temp\VMBuilds\LMDZ_vs2019\Arduino_STM32-master_genericSTM32F103C\Debug\core.a(util.c.o)
 .debug_abbrev  0x0000307c      0x352 C:\Users\Linxi\AppData\Local\Temp\VMBuilds\LMDZ_vs2019\Arduino_STM32-master_genericSTM32F103C\Debug\core.a(usb.c.o)
 .debug_abbrev  0x000033ce      0x47d C:\Users\Linxi\AppData\Local\Temp\VMBuilds\LMDZ_vs2019\Arduino_STM32-master_genericSTM32F103C\Debug\core.a(usb_cdcacm.c.o)
 .debug_abbrev  0x0000384b      0x193 C:\Users\Linxi\AppData\Local\Temp\VMBuilds\LMDZ_vs2019\Arduino_STM32-master_genericSTM32F103C\Debug\core.a(usb_reg_map.c.o)
 .debug_abbrev  0x000039de      0x3a6 C:\Users\Linxi\AppData\Local\Temp\VMBuilds\LMDZ_vs2019\Arduino_STM32-master_genericSTM32F103C\Debug\core.a(usb_core.c.o)
 .debug_abbrev  0x00003d84      0x101 C:\Users\Linxi\AppData\Local\Temp\VMBuilds\LMDZ_vs2019\Arduino_STM32-master_genericSTM32F103C\Debug\core.a(usb_init.c.o)
 .debug_abbrev  0x00003e85       0x90 C:\Users\Linxi\AppData\Local\Temp\VMBuilds\LMDZ_vs2019\Arduino_STM32-master_genericSTM32F103C\Debug\core.a(usb_mem.c.o)
 .debug_abbrev  0x00003f15      0x1f3 C:\Users\Linxi\AppData\Local\Temp\VMBuilds\LMDZ_vs2019\Arduino_STM32-master_genericSTM32F103C\Debug\core.a(usb_regs.c.o)
 .debug_abbrev  0x00004108      0x535 C:\Users\Linxi\AppData\Local\Temp\VMBuilds\LMDZ_vs2019\Arduino_STM32-master_genericSTM32F103C\Debug\core.a(HardwareSerial.cpp.o)
 .debug_abbrev  0x0000463d       0x7b C:\Users\Linxi\AppData\Local\Temp\VMBuilds\LMDZ_vs2019\Arduino_STM32-master_genericSTM32F103C\Debug\core.a(main.cpp.o)
 .debug_abbrev  0x000046b8      0x414 C:\Users\Linxi\AppData\Local\Temp\VMBuilds\LMDZ_vs2019\Arduino_STM32-master_genericSTM32F103C\Debug\core.a(Print.cpp.o)
 .debug_abbrev  0x00004acc      0x15f C:\Users\Linxi\AppData\Local\Temp\VMBuilds\LMDZ_vs2019\Arduino_STM32-master_genericSTM32F103C\Debug\core.a(wirish_analog.cpp.o)
 .debug_abbrev  0x00004c2b      0x189 C:\Users\Linxi\AppData\Local\Temp\VMBuilds\LMDZ_vs2019\Arduino_STM32-master_genericSTM32F103C\Debug\core.a(wirish_time.cpp.o)
 .debug_abbrev  0x00004db4      0x240 C:\Users\Linxi\AppData\Local\Temp\VMBuilds\LMDZ_vs2019\Arduino_STM32-master_genericSTM32F103C\Debug\core.a(wirish_digital_f1.cpp.o)
 .debug_abbrev  0x00004ff4       0x26 C:\Users\Linxi\AppData\Local\Temp\VMBuilds\LMDZ_vs2019\Arduino_STM32-master_genericSTM32F103C\Debug\core.a(hooks.c.o)
 .debug_abbrev  0x0000501a      0x182 C:\Users\Linxi\AppData\Local\Temp\VMBuilds\LMDZ_vs2019\Arduino_STM32-master_genericSTM32F103C\Debug\core.a(dma.c.o)
 .debug_abbrev  0x0000519c      0x113 C:\Users\Linxi\AppData\Local\Temp\VMBuilds\LMDZ_vs2019\Arduino_STM32-master_genericSTM32F103C\Debug\core.a(gpio.c.o)
 .debug_abbrev  0x000052af      0x400 C:\Users\Linxi\AppData\Local\Temp\VMBuilds\LMDZ_vs2019\Arduino_STM32-master_genericSTM32F103C\Debug\core.a(i2c.c.o)
 .debug_abbrev  0x000056af      0x2ff C:\Users\Linxi\AppData\Local\Temp\VMBuilds\LMDZ_vs2019\Arduino_STM32-master_genericSTM32F103C\Debug\core.a(usart.c.o)
 .debug_abbrev  0x000059ae       0x28 C:\Users\Linxi\AppData\Local\Temp\VMBuilds\LMDZ_vs2019\Arduino_STM32-master_genericSTM32F103C\Debug\core.a(cxxabi-compat.cpp.o)

.debug_line     0x00000000     0x981a
 *(.debug_line)
 .debug_line    0x00000000      0x778 LMDZ_vs2019.cpp.o
 .debug_line    0x00000778      0x403 C:\Users\Linxi\AppData\Local\Temp\VMBCore\arduino16x\5b2ae7263f6ca0060cc0925c34dc0d3c\variant\board.cpp.o
 .debug_line    0x00000b7b      0x48b C:\Users\Linxi\AppData\Local\Temp\VMBCore\arduino16x\5b2ae7263f6ca0060cc0925c34dc0d3c\variant\boards.cpp.o
 .debug_line    0x00001006      0x37a C:\Users\Linxi\AppData\Local\Temp\VMBCore\arduino16x\5b2ae7263f6ca0060cc0925c34dc0d3c\variant\boards_setup.cpp.o
 .debug_line    0x00001380       0xa4 C:\Users\Linxi\AppData\Local\Temp\VMBCore\arduino16x\5b2ae7263f6ca0060cc0925c34dc0d3c\variant\start.S.o
 .debug_line    0x00001424       0xb5 C:\Users\Linxi\AppData\Local\Temp\VMBCore\arduino16x\5b2ae7263f6ca0060cc0925c34dc0d3c\variant\start_c.c.o
 .debug_line    0x000014d9      0x2fa C:\Users\Linxi\AppData\Local\Temp\VMBCore\arduino16x\5b2ae7263f6ca0060cc0925c34dc0d3c\variant\syscalls.c.o
 .debug_line    0x000017d3       0xa7 C:\Users\Linxi\AppData\Local\Temp\VMBuilds\LMDZ_vs2019\Arduino_STM32-master_genericSTM32F103C\Debug\core.a(exc.S.o)
 .debug_line    0x0000187a       0xa4 C:\Users\Linxi\AppData\Local\Temp\VMBuilds\LMDZ_vs2019\Arduino_STM32-master_genericSTM32F103C\Debug\core.a(isrs.S.o)
 .debug_line    0x0000191e      0x312 C:\Users\Linxi\AppData\Local\Temp\VMBuilds\LMDZ_vs2019\Arduino_STM32-master_genericSTM32F103C\Debug\core.a(adc.c.o)
 .debug_line    0x00001c30      0x3be C:\Users\Linxi\AppData\Local\Temp\VMBuilds\LMDZ_vs2019\Arduino_STM32-master_genericSTM32F103C\Debug\core.a(adc_f1.c.o)
 .debug_line    0x00001fee      0x643 C:\Users\Linxi\AppData\Local\Temp\VMBuilds\LMDZ_vs2019\Arduino_STM32-master_genericSTM32F103C\Debug\core.a(dma_f1.c.o)
 .debug_line    0x00002631      0x428 C:\Users\Linxi\AppData\Local\Temp\VMBuilds\LMDZ_vs2019\Arduino_STM32-master_genericSTM32F103C\Debug\core.a(exti.c.o)
 .debug_line    0x00002a59      0x304 C:\Users\Linxi\AppData\Local\Temp\VMBuilds\LMDZ_vs2019\Arduino_STM32-master_genericSTM32F103C\Debug\core.a(exti_f1.c.o)
 .debug_line    0x00002d5d      0x294 C:\Users\Linxi\AppData\Local\Temp\VMBuilds\LMDZ_vs2019\Arduino_STM32-master_genericSTM32F103C\Debug\core.a(flash.c.o)
 .debug_line    0x00002ff1      0x329 C:\Users\Linxi\AppData\Local\Temp\VMBuilds\LMDZ_vs2019\Arduino_STM32-master_genericSTM32F103C\Debug\core.a(gpio_f1.c.o)
 .debug_line    0x0000331a      0x414 C:\Users\Linxi\AppData\Local\Temp\VMBuilds\LMDZ_vs2019\Arduino_STM32-master_genericSTM32F103C\Debug\core.a(i2c_f1.c.o)
 .debug_line    0x0000372e      0x2fc C:\Users\Linxi\AppData\Local\Temp\VMBuilds\LMDZ_vs2019\Arduino_STM32-master_genericSTM32F103C\Debug\core.a(nvic.c.o)
 .debug_line    0x00003a2a      0x385 C:\Users\Linxi\AppData\Local\Temp\VMBuilds\LMDZ_vs2019\Arduino_STM32-master_genericSTM32F103C\Debug\core.a(rcc.c.o)
 .debug_line    0x00003daf      0x3d2 C:\Users\Linxi\AppData\Local\Temp\VMBuilds\LMDZ_vs2019\Arduino_STM32-master_genericSTM32F103C\Debug\core.a(rcc_f1.c.o)
 .debug_line    0x00004181      0x276 C:\Users\Linxi\AppData\Local\Temp\VMBuilds\LMDZ_vs2019\Arduino_STM32-master_genericSTM32F103C\Debug\core.a(systick.c.o)
 .debug_line    0x000043f7      0x5c6 C:\Users\Linxi\AppData\Local\Temp\VMBuilds\LMDZ_vs2019\Arduino_STM32-master_genericSTM32F103C\Debug\core.a(timer.c.o)
 .debug_line    0x000049bd      0x43e C:\Users\Linxi\AppData\Local\Temp\VMBuilds\LMDZ_vs2019\Arduino_STM32-master_genericSTM32F103C\Debug\core.a(usart_f1.c.o)
 .debug_line    0x00004dfb      0x2d0 C:\Users\Linxi\AppData\Local\Temp\VMBuilds\LMDZ_vs2019\Arduino_STM32-master_genericSTM32F103C\Debug\core.a(usart_private.c.o)
 .debug_line    0x000050cb      0x398 C:\Users\Linxi\AppData\Local\Temp\VMBuilds\LMDZ_vs2019\Arduino_STM32-master_genericSTM32F103C\Debug\core.a(util.c.o)