Archive member included because of file (symbol)

C:\Users\20131\AppData\Local\Temp\VMBuilds\new_LMDZ\STM32_genericSTM32F103C\Debug\core.a(exc.S.o)
                              (__exc_nmi)
C:\Users\20131\AppData\Local\Temp\VMBuilds\new_LMDZ\STM32_genericSTM32F103C\Debug\core.a(isrs.S.o)
                              (__stm32reservedexception7)
C:\Users\20131\AppData\Local\Temp\VMBuilds\new_LMDZ\STM32_genericSTM32F103C\Debug\core.a(vector_table.S.o)
                              (__stm32_vector_table)
C:\Users\20131\AppData\Local\Temp\VMBuilds\new_LMDZ\STM32_genericSTM32F103C\Debug\core.a(adc.c.o)
                              C:\Users\20131\AppData\Local\Temp\VMBCore\arduino16x\7c3dd42e408ebb1ce4dae06851a5a8aa\variant\boards.cpp.o (adc_set_sample_rate)
C:\Users\20131\AppData\Local\Temp\VMBuilds\new_LMDZ\STM32_genericSTM32F103C\Debug\core.a(adc_f1.c.o)
                              (__irq_adc)
C:\Users\20131\AppData\Local\Temp\VMBuilds\new_LMDZ\STM32_genericSTM32F103C\Debug\core.a(dma_f1.c.o)
                              (__irq_dma1_channel1)
C:\Users\20131\AppData\Local\Temp\VMBuilds\new_LMDZ\STM32_genericSTM32F103C\Debug\core.a(exti.c.o)
                              (__irq_exti0)
C:\Users\20131\AppData\Local\Temp\VMBuilds\new_LMDZ\STM32_genericSTM32F103C\Debug\core.a(exti_f1.c.o)
                              C:\Users\20131\AppData\Local\Temp\VMBuilds\new_LMDZ\STM32_genericSTM32F103C\Debug\core.a(exti.c.o) (exti_select)
C:\Users\20131\AppData\Local\Temp\VMBuilds\new_LMDZ\STM32_genericSTM32F103C\Debug\core.a(flash.c.o)
                              C:\Users\20131\AppData\Local\Temp\VMBCore\arduino16x\7c3dd42e408ebb1ce4dae06851a5a8aa\variant\boards.cpp.o (flash_set_latency)
C:\Users\20131\AppData\Local\Temp\VMBuilds\new_LMDZ\STM32_genericSTM32F103C\Debug\core.a(gpio_f1.c.o)
                              C:\Users\20131\AppData\Local\Temp\VMBCore\arduino16x\7c3dd42e408ebb1ce4dae06851a5a8aa\variant\boards_setup.cpp.o (gpio_init_all)
C:\Users\20131\AppData\Local\Temp\VMBuilds\new_LMDZ\STM32_genericSTM32F103C\Debug\core.a(i2c_f1.c.o)
                              (__irq_i2c1_ev)
C:\Users\20131\AppData\Local\Temp\VMBuilds\new_LMDZ\STM32_genericSTM32F103C\Debug\core.a(nvic.c.o)
                              C:\Users\20131\AppData\Local\Temp\VMBuilds\new_LMDZ\STM32_genericSTM32F103C\Debug\core.a(i2c_f1.c.o) (nvic_irq_set_priority)
C:\Users\20131\AppData\Local\Temp\VMBuilds\new_LMDZ\STM32_genericSTM32F103C\Debug\core.a(rcc.c.o)
                              C:\Users\20131\AppData\Local\Temp\VMBCore\arduino16x\7c3dd42e408ebb1ce4dae06851a5a8aa\variant\boards.cpp.o (rcc_switch_sysclk)
C:\Users\20131\AppData\Local\Temp\VMBuilds\new_LMDZ\STM32_genericSTM32F103C\Debug\core.a(rcc_f1.c.o)
                              C:\Users\20131\AppData\Local\Temp\VMBCore\arduino16x\7c3dd42e408ebb1ce4dae06851a5a8aa\variant\boards.cpp.o (rcc_configure_pll)
C:\Users\20131\AppData\Local\Temp\VMBuilds\new_LMDZ\STM32_genericSTM32F103C\Debug\core.a(systick.c.o)
                              C:\Users\20131\AppData\Local\Temp\VMBCore\arduino16x\7c3dd42e408ebb1ce4dae06851a5a8aa\variant\boards.cpp.o (systick_init)
C:\Users\20131\AppData\Local\Temp\VMBuilds\new_LMDZ\STM32_genericSTM32F103C\Debug\core.a(timer.c.o)
                              C:\Users\20131\AppData\Local\Temp\VMBCore\arduino16x\7c3dd42e408ebb1ce4dae06851a5a8aa\variant\boards.cpp.o (timer_foreach)
C:\Users\20131\AppData\Local\Temp\VMBuilds\new_LMDZ\STM32_genericSTM32F103C\Debug\core.a(usart_f1.c.o)
                              (__irq_usart1)
C:\Users\20131\AppData\Local\Temp\VMBuilds\new_LMDZ\STM32_genericSTM32F103C\Debug\core.a(usart_private.c.o)
                              C:\Users\20131\AppData\Local\Temp\VMBuilds\new_LMDZ\STM32_genericSTM32F103C\Debug\core.a(usart_f1.c.o) (_usart_clock_freq)
C:\Users\20131\AppData\Local\Temp\VMBuilds\new_LMDZ\STM32_genericSTM32F103C\Debug\core.a(util.c.o)
                              C:\Users\20131\AppData\Local\Temp\VMBuilds\new_LMDZ\STM32_genericSTM32F103C\Debug\core.a(exc.S.o) (__error)
C:\Users\20131\AppData\Local\Temp\VMBuilds\new_LMDZ\STM32_genericSTM32F103C\Debug\core.a(usb.c.o)
                              (__irq_usb_lp_can_rx0)
C:\Users\20131\AppData\Local\Temp\VMBuilds\new_LMDZ\STM32_genericSTM32F103C\Debug\core.a(usb_cdcacm.c.o)
                              C:\Users\20131\AppData\Local\Temp\VMBuilds\new_LMDZ\STM32_genericSTM32F103C\Debug\core.a(usb.c.o) (User_Standard_Requests)
C:\Users\20131\AppData\Local\Temp\VMBuilds\new_LMDZ\STM32_genericSTM32F103C\Debug\core.a(usb_reg_map.c.o)
                              C:\Users\20131\AppData\Local\Temp\VMBuilds\new_LMDZ\STM32_genericSTM32F103C\Debug\core.a(usb_cdcacm.c.o) (usb_set_ep_rx_count)
C:\Users\20131\AppData\Local\Temp\VMBuilds\new_LMDZ\STM32_genericSTM32F103C\Debug\core.a(usb_core.c.o)
                              C:\Users\20131\AppData\Local\Temp\VMBuilds\new_LMDZ\STM32_genericSTM32F103C\Debug\core.a(usb_cdcacm.c.o) (Standard_GetDescriptorData)
[...]
Memory Configuration

Name             Origin             Length             Attributes
ram              0x20000000         0x00005000         xrw
rom              0x08000000         0x00020000         xr
*default*        0x00000000         0xffffffff

Linker script and memory map

LOAD c:/users/20131/appdata/local/arduino15/packages/arduino/tools/arm-none-eabi-gcc/4.8.3-2014q1/bin/../lib/gcc/arm-none-eabi/4.8.3/armv7-m/crti.o
LOAD c:/users/20131/appdata/local/arduino15/packages/arduino/tools/arm-none-eabi-gcc/4.8.3-2014q1/bin/../lib/gcc/arm-none-eabi/4.8.3/armv7-m/crtbegin.o
LOAD c:/users/20131/appdata/local/arduino15/packages/arduino/tools/arm-none-eabi-gcc/4.8.3-2014q1/bin/../lib/gcc/arm-none-eabi/4.8.3/../../../../arm-none-eabi/lib/armv7-m/crt0.o
LOAD c:/users/20131/appdata/local/arduino15/packages/arduino/tools/arm-none-eabi-gcc/4.8.3-2014q1/bin/../lib/gcc/arm-none-eabi/4.8.3/armv7-m\libgcc.a
START GROUP
LOAD new_LMDZ.cpp.o
LOAD aveRage.cpp.o
LOAD cmpValues.cpp.o
LOAD draw.cpp.o
LOAD getValue.cpp.o
LOAD quartileDeviation.cpp.o
LOAD rearrange.cpp.o
LOAD valuesPrint.cpp.o
LOAD C:\Users\20131\AppData\Local\Temp\VMBCore\arduino16x\7c3dd42e408ebb1ce4dae06851a5a8aa\variant\board.cpp.o
LOAD C:\Users\20131\AppData\Local\Temp\VMBCore\arduino16x\7c3dd42e408ebb1ce4dae06851a5a8aa\variant\boards.cpp.o
LOAD C:\Users\20131\AppData\Local\Temp\VMBCore\arduino16x\7c3dd42e408ebb1ce4dae06851a5a8aa\variant\boards_setup.cpp.o
LOAD C:\Users\20131\AppData\Local\Temp\VMBCore\arduino16x\7c3dd42e408ebb1ce4dae06851a5a8aa\variant\start.S.o
LOAD C:\Users\20131\AppData\Local\Temp\VMBCore\arduino16x\7c3dd42e408ebb1ce4dae06851a5a8aa\variant\start_c.c.o
LOAD C:\Users\20131\AppData\Local\Temp\VMBCore\arduino16x\7c3dd42e408ebb1ce4dae06851a5a8aa\variant\syscalls.c.o
LOAD C:\Users\20131\AppData\Local\Temp\VMBuilds\new_LMDZ\STM32_genericSTM32F103C\Debug\core.a
END GROUP
LOAD c:/users/20131/appdata/local/arduino15/packages/arduino/tools/arm-none-eabi-gcc/4.8.3-2014q1/bin/../lib/gcc/arm-none-eabi/4.8.3/../../../../arm-none-eabi/lib/armv7-m\libstdc++.a
LOAD c:/users/20131/appdata/local/arduino15/packages/arduino/tools/arm-none-eabi-gcc/4.8.3-2014q1/bin/../lib/gcc/arm-none-eabi/4.8.3/../../../../arm-none-eabi/lib/armv7-m\libm.a
START GROUP
LOAD c:/users/20131/appdata/local/arduino15/packages/arduino/tools/arm-none-eabi-gcc/4.8.3-2014q1/bin/../lib/gcc/arm-none-eabi/4.8.3/armv7-m\libgcc.a
LOAD c:/users/20131/appdata/local/arduino15/packages/arduino/tools/arm-none-eabi-gcc/4.8.3-2014q1/bin/../lib/gcc/arm-none-eabi/4.8.3/../../../../arm-none-eabi/lib/armv7-m\libc.a
END GROUP
LOAD c:/users/20131/appdata/local/arduino15/packages/arduino/tools/arm-none-eabi-gcc/4.8.3-2014q1/bin/../lib/gcc/arm-none-eabi/4.8.3/armv7-m/crtend.o
LOAD c:/users/20131/appdata/local/arduino15/packages/arduino/tools/arm-none-eabi-gcc/4.8.3-2014q1/bin/../lib/gcc/arm-none-eabi/4.8.3/armv7-m/crtn.o
START GROUP
LOAD c:/users/20131/appdata/local/arduino15/packages/arduino/tools/arm-none-eabi-gcc/4.8.3-2014q1/bin/../lib/gcc/arm-none-eabi/4.8.3/armv7-m\libgcc.a
LOAD c:/users/20131/appdata/local/arduino15/packages/arduino/tools/arm-none-eabi-gcc/4.8.3-2014q1/bin/../lib/gcc/arm-none-eabi/4.8.3/../../../../arm-none-eabi/lib/armv7-m\libc.a
LOAD c:/users/20131/appdata/local/arduino15/packages/arduino/tools/arm-none-eabi-gcc/4.8.3-2014q1/bin/../lib/gcc/arm-none-eabi/4.8.3/../../../../arm-none-eabi/lib/armv7-m\libm.a
END GROUP
START GROUP
LOAD c:/users/20131/appdata/local/arduino15/packages/arduino/tools/arm-none-eabi-gcc/4.8.3-2014q1/bin/../lib/gcc/arm-none-eabi/4.8.3/../../../../arm-none-eabi/lib/armv7-m\libnosys.a
END GROUP
                0x20005000                PROVIDE (__msp_init, (ORIGIN (ram) + 0x5000))
                0x080007ec                PROVIDE (__exc_reset, __start__)

.text           0x08000000     0x3c8c
                0x08000000                __text_start__ = .
 *(.stm32.interrupt_vector)
 .stm32.interrupt_vector
                0x08000000       0xec C:\Users\20131\AppData\Local\Temp\VMBuilds\new_LMDZ\STM32_genericSTM32F103C\Debug\core.a(vector_table.S.o)
                0x08000000                __stm32_vector_table
 *(.text .text.* .gnu.linkonce.t.*)
 .text          0x080000ec       0x54 c:/users/20131/appdata/local/arduino15/packages/arduino/tools/arm-none-eabi-gcc/4.8.3-2014q1/bin/../lib/gcc/arm-none-eabi/4.8.3/armv7-m/crtbegin.o
 .text._Z5setupv
                0x08000140       0x34 new_LMDZ.cpp.o
                0x08000140                setup()
 .text._Z4loopv
                0x08000174       0x34 new_LMDZ.cpp.o
                0x08000174                loop()
 .text.startup._GLOBAL__sub_I_sensor1
                0x080001a8       0x1c new_LMDZ.cpp.o
 .text._Z12aveRage_stepP6sensor
                0x080001c4       0x88 aveRage.cpp.o
                0x080001c4                aveRage_step(sensor*)
 .text._Z7aveRageP6sensorS0_
                0x0800024c       0x16 aveRage.cpp.o
                0x0800024c                aveRage(sensor*, sensor*)
 *fill*         0x08000262        0x2 
 .text._Z8getValueP6sensorS0_
                0x08000264       0x68 getValue.cpp.o
                0x08000264                getValue(sensor*, sensor*)
 .text._Z9position1P6sensorP2QD
                0x080002cc       0x48 quartileDeviation.cpp.o
                0x080002cc                position1(sensor*, QD*)
 .text._Z9position2P6sensorP2QD
                0x08000314      0x124 quartileDeviation.cpp.o
                0x08000314                position2(sensor*, QD*)
 .text._Z17quartileDeviationP6sensorS0_
                0x08000438       0x6c quartileDeviation.cpp.o
                0x08000438                quartileDeviation(sensor*, sensor*)
 .text._Z14rearrange_stepP6sensor
                0x080004a4       0x70 rearrange.cpp.o
                0x080004a4                rearrange_step(sensor*)
 .text._Z9rearrangeP6sensorS0_
                0x08000514       0x14 rearrange.cpp.o
                0x08000514                rearrange(sensor*, sensor*)
 .text._Z11stepPrint_aP6sensor
                0x08000528       0x54 valuesPrint.cpp.o
                0x08000528                stepPrint_a(sensor*)
 .text._Z11stepPrint_bP6sensor
                0x0800057c       0x4c valuesPrint.cpp.o
                0x0800057c                stepPrint_b(sensor*)
 .text._Z11valuesPrintP6sensorS0_
                0x080005c8       0x24 valuesPrint.cpp.o
                0x080005c8                valuesPrint(sensor*, sensor*)
 .text._Z9boardInitv
                0x080005ec        0x2 C:\Users\20131\AppData\Local\Temp\VMBCore\arduino16x\7c3dd42e408ebb1ce4dae06851a5a8aa\variant\board.cpp.o
                0x080005ec                boardInit()
 *fill*         0x080005ee        0x2 
 .text.startup._GLOBAL__sub_I__Z9boardInitv
                0x080005f0       0x48 C:\Users\20131\AppData\Local\Temp\VMBCore\arduino16x\7c3dd42e408ebb1ce4dae06851a5a8aa\variant\board.cpp.o
 .text._ZL18adc_default_configP7adc_dev
                0x08000638       0x1c C:\Users\20131\AppData\Local\Temp\VMBCore\arduino16x\7c3dd42e408ebb1ce4dae06851a5a8aa\variant\boards.cpp.o
 .text._ZL20timer_default_configP9timer_dev
                0x08000654       0x9e C:\Users\20131\AppData\Local\Temp\VMBCore\arduino16x\7c3dd42e408ebb1ce4dae06851a5a8aa\variant\boards.cpp.o
 *fill*         0x080006f2        0x2 
 .text._Z4initv
                0x080006f4       0xbc C:\Users\20131\AppData\Local\Temp\VMBCore\arduino16x\7c3dd42e408ebb1ce4dae06851a5a8aa\variant\boards.cpp.o
                0x080006f4                init()
 .text._ZN6wirish4priv15board_reset_pllEv
                0x080007b0        0x2 C:\Users\20131\AppData\Local\Temp\VMBCore\arduino16x\7c3dd42e408ebb1ce4dae06851a5a8aa\variant\boards_setup.cpp.o
                0x080007b0                wirish::priv::board_reset_pll()
 .text._ZN6wirish4priv28board_setup_clock_prescalersEv
                0x080007b2       0x2e C:\Users\20131\AppData\Local\Temp\VMBCore\arduino16x\7c3dd42e408ebb1ce4dae06851a5a8aa\variant\boards_setup.cpp.o
                0x080007b2                wirish::priv::board_setup_clock_prescalers()
 .text._ZN6wirish4priv16board_setup_gpioEv
                0x080007e0        0x4 C:\Users\20131\AppData\Local\Temp\VMBCore\arduino16x\7c3dd42e408ebb1ce4dae06851a5a8aa\variant\boards_setup.cpp.o
                0x080007e0                wirish::priv::board_setup_gpio()
 .text._ZN6wirish4priv15board_setup_usbEv
                0x080007e4        0x2 C:\Users\20131\AppData\Local\Temp\VMBCore\arduino16x\7c3dd42e408ebb1ce4dae06851a5a8aa\variant\boards_setup.cpp.o
                0x080007e4                wirish::priv::board_setup_usb()
 .text._ZN6wirish4priv11series_initEv
                0x080007e6        0x4 C:\Users\20131\AppData\Local\Temp\VMBCore\arduino16x\7c3dd42e408ebb1ce4dae06851a5a8aa\variant\boards_setup.cpp.o
                0x080007e6                wirish::priv::series_init()
 *fill*         0x080007ea        0x2 
 .text          0x080007ec       0x10 C:\Users\20131\AppData\Local\Temp\VMBCore\arduino16x\7c3dd42e408ebb1ce4dae06851a5a8aa\variant\start.S.o
                0x080007ec                __start__
 .text.start_c  0x080007fc       0x64 C:\Users\20131\AppData\Local\Temp\VMBCore\arduino16x\7c3dd42e408ebb1ce4dae06851a5a8aa\variant\start_c.c.o
                0x080007fc                start_c
 .text._exit    0x08000860        0x2 C:\Users\20131\AppData\Local\Temp\VMBCore\arduino16x\7c3dd42e408ebb1ce4dae06851a5a8aa\variant\syscalls.c.o
                0x08000860                _exit
 *fill*         0x08000862        0xe 
 .text          0x08000870       0x60 C:\Users\20131\AppData\Local\Temp\VMBuilds\new_LMDZ\STM32_genericSTM32F103C\Debug\core.a(exc.S.o)
                0x08000870                __exc_nmi
                0x08000874                __exc_hardfault
                0x08000878                __exc_memmanage
                0x0800087c                __exc_busfault
                0x08000880                __exc_usagefault
 .text          0x080008d0        0x2 C:\Users\20131\AppData\Local\Temp\VMBuilds\new_LMDZ\STM32_genericSTM32F103C\Debug\core.a(isrs.S.o)
                0x080008d0                __stm32reservedexception9
                0x080008d0                __exc_debug_monitor
                0x080008d0                __exc_svc
                0x080008d0                __irq_can_rx1
                0x080008d0                __irq_spi2
                0x080008d0                __irq_can_sce
                0x080008d0                __irq_pvd
                0x080008d0                __irq_tamper
                0x080008d0                __default_handler
                0x080008d0                __irq_wwdg
                0x080008d0                __stm32reservedexception10
                0x080008d0                __irq_flash
                0x080008d0                __stm32reservedexception13
                0x080008d0                __irq_rtc
                0x080008d0                __irq_spi1
                0x080008d0                __stm32reservedexception7
                0x080008d0                __irq_usb_hp_can_tx
                0x080008d0                __irq_rtcalarm
                0x080008d0                __stm32reservedexception8
                0x080008d0                __exc_pendsv
                0x080008d0                __irq_usbwakeup
                0x080008d0                __irq_rcc
 .text.adc_init
                0x080008d2       0x14 C:\Users\20131\AppData\Local\Temp\VMBuilds\new_LMDZ\STM32_genericSTM32F103C\Debug\core.a(adc.c.o)
                0x080008d2                adc_init
 .text.adc_set_extsel
                0x080008e6       0x12 C:\Users\20131\AppData\Local\Temp\VMBuilds\new_LMDZ\STM32_genericSTM32F103C\Debug\core.a(adc.c.o)
                0x080008e6                adc_set_extsel
 .text.adc_set_sample_rate
                0x080008f8       0x30 C:\Users\20131\AppData\Local\Temp\VMBuilds\new_LMDZ\STM32_genericSTM32F103C\Debug\core.a(adc.c.o)
                0x080008f8                adc_set_sample_rate
 .text.adc_read
                0x08000928       0x20 C:\Users\20131\AppData\Local\Temp\VMBuilds\new_LMDZ\STM32_genericSTM32F103C\Debug\core.a(adc.c.o)
                0x08000928                adc_read
 .text.__irq_adc
                0x08000948       0x50 C:\Users\20131\AppData\Local\Temp\VMBuilds\new_LMDZ\STM32_genericSTM32F103C\Debug\core.a(adc_f1.c.o)
                0x08000948                __irq_adc
 .text.adc_calibrate
                0x08000998       0x24 C:\Users\20131\AppData\Local\Temp\VMBuilds\new_LMDZ\STM32_genericSTM32F103C\Debug\core.a(adc_f1.c.o)
                0x08000998                adc_calibrate
 .text.adc_set_prescaler
                0x080009bc        0x8 C:\Users\20131\AppData\Local\Temp\VMBuilds\new_LMDZ\STM32_genericSTM32F103C\Debug\core.a(adc_f1.c.o)
                0x080009bc                adc_set_prescaler
 .text.adc_foreach
                0x080009c4       0x1c C:\Users\20131\AppData\Local\Temp\VMBuilds\new_LMDZ\STM32_genericSTM32F103C\Debug\core.a(adc_f1.c.o)
                0x080009c4                adc_foreach
 .text.adc_enable_single_swstart
                0x080009e0       0x36 C:\Users\20131\AppData\Local\Temp\VMBuilds\new_LMDZ\STM32_genericSTM32F103C\Debug\core.a(adc_f1.c.o)
                0x080009e0                adc_enable_single_swstart
 *fill*         0x08000a16        0x2 
 .text.__irq_dma1_channel1
                0x08000a18       0x18 C:\Users\20131\AppData\Local\Temp\VMBuilds\new_LMDZ\STM32_genericSTM32F103C\Debug\core.a(dma_f1.c.o)
                0x08000a18                __irq_dma1_channel1
 .text.__irq_dma1_channel2
                0x08000a30       0x18 C:\Users\20131\AppData\Local\Temp\VMBuilds\new_LMDZ\STM32_genericSTM32F103C\Debug\core.a(dma_f1.c.o)
                0x08000a30                __irq_dma1_channel2
 .text.__irq_dma1_channel3
                0x08000a48       0x1c C:\Users\20131\AppData\Local\Temp\VMBuilds\new_LMDZ\STM32_genericSTM32F103C\Debug\core.a(dma_f1.c.o)
                0x08000a48                __irq_dma1_channel3
 .text.__irq_dma1_channel4
                0x08000a64       0x1c C:\Users\20131\AppData\Local\Temp\VMBuilds\new_LMDZ\STM32_genericSTM32F103C\Debug\core.a(dma_f1.c.o)
                0x08000a64                __irq_dma1_channel4
 .text.__irq_dma1_channel5
                0x08000a80       0x1c C:\Users\20131\AppData\Local\Temp\VMBuilds\new_LMDZ\STM32_genericSTM32F103C\Debug\core.a(dma_f1.c.o)
                0x08000a80                __irq_dma1_channel5
 .text.__irq_dma1_channel6
                0x08000a9c       0x1c C:\Users\20131\AppData\Local\Temp\VMBuilds\new_LMDZ\STM32_genericSTM32F103C\Debug\core.a(dma_f1.c.o)
                0x08000a9c                __irq_dma1_channel6
 .text.__irq_dma1_channel7
                0x08000ab8       0x1c C:\Users\20131\AppData\Local\Temp\VMBuilds\new_LMDZ\STM32_genericSTM32F103C\Debug\core.a(dma_f1.c.o)
                0x08000ab8                __irq_dma1_channel7
 .text.__irq_exti0
                0x08000ad4       0x20 C:\Users\20131\AppData\Local\Temp\VMBuilds\new_LMDZ\STM32_genericSTM32F103C\Debug\core.a(exti.c.o)
                0x08000ad4                __irq_exti0
 .text.__irq_exti1
                0x08000af4       0x20 C:\Users\20131\AppData\Local\Temp\VMBuilds\new_LMDZ\STM32_genericSTM32F103C\Debug\core.a(exti.c.o)
                0x08000af4                __irq_exti1
 .text.__irq_exti2
                0x08000b14       0x20 C:\Users\20131\AppData\Local\Temp\VMBuilds\new_LMDZ\STM32_genericSTM32F103C\Debug\core.a(exti.c.o)
                0x08000b14                __irq_exti2
 .text.__irq_exti3
                0x08000b34       0x20 C:\Users\20131\AppData\Local\Temp\VMBuilds\new_LMDZ\STM32_genericSTM32F103C\Debug\core.a(exti.c.o)
                0x08000b34                __irq_exti3
 .text.__irq_exti4
                0x08000b54       0x20 C:\Users\20131\AppData\Local\Temp\VMBuilds\new_LMDZ\STM32_genericSTM32F103C\Debug\core.a(exti.c.o)
                0x08000b54                __irq_exti4
 .text.__irq_exti9_5
                0x08000b74       0x44 C:\Users\20131\AppData\Local\Temp\VMBuilds\new_LMDZ\STM32_genericSTM32F103C\Debug\core.a(exti.c.o)
                0x08000b74                __irq_exti9_5
 .text.__irq_exti15_10
                0x08000bb8       0x44 C:\Users\20131\AppData\Local\Temp\VMBuilds\new_LMDZ\STM32_genericSTM32F103C\Debug\core.a(exti.c.o)
                0x08000bb8                __irq_exti15_10
 .text.flash_set_latency
                0x08000bfc       0x14 C:\Users\20131\AppData\Local\Temp\VMBuilds\new_LMDZ\STM32_genericSTM32F103C\Debug\core.a(flash.c.o)
                0x08000bfc                flash_set_latency
 .text.gpio_init_all
                0x08000c10       0x30 C:\Users\20131\AppData\Local\Temp\VMBuilds\new_LMDZ\STM32_genericSTM32F103C\Debug\core.a(gpio_f1.c.o)
                0x08000c10                gpio_init_all
 .text.gpio_set_mode
                0x08000c40       0x50 C:\Users\20131\AppData\Local\Temp\VMBuilds\new_LMDZ\STM32_genericSTM32F103C\Debug\core.a(gpio_f1.c.o)
                0x08000c40                gpio_set_mode
 .text.afio_init
                0x08000c90       0x12 C:\Users\20131\AppData\Local\Temp\VMBuilds\new_LMDZ\STM32_genericSTM32F103C\Debug\core.a(gpio_f1.c.o)
                0x08000c90                afio_init
 *fill*         0x08000ca2        0x2 
 .text.__irq_i2c1_ev
                0x08000ca4        0xc C:\Users\20131\AppData\Local\Temp\VMBuilds\new_LMDZ\STM32_genericSTM32F103C\Debug\core.a(i2c_f1.c.o)
                0x08000ca4                __irq_i2c1_ev
 .text.__irq_i2c2_ev
                0x08000cb0        0xc C:\Users\20131\AppData\Local\Temp\VMBuilds\new_LMDZ\STM32_genericSTM32F103C\Debug\core.a(i2c_f1.c.o)
                0x08000cb0                __irq_i2c2_ev
 .text.__irq_i2c1_er
                0x08000cbc        0xc C:\Users\20131\AppData\Local\Temp\VMBuilds\new_LMDZ\STM32_genericSTM32F103C\Debug\core.a(i2c_f1.c.o)
                0x08000cbc                __irq_i2c1_er
 .text.__irq_i2c2_er
                0x08000cc8        0xc C:\Users\20131\AppData\Local\Temp\VMBuilds\new_LMDZ\STM32_genericSTM32F103C\Debug\core.a(i2c_f1.c.o)
                0x08000cc8                __irq_i2c2_er
 .text._i2c_irq_priority_fixup
                0x08000cd4       0x1c C:\Users\20131\AppData\Local\Temp\VMBuilds\new_LMDZ\STM32_genericSTM32F103C\Debug\core.a(i2c_f1.c.o)
                0x08000cd4                _i2c_irq_priority_fixup
 .text.nvic_irq_set_priority
                0x08000cf0       0x28 C:\Users\20131\AppData\Local\Temp\VMBuilds\new_LMDZ\STM32_genericSTM32F103C\Debug\core.a(nvic.c.o)
                0x08000cf0                nvic_irq_set_priority
 .text.nvic_init
                0x08000d18       0x30 C:\Users\20131\AppData\Local\Temp\VMBuilds\new_LMDZ\STM32_genericSTM32F103C\Debug\core.a(nvic.c.o)
                0x08000d18                nvic_init
 .text.rcc_dev_clk
                0x08000d48        0xc C:\Users\20131\AppData\Local\Temp\VMBuilds\new_LMDZ\STM32_genericSTM32F103C\Debug\core.a(rcc.c.o)
                0x08000d48                rcc_dev_clk
 .text.rcc_switch_sysclk
                0x08000d54       0x20 C:\Users\20131\AppData\Local\Temp\VMBuilds\new_LMDZ\STM32_genericSTM32F103C\Debug\core.a(rcc.c.o)
                0x08000d54                rcc_switch_sysclk
 .text.rcc_turn_on_clk
                0x08000d74       0x1a C:\Users\20131\AppData\Local\Temp\VMBuilds\new_LMDZ\STM32_genericSTM32F103C\Debug\core.a(rcc.c.o)
                0x08000d74                rcc_turn_on_clk
 .text.rcc_turn_off_clk
                0x08000d8e       0x1c C:\Users\20131\AppData\Local\Temp\VMBuilds\new_LMDZ\STM32_genericSTM32F103C\Debug\core.a(rcc.c.o)
                0x08000d8e                rcc_turn_off_clk
 .text.rcc_is_clk_on
                0x08000daa       0x1e C:\Users\20131\AppData\Local\Temp\VMBuilds\new_LMDZ\STM32_genericSTM32F103C\Debug\core.a(rcc.c.o)
                0x08000daa                rcc_is_clk_on
 .text.rcc_is_clk_ready
                0x08000dc8       0x18 C:\Users\20131\AppData\Local\Temp\VMBuilds\new_LMDZ\STM32_genericSTM32F103C\Debug\core.a(rcc.c.o)
                0x08000dc8                rcc_is_clk_ready
 .text.rcc_configure_pll
                0x08000de0       0x38 C:\Users\20131\AppData\Local\Temp\VMBuilds\new_LMDZ\STM32_genericSTM32F103C\Debug\core.a(rcc_f1.c.o)
                0x08000de0                rcc_configure_pll
 .text.rcc_clk_enable
                0x08000e18       0x30 C:\Users\20131\AppData\Local\Temp\VMBuilds\new_LMDZ\STM32_genericSTM32F103C\Debug\core.a(rcc_f1.c.o)
                0x08000e18                rcc_clk_enable
 .text.rcc_reset_dev
                0x08000e48       0x34 C:\Users\20131\AppData\Local\Temp\VMBuilds\new_LMDZ\STM32_genericSTM32F103C\Debug\core.a(rcc_f1.c.o)
                0x08000e48                rcc_reset_dev
 .text.rcc_set_prescaler
                0x08000e7c       0x20 C:\Users\20131\AppData\Local\Temp\VMBuilds\new_LMDZ\STM32_genericSTM32F103C\Debug\core.a(rcc_f1.c.o)
                0x08000e7c                rcc_set_prescaler
 .text.rcc_clk_disable
                0x08000e9c       0x30 C:\Users\20131\AppData\Local\Temp\VMBuilds\new_LMDZ\STM32_genericSTM32F103C\Debug\core.a(rcc_f1.c.o)
                0x08000e9c                rcc_clk_disable
 .text.systick_init
                0x08000ecc       0x10 C:\Users\20131\AppData\Local\Temp\VMBuilds\new_LMDZ\STM32_genericSTM32F103C\Debug\core.a(systick.c.o)
                0x08000ecc                systick_init
 .text.__exc_systick
                0x08000edc       0x1c C:\Users\20131\AppData\Local\Temp\VMBuilds\new_LMDZ\STM32_genericSTM32F103C\Debug\core.a(systick.c.o)
                0x08000edc                __exc_systick
 .text.timer_oc_set_mode
                0x08000ef8       0x3a C:\Users\20131\AppData\Local\Temp\VMBuilds\new_LMDZ\STM32_genericSTM32F103C\Debug\core.a(timer.c.o)
 .text.timer_cc_enable
                0x08000f32       0x1c C:\Users\20131\AppData\Local\Temp\VMBuilds\new_LMDZ\STM32_genericSTM32F103C\Debug\core.a(timer.c.o)
 *fill*         0x08000f4e        0x2 
 .text.timer_foreach
                0x08000f50       0x28 C:\Users\20131\AppData\Local\Temp\VMBuilds\new_LMDZ\STM32_genericSTM32F103C\Debug\core.a(timer.c.o)
                0x08000f50                timer_foreach
 .text.timer_init
                0x08000f78       0x14 C:\Users\20131\AppData\Local\Temp\VMBuilds\new_LMDZ\STM32_genericSTM32F103C\Debug\core.a(timer.c.o)
                0x08000f78                timer_init
 .text.timer_has_cc_channel
                0x08000f8c       0x30 C:\Users\20131\AppData\Local\Temp\VMBuilds\new_LMDZ\STM32_genericSTM32F103C\Debug\core.a(timer.c.o)
                0x08000f8c                timer_has_cc_channel
 .text.timer_detach_interrupt
                0x08000fbc       0x1e C:\Users\20131\AppData\Local\Temp\VMBuilds\new_LMDZ\STM32_genericSTM32F103C\Debug\core.a(timer.c.o)
                0x08000fbc                timer_detach_interrupt
 .text.input_capture_mode
                0x08000fda       0x1a C:\Users\20131\AppData\Local\Temp\VMBuilds\new_LMDZ\STM32_genericSTM32F103C\Debug\core.a(timer.c.o)
                0x08000fda                input_capture_mode
 .text.timer_set_mode
                0x08000ff4       0xb8 C:\Users\20131\AppData\Local\Temp\VMBuilds\new_LMDZ\STM32_genericSTM32F103C\Debug\core.a(timer.c.o)
                0x08000ff4                timer_set_mode
 .text.__irq_tim1_brk
                0x080010ac       0x24 C:\Users\20131\AppData\Local\Temp\VMBuilds\new_LMDZ\STM32_genericSTM32F103C\Debug\core.a(timer.c.o)
                0x080010ac                __irq_tim1_brk
 .text.__irq_tim1_up
                0x080010d0       0x24 C:\Users\20131\AppData\Local\Temp\VMBuilds\new_LMDZ\STM32_genericSTM32F103C\Debug\core.a(timer.c.o)
                0x080010d0                __irq_tim1_up
 .text.__irq_tim1_trg_com
                0x080010f4       0x38 C:\Users\20131\AppData\Local\Temp\VMBuilds\new_LMDZ\STM32_genericSTM32F103C\Debug\core.a(timer.c.o)
                0x080010f4                __irq_tim1_trg_com
 .text.__irq_tim1_cc
                0x0800112c       0x54 C:\Users\20131\AppData\Local\Temp\VMBuilds\new_LMDZ\STM32_genericSTM32F103C\Debug\core.a(timer.c.o)
                0x0800112c                __irq_tim1_cc
 .text.__irq_tim2
                0x08001180       0x70 C:\Users\20131\AppData\Local\Temp\VMBuilds\new_LMDZ\STM32_genericSTM32F103C\Debug\core.a(timer.c.o)
                0x08001180                __irq_tim2
 .text.__irq_tim3
                0x080011f0       0x70 C:\Users\20131\AppData\Local\Temp\VMBuilds\new_LMDZ\STM32_genericSTM32F103C\Debug\core.a(timer.c.o)
                0x080011f0                __irq_tim3
 .text.__irq_tim4
                0x08001260       0x70 C:\Users\20131\AppData\Local\Temp\VMBuilds\new_LMDZ\STM32_genericSTM32F103C\Debug\core.a(timer.c.o)
                0x08001260                __irq_tim4
 .text.rb_remove
                0x080012d0       0x24 C:\Users\20131\AppData\Local\Temp\VMBuilds\new_LMDZ\STM32_genericSTM32F103C\Debug\core.a(usart_f1.c.o)
 .text.rb_push_insert
                0x080012f4       0x52 C:\Users\20131\AppData\Local\Temp\VMBuilds\new_LMDZ\STM32_genericSTM32F103C\Debug\core.a(usart_f1.c.o)
 .text.usart_config_gpios_async
                0x08001346       0x4a C:\Users\20131\AppData\Local\Temp\VMBuilds\new_LMDZ\STM32_genericSTM32F103C\Debug\core.a(usart_f1.c.o)
                0x08001346                usart_config_gpios_async
 .text.usart_set_baud_rate
                0x08001390       0x3c C:\Users\20131\AppData\Local\Temp\VMBuilds\new_LMDZ\STM32_genericSTM32F103C\Debug\core.a(usart_f1.c.o)
                0x08001390                usart_set_baud_rate
 .text.__irq_usart1
                0x080013cc       0x54 C:\Users\20131\AppData\Local\Temp\VMBuilds\new_LMDZ\STM32_genericSTM32F103C\Debug\core.a(usart_f1.c.o)
                0x080013cc                __irq_usart1
 .text.__irq_usart2
                0x08001420       0x54 C:\Users\20131\AppData\Local\Temp\VMBuilds\new_LMDZ\STM32_genericSTM32F103C\Debug\core.a(usart_f1.c.o)
                0x08001420                __irq_usart2
 .text.__irq_usart3
                0x08001474       0x54 C:\Users\20131\AppData\Local\Temp\VMBuilds\new_LMDZ\STM32_genericSTM32F103C\Debug\core.a(usart_f1.c.o)
                0x08001474                __irq_usart3
 .text._usart_clock_freq
                0x080014c8       0x24 C:\Users\20131\AppData\Local\Temp\VMBuilds\new_LMDZ\STM32_genericSTM32F103C\Debug\core.a(usart_private.c.o)
                0x080014c8                _usart_clock_freq
 .text.usart_putc
                0x080014ec       0x1c C:\Users\20131\AppData\Local\Temp\VMBuilds\new_LMDZ\STM32_genericSTM32F103C\Debug\core.a(util.c.o)
 .text.usart_putstr
                0x08001508       0x16 C:\Users\20131\AppData\Local\Temp\VMBuilds\new_LMDZ\STM32_genericSTM32F103C\Debug\core.a(util.c.o)
 *fill*         0x0800151e        0x2 
 .text.throb    0x08001520       0x4c C:\Users\20131\AppData\Local\Temp\VMBuilds\new_LMDZ\STM32_genericSTM32F103C\Debug\core.a(util.c.o)
                0x08001520                throb
 .text.__error  0x0800156c       0x14 C:\Users\20131\AppData\Local\Temp\VMBuilds\new_LMDZ\STM32_genericSTM32F103C\Debug\core.a(util.c.o)
                0x0800156c                __error
 .text._fail    0x08001580       0x64 C:\Users\20131\AppData\Local\Temp\VMBuilds\new_LMDZ\STM32_genericSTM32F103C\Debug\core.a(util.c.o)
                0x08001580                _fail
 .text.usb_resume
                0x080015e4       0xb4 C:\Users\20131\AppData\Local\Temp\VMBuilds\new_LMDZ\STM32_genericSTM32F103C\Debug\core.a(usb.c.o)
 .text.__irq_usb_lp_can_rx0
                0x08001698      0x1f0 C:\Users\20131\AppData\Local\Temp\VMBuilds\new_LMDZ\STM32_genericSTM32F103C\Debug\core.a(usb.c.o)
                0x08001698                __irq_usb_lp_can_rx0
 .text.usb_set_ep_rx_stat
                0x08001888       0x22 C:\Users\20131\AppData\Local\Temp\VMBuilds\new_LMDZ\STM32_genericSTM32F103C\Debug\core.a(usb_cdcacm.c.o)
 *fill*         0x080018aa        0x2 
 .text.vcomGetSetLineCoding
                0x080018ac       0x18 C:\Users\20131\AppData\Local\Temp\VMBuilds\new_LMDZ\STM32_genericSTM32F103C\Debug\core.a(usb_cdcacm.c.o)
 .text.usbDataSetup
                0x080018c4       0x54 C:\Users\20131\AppData\Local\Temp\VMBuilds\new_LMDZ\STM32_genericSTM32F103C\Debug\core.a(usb_cdcacm.c.o)
 .text.usbNoDataSetup
                0x08001918       0x50 C:\Users\20131\AppData\Local\Temp\VMBuilds\new_LMDZ\STM32_genericSTM32F103C\Debug\core.a(usb_cdcacm.c.o)
 .text.usbGetInterfaceSetting
                0x08001968       0x10 C:\Users\20131\AppData\Local\Temp\VMBuilds\new_LMDZ\STM32_genericSTM32F103C\Debug\core.a(usb_cdcacm.c.o)
 .text.usbGetStringDescriptor
                0x08001978       0x20 C:\Users\20131\AppData\Local\Temp\VMBuilds\new_LMDZ\STM32_genericSTM32F103C\Debug\core.a(usb_cdcacm.c.o)
 .text.usbGetConfigDescriptor
                0x08001998        0xc C:\Users\20131\AppData\Local\Temp\VMBuilds\new_LMDZ\STM32_genericSTM32F103C\Debug\core.a(usb_cdcacm.c.o)
 .text.usbGetDeviceDescriptor
                0x080019a4        0xc C:\Users\20131\AppData\Local\Temp\VMBuilds\new_LMDZ\STM32_genericSTM32F103C\Debug\core.a(usb_cdcacm.c.o)
 .text.usbInit  0x080019b0       0x44 C:\Users\20131\AppData\Local\Temp\VMBuilds\new_LMDZ\STM32_genericSTM32F103C\Debug\core.a(usb_cdcacm.c.o)
 .text.usbReset
                0x080019f4      0x160 C:\Users\20131\AppData\Local\Temp\VMBuilds\new_LMDZ\STM32_genericSTM32F103C\Debug\core.a(usb_cdcacm.c.o)
 .text.usb_set_ep_rx_count
                0x08001b54       0x40 C:\Users\20131\AppData\Local\Temp\VMBuilds\new_LMDZ\STM32_genericSTM32F103C\Debug\core.a(usb_reg_map.c.o)
                0x08001b54                usb_set_ep_rx_count
 .text.Standard_GetConfiguration
                0x08001b94       0x24 C:\Users\20131\AppData\Local\Temp\VMBuilds\new_LMDZ\STM32_genericSTM32F103C\Debug\core.a(usb_core.c.o)
                0x08001b94                Standard_GetConfiguration
 .text.Standard_GetInterface
                0x08001bb8       0x24 C:\Users\20131\AppData\Local\Temp\VMBuilds\new_LMDZ\STM32_genericSTM32F103C\Debug\core.a(usb_core.c.o)
                0x08001bb8                Standard_GetInterface
 .text.Standard_GetStatus
                0x08001bdc       0x90 C:\Users\20131\AppData\Local\Temp\VMBuilds\new_LMDZ\STM32_genericSTM32F103C\Debug\core.a(usb_core.c.o)
                0x08001bdc                Standard_GetStatus
 .text.DataStageIn
                0x08001c6c       0xa8 C:\Users\20131\AppData\Local\Temp\VMBuilds\new_LMDZ\STM32_genericSTM32F103C\Debug\core.a(usb_core.c.o)
 .text.Standard_SetConfiguration
                0x08001d14       0x38 C:\Users\20131\AppData\Local\Temp\VMBuilds\new_LMDZ\STM32_genericSTM32F103C\Debug\core.a(usb_core.c.o)
                0x08001d14                Standard_SetConfiguration
 .text.Standard_SetInterface
                0x08001d4c       0x48 C:\Users\20131\AppData\Local\Temp\VMBuilds\new_LMDZ\STM32_genericSTM32F103C\Debug\core.a(usb_core.c.o)
                0x08001d4c                Standard_SetInterface
 .text.Standard_ClearFeature
                0x08001d94       0xd0 C:\Users\20131\AppData\Local\Temp\VMBuilds\new_LMDZ\STM32_genericSTM32F103C\Debug\core.a(usb_core.c.o)
                0x08001d94                Standard_ClearFeature
 .text.Standard_SetEndPointFeature
                0x08001e64       0x84 C:\Users\20131\AppData\Local\Temp\VMBuilds\new_LMDZ\STM32_genericSTM32F103C\Debug\core.a(usb_core.c.o)
                0x08001e64                Standard_SetEndPointFeature
 .text.Standard_SetDeviceFeature
                0x08001ee8       0x24 C:\Users\20131\AppData\Local\Temp\VMBuilds\new_LMDZ\STM32_genericSTM32F103C\Debug\core.a(usb_core.c.o)
                0x08001ee8                Standard_SetDeviceFeature
 .text.Standard_GetDescriptorData
                0x08001f0c       0x1c C:\Users\20131\AppData\Local\Temp\VMBuilds\new_LMDZ\STM32_genericSTM32F103C\Debug\core.a(usb_core.c.o)
                0x08001f0c                Standard_GetDescriptorData
 .text.Post0_Process
                0x08001f28       0x40 C:\Users\20131\AppData\Local\Temp\VMBuilds\new_LMDZ\STM32_genericSTM32F103C\Debug\core.a(usb_core.c.o)
                0x08001f28                Post0_Process
 .text.Setup0_Process
                0x08001f68      0x2d0 C:\Users\20131\AppData\Local\Temp\VMBuilds\new_LMDZ\STM32_genericSTM32F103C\Debug\core.a(usb_core.c.o)
                0x08001f68                Setup0_Process
 .text.Out0_Process
                0x08002238       0xc8 C:\Users\20131\AppData\Local\Temp\VMBuilds\new_LMDZ\STM32_genericSTM32F103C\Debug\core.a(usb_core.c.o)
                0x08002238                Out0_Process
 .text.SetDeviceAddress
                0x08002300       0x38 C:\Users\20131\AppData\Local\Temp\VMBuilds\new_LMDZ\STM32_genericSTM32F103C\Debug\core.a(usb_core.c.o)
                0x08002300                SetDeviceAddress
 .text.In0_Process
                0x08002338       0x5c C:\Users\20131\AppData\Local\Temp\VMBuilds\new_LMDZ\STM32_genericSTM32F103C\Debug\core.a(usb_core.c.o)
                0x08002338                In0_Process
 .text.NOP_Process
                0x08002394        0x2 C:\Users\20131\AppData\Local\Temp\VMBuilds\new_LMDZ\STM32_genericSTM32F103C\Debug\core.a(usb_core.c.o)
                0x08002394                NOP_Process
 .text.UserToPMABufferCopy
                0x08002396       0x30 C:\Users\20131\AppData\Local\Temp\VMBuilds\new_LMDZ\STM32_genericSTM32F103C\Debug\core.a(usb_mem.c.o)
                0x08002396                UserToPMABufferCopy
 .text.PMAToUserBufferCopy
                0x080023c6       0x24 C:\Users\20131\AppData\Local\Temp\VMBuilds\new_LMDZ\STM32_genericSTM32F103C\Debug\core.a(usb_mem.c.o)
                0x080023c6                PMAToUserBufferCopy
 .text.SetEPTxStatus
                0x080023ea       0x2a C:\Users\20131\AppData\Local\Temp\VMBuilds\new_LMDZ\STM32_genericSTM32F103C\Debug\core.a(usb_regs.c.o)
                0x080023ea                SetEPTxStatus
 .text.ClearDTOG_RX
                0x08002414       0x20 C:\Users\20131\AppData\Local\Temp\VMBuilds\new_LMDZ\STM32_genericSTM32F103C\Debug\core.a(usb_regs.c.o)
                0x08002414                ClearDTOG_RX
 .text.ClearDTOG_TX
                0x08002434       0x20 C:\Users\20131\AppData\Local\Temp\VMBuilds\new_LMDZ\STM32_genericSTM32F103C\Debug\core.a(usb_regs.c.o)
                0x08002434                ClearDTOG_TX
 .text.GetEPTxAddr
                0x08002454       0x1c C:\Users\20131\AppData\Local\Temp\VMBuilds\new_LMDZ\STM32_genericSTM32F103C\Debug\core.a(usb_regs.c.o)
                0x08002454                GetEPTxAddr
 .text.GetEPRxAddr
                0x08002470       0x1c C:\Users\20131\AppData\Local\Temp\VMBuilds\new_LMDZ\STM32_genericSTM32F103C\Debug\core.a(usb_regs.c.o)
                0x08002470                GetEPRxAddr
 .text.SetEPTxCount
                0x0800248c       0x1c C:\Users\20131\AppData\Local\Temp\VMBuilds\new_LMDZ\STM32_genericSTM32F103C\Debug\core.a(usb_regs.c.o)
                0x0800248c                SetEPTxCount
 .text.SetEPRxCount
                0x080024a8       0x40 C:\Users\20131\AppData\Local\Temp\VMBuilds\new_LMDZ\STM32_genericSTM32F103C\Debug\core.a(usb_regs.c.o)
                0x080024a8                SetEPRxCount
 .text.rb_full_count
                0x080024e8       0x22 C:\Users\20131\AppData\Local\Temp\VMBuilds\new_LMDZ\STM32_genericSTM32F103C\Debug\core.a(HardwareSerial.cpp.o)
 .text._ZN14HardwareSerial4readEv
                0x0800250a       0x3a C:\Users\20131\AppData\Local\Temp\VMBuilds\new_LMDZ\STM32_genericSTM32F103C\Debug\core.a(HardwareSerial.cpp.o)
                0x0800250a                HardwareSerial::read()
 .text._ZN14HardwareSerial9availableEv
                0x08002544        0xc C:\Users\20131\AppData\Local\Temp\VMBuilds\new_LMDZ\STM32_genericSTM32F103C\Debug\core.a(HardwareSerial.cpp.o)
                0x08002544                HardwareSerial::available()
 .text._ZN14HardwareSerial4peekEv
                0x08002550       0x22 C:\Users\20131\AppData\Local\Temp\VMBuilds\new_LMDZ\STM32_genericSTM32F103C\Debug\core.a(HardwareSerial.cpp.o)
                0x08002550                HardwareSerial::peek()
 .text._ZN14HardwareSerial5flushEv
                0x08002572       0x1a C:\Users\20131\AppData\Local\Temp\VMBuilds\new_LMDZ\STM32_genericSTM32F103C\Debug\core.a(HardwareSerial.cpp.o)
                0x08002572                HardwareSerial::flush()
 .text._ZN14HardwareSerial5writeEh
                0x0800258c       0x1e C:\Users\20131\AppData\Local\Temp\VMBuilds\new_LMDZ\STM32_genericSTM32F103C\Debug\core.a(HardwareSerial.cpp.o)
                0x0800258c                HardwareSerial::write(unsigned char)
 *fill*         0x080025aa        0x2 
 .text._ZN14HardwareSerialC2EP9usart_devhh
                0x080025ac       0x1c C:\Users\20131\AppData\Local\Temp\VMBuilds\new_LMDZ\STM32_genericSTM32F103C\Debug\core.a(HardwareSerial.cpp.o)
                0x080025ac                HardwareSerial::HardwareSerial(usart_dev*, unsigned char, unsigned char)
                0x080025ac                HardwareSerial::HardwareSerial(usart_dev*, unsigned char, unsigned char)
 .text._ZN14HardwareSerial5beginEmh
                0x080025c8       0x78 C:\Users\20131\AppData\Local\Temp\VMBuilds\new_LMDZ\STM32_genericSTM32F103C\Debug\core.a(HardwareSerial.cpp.o)
                0x080025c8                HardwareSerial::begin(unsigned long, unsigned char)
 .text._ZN14HardwareSerial5beginEm
                0x08002640        0x6 C:\Users\20131\AppData\Local\Temp\VMBuilds\new_LMDZ\STM32_genericSTM32F103C\Debug\core.a(HardwareSerial.cpp.o)
                0x08002640                HardwareSerial::begin(unsigned long)
 .text.startup._Z7premainv
                0x08002646        0x4 C:\Users\20131\AppData\Local\Temp\VMBuilds\new_LMDZ\STM32_genericSTM32F103C\Debug\core.a(main.cpp.o)
                0x08002646                premain()
 .text.startup.main
                0x0800264a        0xc C:\Users\20131\AppData\Local\Temp\VMBuilds\new_LMDZ\STM32_genericSTM32F103C\Debug\core.a(main.cpp.o)
                0x0800264a                main
 .text._ZN5Print5writeEPKvm
                0x08002656       0x20 C:\Users\20131\AppData\Local\Temp\VMBuilds\new_LMDZ\STM32_genericSTM32F103C\Debug\core.a(Print.cpp.o)
                0x08002656                Print::write(void const*, unsigned long)
 .text._ZN5Print5writeEPKc
                0x08002676       0x1e C:\Users\20131\AppData\Local\Temp\VMBuilds\new_LMDZ\STM32_genericSTM32F103C\Debug\core.a(Print.cpp.o)
                0x08002676                Print::write(char const*)
 .text._ZN5Print5printEc
                0x08002694        0xa C:\Users\20131\AppData\Local\Temp\VMBuilds\new_LMDZ\STM32_genericSTM32F103C\Debug\core.a(Print.cpp.o)
                0x08002694                Print::print(char)
 .text._ZN5Print5printEPKc
                0x0800269e        0xa C:\Users\20131\AppData\Local\Temp\VMBuilds\new_LMDZ\STM32_genericSTM32F103C\Debug\core.a(Print.cpp.o)
                0x0800269e                Print::print(char const*)
 .text._ZN5Print7printlnEv
                0x080026a8       0x18 C:\Users\20131\AppData\Local\Temp\VMBuilds\new_LMDZ\STM32_genericSTM32F103C\Debug\core.a(Print.cpp.o)
                0x080026a8                Print::println()
 .text._ZN5Print7printlnEPKc
                0x080026c0       0x14 C:\Users\20131\AppData\Local\Temp\VMBuilds\new_LMDZ\STM32_genericSTM32F103C\Debug\core.a(Print.cpp.o)
                0x080026c0                Print::println(char const*)
 .text._ZN5Print11printNumberEyh
                0x080026d4       0x84 C:\Users\20131\AppData\Local\Temp\VMBuilds\new_LMDZ\STM32_genericSTM32F103C\Debug\core.a(Print.cpp.o)
                0x080026d4                Print::printNumber(unsigned long long, unsigned char)
 .text._ZN5Print5printExi
                0x08002758       0x32 C:\Users\20131\AppData\Local\Temp\VMBuilds\new_LMDZ\STM32_genericSTM32F103C\Debug\core.a(Print.cpp.o)
                0x08002758                Print::print(long long, int)
 .text._ZN5Print5printEii
                0x0800278a       0x12 C:\Users\20131\AppData\Local\Temp\VMBuilds\new_LMDZ\STM32_genericSTM32F103C\Debug\core.a(Print.cpp.o)
                0x0800278a                Print::print(int, int)
 .text._Z10analogReadh
                0x0800279c       0x1c C:\Users\20131\AppData\Local\Temp\VMBuilds\new_LMDZ\STM32_genericSTM32F103C\Debug\core.a(wirish_analog.cpp.o)
                0x0800279c                analogRead(unsigned char)
 .text._ZL6microsv
                0x080027b8       0x34 C:\Users\20131\AppData\Local\Temp\VMBuilds\new_LMDZ\STM32_genericSTM32F103C\Debug\core.a(wirish_time.cpp.o)
 .text._Z5delaym
                0x080027ec       0x2a C:\Users\20131\AppData\Local\Temp\VMBuilds\new_LMDZ\STM32_genericSTM32F103C\Debug\core.a(wirish_time.cpp.o)
                0x080027ec                delay(unsigned long)
 *fill*         0x08002816        0x2 
 .text._Z7pinModeh13WiringPinMode
                0x08002818       0x84 C:\Users\20131\AppData\Local\Temp\VMBuilds\new_LMDZ\STM32_genericSTM32F103C\Debug\core.a(wirish_digital_f1.cpp.o)
                0x08002818                pinMode(unsigned char, WiringPinMode)
 .text.__empty  0x0800289c        0x2 C:\Users\20131\AppData\Local\Temp\VMBuilds\new_LMDZ\STM32_genericSTM32F103C\Debug\core.a(hooks.c.o)
                0x0800289c                yield
 .text.gpio_init
                0x0800289e       0x14 C:\Users\20131\AppData\Local\Temp\VMBuilds\new_LMDZ\STM32_genericSTM32F103C\Debug\core.a(gpio.c.o)
                0x0800289e                gpio_init
 .text.i2c_start_condition
                0x080028b2       0x14 C:\Users\20131\AppData\Local\Temp\VMBuilds\new_LMDZ\STM32_genericSTM32F103C\Debug\core.a(i2c.c.o)
 .text.i2c_stop_condition
                0x080028c6       0x1c C:\Users\20131\AppData\Local\Temp\VMBuilds\new_LMDZ\STM32_genericSTM32F103C\Debug\core.a(i2c.c.o)
 *fill*         0x080028e2        0x2 
 .text._i2c_irq_handler
                0x080028e4      0x16c C:\Users\20131\AppData\Local\Temp\VMBuilds\new_LMDZ\STM32_genericSTM32F103C\Debug\core.a(i2c.c.o)
                0x080028e4                _i2c_irq_handler
 .text._i2c_irq_error_handler
                0x08002a50       0x2a C:\Users\20131\AppData\Local\Temp\VMBuilds\new_LMDZ\STM32_genericSTM32F103C\Debug\core.a(i2c.c.o)
                0x08002a50                _i2c_irq_error_handler
 *fill*         0x08002a7a        0x2 
 .text.usart_init
                0x08002a7c       0x4c C:\Users\20131\AppData\Local\Temp\VMBuilds\new_LMDZ\STM32_genericSTM32F103C\Debug\core.a(usart.c.o)
                0x08002a7c                usart_init
 .text.usart_enable
                0x08002ac8       0x14 C:\Users\20131\AppData\Local\Temp\VMBuilds\new_LMDZ\STM32_genericSTM32F103C\Debug\core.a(usart.c.o)
                0x08002ac8                usart_enable
 .text.usart_tx
                0x08002adc       0x9c C:\Users\20131\AppData\Local\Temp\VMBuilds\new_LMDZ\STM32_genericSTM32F103C\Debug\core.a(usart.c.o)
                0x08002adc                usart_tx
 .text.usart_putudec
                0x08002b78       0x44 C:\Users\20131\AppData\Local\Temp\VMBuilds\new_LMDZ\STM32_genericSTM32F103C\Debug\core.a(usart.c.o)
                0x08002b78                usart_putudec
 .text          0x08002bbc      0x370 c:/users/20131/appdata/local/arduino15/packages/arduino/tools/arm-none-eabi-gcc/4.8.3-2014q1/bin/../lib/gcc/arm-none-eabi/4.8.3/armv7-m\libgcc.a(_arm_addsubdf3.o)
                0x08002bbc                __aeabi_drsub
                0x08002bc4                __aeabi_dsub
                0x08002bc4                __subdf3
                0x08002bc8                __aeabi_dadd
                0x08002bc8                __adddf3
                0x08002e40                __floatunsidf
                0x08002e40                __aeabi_ui2d
                0x08002e60                __floatsidf
                0x08002e60                __aeabi_i2d
                0x08002e84                __aeabi_f2d
                0x08002e84                __extendsfdf2
                0x08002ec0                __floatundidf
                0x08002ec0                __aeabi_ul2d
                0x08002ed0                __floatdidf
                0x08002ed0                __aeabi_l2d
 .text          0x08002f2c      0x424 c:/users/20131/appdata/local/arduino15/packages/arduino/tools/arm-none-eabi-gcc/4.8.3-2014q1/bin/../lib/gcc/arm-none-eabi/4.8.3/armv7-m\libgcc.a(_arm_muldivdf3.o)
                0x08002f2c                __aeabi_dmul
                0x08002f2c                __muldf3
                0x08003180                __divdf3
                0x08003180                __aeabi_ddiv
 .text          0x08003350       0x2c c:/users/20131/appdata/local/arduino15/packages/arduino/tools/arm-none-eabi-gcc/4.8.3-2014q1/bin/../lib/gcc/arm-none-eabi/4.8.3/armv7-m\libgcc.a(_aeabi_uldivmod.o)
                0x08003350                __aeabi_uldivmod
 .text          0x0800337c       0x60 c:/users/20131/appdata/local/arduino15/packages/arduino/tools/arm-none-eabi-gcc/4.8.3-2014q1/bin/../lib/gcc/arm-none-eabi/4.8.3/armv7-m\libgcc.a(bpabi.o)
                0x0800337c                __gnu_ldivmod_helper
                0x080033ac                __gnu_uldivmod_helper
 .text          0x080033dc        0x4 c:/users/20131/appdata/local/arduino15/packages/arduino/tools/arm-none-eabi-gcc/4.8.3-2014q1/bin/../lib/gcc/arm-none-eabi/4.8.3/armv7-m\libgcc.a(_dvmd_tls.o)
                0x080033dc                __aeabi_idiv0
                0x080033dc                __aeabi_ldiv0
 .text          0x080033e0      0x2a0 c:/users/20131/appdata/local/arduino15/packages/arduino/tools/arm-none-eabi-gcc/4.8.3-2014q1/bin/../lib/gcc/arm-none-eabi/4.8.3/armv7-m\libgcc.a(_divdi3.o)
                0x080033e0                __divdi3
 .text          0x08003680      0x290 c:/users/20131/appdata/local/arduino15/packages/arduino/tools/arm-none-eabi-gcc/4.8.3-2014q1/bin/../lib/gcc/arm-none-eabi/4.8.3/armv7-m\libgcc.a(_udivdi3.o)
                0x08003680                __udivdi3
 .text.exit     0x08003910       0x20 c:/users/20131/appdata/local/arduino15/packages/arduino/tools/arm-none-eabi-gcc/4.8.3-2014q1/bin/../lib/gcc/arm-none-eabi/4.8.3/../../../../arm-none-eabi/lib/armv7-m\libc.a(lib_a-exit.o)
                0x08003910                exit
 .text.__libc_init_array
                0x08003930       0x50 c:/users/20131/appdata/local/arduino15/packages/arduino/tools/arm-none-eabi-gcc/4.8.3-2014q1/bin/../lib/gcc/arm-none-eabi/4.8.3/../../../../arm-none-eabi/lib/armv7-m\libc.a(lib_a-init.o)
                0x08003930                __libc_init_array
 .text.memset   0x08003980       0x94 c:/users/20131/appdata/local/arduino15/packages/arduino/tools/arm-none-eabi-gcc/4.8.3-2014q1/bin/../lib/gcc/arm-none-eabi/4.8.3/../../../../arm-none-eabi/lib/armv7-m\libc.a(lib_a-memset.o)
                0x08003980                memset
 .text.strlen   0x08003a14       0x60 c:/users/20131/appdata/local/arduino15/packages/arduino/tools/arm-none-eabi-gcc/4.8.3-2014q1/bin/../lib/gcc/arm-none-eabi/4.8.3/../../../../arm-none-eabi/lib/armv7-m\libc.a(lib_a-strlen.o)
                0x08003a14                strlen
 .text.startup.register_fini
                0x08003a74       0x14 c:/users/20131/appdata/local/arduino15/packages/arduino/tools/arm-none-eabi-gcc/4.8.3-2014q1/bin/../lib/gcc/arm-none-eabi/4.8.3/../../../../arm-none-eabi/lib/armv7-m\libc.a(lib_a-__call_atexit.o)
 .text.__call_exitprocs
                0x08003a88       0xf0 c:/users/20131/appdata/local/arduino15/packages/arduino/tools/arm-none-eabi-gcc/4.8.3-2014q1/bin/../lib/gcc/arm-none-eabi/4.8.3/../../../../arm-none-eabi/lib/armv7-m\libc.a(lib_a-__call_atexit.o)
                0x08003a88                __call_exitprocs
 .text.atexit   0x08003b78        0xc c:/users/20131/appdata/local/arduino15/packages/arduino/tools/arm-none-eabi-gcc/4.8.3-2014q1/bin/../lib/gcc/arm-none-eabi/4.8.3/../../../../arm-none-eabi/lib/armv7-m\libc.a(lib_a-atexit.o)
                0x08003b78                atexit
 .text.__libc_fini_array
                0x08003b84       0x30 c:/users/20131/appdata/local/arduino15/packages/arduino/tools/arm-none-eabi-gcc/4.8.3-2014q1/bin/../lib/gcc/arm-none-eabi/4.8.3/../../../../arm-none-eabi/lib/armv7-m\libc.a(lib_a-fini.o)
                0x08003b84                __libc_fini_array
 .text.__register_exitproc
                0x08003bb4       0xa8 c:/users/20131/appdata/local/arduino15/packages/arduino/tools/arm-none-eabi-gcc/4.8.3-2014q1/bin/../lib/gcc/arm-none-eabi/4.8.3/../../../../arm-none-eabi/lib/armv7-m\libc.a(lib_a-__atexit.o)
                0x08003bb4                __register_exitproc
 *(.plt)
 *(.gnu.warning)
 *(.glue_7t)
 .glue_7t       0x00000000        0x0 linker stubs
 *(.glue_7)
 .glue_7        0x00000000        0x0 linker stubs
 *(.vfp11_veneer)
 .vfp11_veneer  0x00000000        0x0 linker stubs
 *(.ARM.extab* .gnu.linkonce.armextab.*)
 *(.gcc_except_table)
 *(.eh_frame_hdr)
 *(.eh_frame)
 .eh_frame      0x08003c5c        0x0 c:/users/20131/appdata/local/arduino15/packages/arduino/tools/arm-none-eabi-gcc/4.8.3-2014q1/bin/../lib/gcc/arm-none-eabi/4.8.3/armv7-m/crtbegin.o
                0x08003c5c                . = ALIGN (0x4)
 *(.init)
 .init          0x08003c5c        0x4 c:/users/20131/appdata/local/arduino15/packages/arduino/tools/arm-none-eabi-gcc/4.8.3-2014q1/bin/../lib/gcc/arm-none-eabi/4.8.3/armv7-m/crti.o
                0x08003c5c                _init
 .init          0x08003c60        0x8 c:/users/20131/appdata/local/arduino15/packages/arduino/tools/arm-none-eabi-gcc/4.8.3-2014q1/bin/../lib/gcc/arm-none-eabi/4.8.3/armv7-m/crtn.o
                0x08003c68                . = ALIGN (0x4)
                0x08003c68                __preinit_array_start = .
 *(.preinit_array)
                0x08003c68                __preinit_array_end = .
                0x08003c68                . = ALIGN (0x4)
                0x08003c68                __init_array_start = .
 *(SORT(.init_array.*))
 .init_array.00000
                0x08003c68        0x4 c:/users/20131/appdata/local/arduino15/packages/arduino/tools/arm-none-eabi-gcc/4.8.3-2014q1/bin/../lib/gcc/arm-none-eabi/4.8.3/../../../../arm-none-eabi/lib/armv7-m\libc.a(lib_a-__call_atexit.o)
 .init_array.00101
                0x08003c6c        0x4 C:\Users\20131\AppData\Local\Temp\VMBuilds\new_LMDZ\STM32_genericSTM32F103C\Debug\core.a(main.cpp.o)
 *(.init_array)
 .init_array    0x08003c70        0x4 c:/users/20131/appdata/local/arduino15/packages/arduino/tools/arm-none-eabi-gcc/4.8.3-2014q1/bin/../lib/gcc/arm-none-eabi/4.8.3/armv7-m/crtbegin.o
 .init_array    0x08003c74        0x4 new_LMDZ.cpp.o
 .init_array    0x08003c78        0x4 C:\Users\20131\AppData\Local\Temp\VMBCore\arduino16x\7c3dd42e408ebb1ce4dae06851a5a8aa\variant\board.cpp.o
                0x08003c7c                __init_array_end = .
                0x08003c7c                . = ALIGN (0x4)
 *crtbegin.o(.ctors)
 *(EXCLUDE_FILE(*crtend.o) .ctors)
 *(SORT(.ctors.*))
 *crtend.o(.ctors)
                0x08003c7c                . = ALIGN (0x4)
 *(.fini)
 .fini          0x08003c7c        0x4 c:/users/20131/appdata/local/arduino15/packages/arduino/tools/arm-none-eabi-gcc/4.8.3-2014q1/bin/../lib/gcc/arm-none-eabi/4.8.3/armv7-m/crti.o
                0x08003c7c                _fini
 .fini          0x08003c80        0x8 c:/users/20131/appdata/local/arduino15/packages/arduino/tools/arm-none-eabi-gcc/4.8.3-2014q1/bin/../lib/gcc/arm-none-eabi/4.8.3/armv7-m/crtn.o
                0x08003c88                . = ALIGN (0x4)
                0x08003c88                __fini_array_start = .
 *(.fini_array)
 .fini_array    0x08003c88        0x4 c:/users/20131/appdata/local/arduino15/packages/arduino/tools/arm-none-eabi-gcc/4.8.3-2014q1/bin/../lib/gcc/arm-none-eabi/4.8.3/armv7-m/crtbegin.o
 *(SORT(.fini_array.*))
                0x08003c8c                __fini_array_end = .
 *crtbegin.o(.dtors)
 *(EXCLUDE_FILE(*crtend.o) .dtors)
 *(SORT(.dtors.*))
 *crtend.o(.dtors)

.v4_bx          0x08003c8c        0x0
 .v4_bx         0x00000000        0x0 linker stubs

.iplt           0x08003c8c        0x0
 .iplt          0x00000000        0x0 c:/users/20131/appdata/local/arduino15/packages/arduino/tools/arm-none-eabi-gcc/4.8.3-2014q1/bin/../lib/gcc/arm-none-eabi/4.8.3/armv7-m/crtbegin.o

.text.align     0x08003c8c        0x4
                0x08003c90                . = ALIGN (0x8)
 *fill*         0x08003c8c        0x4 
                0x08003c90                __text_end__ = .
                0x08003c90                __exidx_start = .

.ARM.exidx      0x08003c90        0x8
 *(.ARM.exidx* .gnu.linkonce.armexidx.*)
 .ARM.exidx     0x08003c90        0x8 C:\Users\20131\AppData\Local\Temp\VMBCore\arduino16x\7c3dd42e408ebb1ce4dae06851a5a8aa\variant\start.S.o
 .ARM.exidx     0x08003c98        0x0 c:/users/20131/appdata/local/arduino15/packages/arduino/tools/arm-none-eabi-gcc/4.8.3-2014q1/bin/../lib/gcc/arm-none-eabi/4.8.3/armv7-m\libgcc.a(_divdi3.o)
                                  0x8 (size before relaxing)
 .ARM.exidx     0x08003c98        0x0 c:/users/20131/appdata/local/arduino15/packages/arduino/tools/arm-none-eabi-gcc/4.8.3-2014q1/bin/../lib/gcc/arm-none-eabi/4.8.3/armv7-m\libgcc.a(_udivdi3.o)
                                  0x8 (size before relaxing)
                0x08003c98                __exidx_end = .

.data           0x20000000      0xb60 load address 0x08003c98
                0x20000000                __data_start__ = .
                0x20000000        0x4 LONG 0x0
                0x20000008                . = ALIGN (0x8)
 *fill*         0x20000004        0x4 
 *(.got.plt)
 *(.got)
 *(.data .data.* .gnu.linkonce.d.*)
 .data.sensor1  0x20000008      0x350 new_LMDZ.cpp.o
                0x20000008                sensor1
 .data.length   0x20000358        0x4 new_LMDZ.cpp.o
                0x20000358                length
 .data._ZN6wirish4privL8pll_dataE
                0x2000035c        0x4 C:\Users\20131\AppData\Local\Temp\VMBCore\arduino16x\7c3dd42e408ebb1ce4dae06851a5a8aa\variant\boards_setup.cpp.o
 .data._ZN6wirish4priv9w_adc_smpE
                0x20000360        0x1 C:\Users\20131\AppData\Local\Temp\VMBCore\arduino16x\7c3dd42e408ebb1ce4dae06851a5a8aa\variant\boards_setup.cpp.o
                0x20000360                wirish::priv::w_adc_smp
 *fill*         0x20000361        0x1 
 .data._ZN6wirish4priv9w_adc_preE
                0x20000362        0x2 C:\Users\20131\AppData\Local\Temp\VMBCore\arduino16x\7c3dd42e408ebb1ce4dae06851a5a8aa\variant\boards_setup.cpp.o
                0x20000362                wirish::priv::w_adc_pre
 .data._ZN6wirish4priv15w_board_pll_cfgE
                0x20000364        0x8 C:\Users\20131\AppData\Local\Temp\VMBCore\arduino16x\7c3dd42e408ebb1ce4dae06851a5a8aa\variant\boards_setup.cpp.o
                0x20000364                wirish::priv::w_board_pll_cfg
 .data.adc2     0x2000036c        0x8 C:\Users\20131\AppData\Local\Temp\VMBuilds\new_LMDZ\STM32_genericSTM32F103C\Debug\core.a(adc_f1.c.o)
                0x2000036c                adc2
 .data.adc1     0x20000374       0x18 C:\Users\20131\AppData\Local\Temp\VMBuilds\new_LMDZ\STM32_genericSTM32F103C\Debug\core.a(adc_f1.c.o)
                0x20000374                adc1
 .data.ADC2     0x2000038c        0x4 C:\Users\20131\AppData\Local\Temp\VMBuilds\new_LMDZ\STM32_genericSTM32F103C\Debug\core.a(adc_f1.c.o)
                0x2000038c                ADC2
 .data.ADC1     0x20000390        0x4 C:\Users\20131\AppData\Local\Temp\VMBuilds\new_LMDZ\STM32_genericSTM32F103C\Debug\core.a(adc_f1.c.o)
                0x20000390                ADC1
 .data.dma1     0x20000394       0x40 C:\Users\20131\AppData\Local\Temp\VMBuilds\new_LMDZ\STM32_genericSTM32F103C\Debug\core.a(dma_f1.c.o)
 .data.DMA1     0x200003d4        0x4 C:\Users\20131\AppData\Local\Temp\VMBuilds\new_LMDZ\STM32_genericSTM32F103C\Debug\core.a(dma_f1.c.o)
                0x200003d4                DMA1
 .data.gpioa    0x200003d8        0x8 C:\Users\20131\AppData\Local\Temp\VMBuilds\new_LMDZ\STM32_genericSTM32F103C\Debug\core.a(gpio_f1.c.o)
                0x200003d8                gpioa
 .data.gpiob    0x200003e0        0x8 C:\Users\20131\AppData\Local\Temp\VMBuilds\new_LMDZ\STM32_genericSTM32F103C\Debug\core.a(gpio_f1.c.o)
                0x200003e0                gpiob
 .data.gpioc    0x200003e8        0x8 C:\Users\20131\AppData\Local\Temp\VMBuilds\new_LMDZ\STM32_genericSTM32F103C\Debug\core.a(gpio_f1.c.o)
                0x200003e8                gpioc
 .data.gpiod    0x200003f0        0x8 C:\Users\20131\AppData\Local\Temp\VMBuilds\new_LMDZ\STM32_genericSTM32F103C\Debug\core.a(gpio_f1.c.o)
                0x200003f0                gpiod
 .data.i2c1     0x200003f8       0x24 C:\Users\20131\AppData\Local\Temp\VMBuilds\new_LMDZ\STM32_genericSTM32F103C\Debug\core.a(i2c_f1.c.o)
 .data.i2c2     0x2000041c       0x24 C:\Users\20131\AppData\Local\Temp\VMBuilds\new_LMDZ\STM32_genericSTM32F103C\Debug\core.a(i2c_f1.c.o)
 .data.enable_regs.4411
                0x20000440        0xc C:\Users\20131\AppData\Local\Temp\VMBuilds\new_LMDZ\STM32_genericSTM32F103C\Debug\core.a(rcc_f1.c.o)
 .data.reset_regs.4415
                0x2000044c        0x8 C:\Users\20131\AppData\Local\Temp\VMBuilds\new_LMDZ\STM32_genericSTM32F103C\Debug\core.a(rcc_f1.c.o)
 .data.enable_regs.4424
                0x20000454        0xc C:\Users\20131\AppData\Local\Temp\VMBuilds\new_LMDZ\STM32_genericSTM32F103C\Debug\core.a(rcc_f1.c.o)
 .data.timer3   0x20000460       0x24 C:\Users\20131\AppData\Local\Temp\VMBuilds\new_LMDZ\STM32_genericSTM32F103C\Debug\core.a(timer.c.o)
                0x20000460                timer3
 .data.timer4   0x20000484       0x24 C:\Users\20131\AppData\Local\Temp\VMBuilds\new_LMDZ\STM32_genericSTM32F103C\Debug\core.a(timer.c.o)
                0x20000484                timer4
 .data.timer1   0x200004a8       0x28 C:\Users\20131\AppData\Local\Temp\VMBuilds\new_LMDZ\STM32_genericSTM32F103C\Debug\core.a(timer.c.o)
                0x200004a8                timer1
 .data.timer2   0x200004d0       0x24 C:\Users\20131\AppData\Local\Temp\VMBuilds\new_LMDZ\STM32_genericSTM32F103C\Debug\core.a(timer.c.o)
                0x200004d0                timer2
 .data.USART1   0x200004f4        0x4 C:\Users\20131\AppData\Local\Temp\VMBuilds\new_LMDZ\STM32_genericSTM32F103C\Debug\core.a(usart_f1.c.o)
                0x200004f4                USART1
 .data.USART2   0x200004f8        0x4 C:\Users\20131\AppData\Local\Temp\VMBuilds\new_LMDZ\STM32_genericSTM32F103C\Debug\core.a(usart_f1.c.o)
                0x200004f8                USART2
 .data.USART3   0x200004fc        0x4 C:\Users\20131\AppData\Local\Temp\VMBuilds\new_LMDZ\STM32_genericSTM32F103C\Debug\core.a(usart_f1.c.o)
                0x200004fc                USART3
 .data.usart1   0x20000500       0x94 C:\Users\20131\AppData\Local\Temp\VMBuilds\new_LMDZ\STM32_genericSTM32F103C\Debug\core.a(usart_f1.c.o)
 .data.usart2   0x20000594       0x94 C:\Users\20131\AppData\Local\Temp\VMBuilds\new_LMDZ\STM32_genericSTM32F103C\Debug\core.a(usart_f1.c.o)
 .data.usart3   0x20000628       0x94 C:\Users\20131\AppData\Local\Temp\VMBuilds\new_LMDZ\STM32_genericSTM32F103C\Debug\core.a(usart_f1.c.o)
 .data.USBLIB   0x200006bc        0x4 C:\Users\20131\AppData\Local\Temp\VMBuilds\new_LMDZ\STM32_genericSTM32F103C\Debug\core.a(usb.c.o)
                0x200006bc                USBLIB
 .data.usblib   0x200006c0       0x10 C:\Users\20131\AppData\Local\Temp\VMBuilds\new_LMDZ\STM32_genericSTM32F103C\Debug\core.a(usb.c.o)
 .data.Config_Descriptor
                0x200006d0        0x8 C:\Users\20131\AppData\Local\Temp\VMBuilds\new_LMDZ\STM32_genericSTM32F103C\Debug\core.a(usb_cdcacm.c.o)
 .data.Device_Property
                0x200006d8       0x30 C:\Users\20131\AppData\Local\Temp\VMBuilds\new_LMDZ\STM32_genericSTM32F103C\Debug\core.a(usb_cdcacm.c.o)
                0x200006d8                Device_Property
 .data.String_Descriptor
                0x20000708       0x18 C:\Users\20131\AppData\Local\Temp\VMBuilds\new_LMDZ\STM32_genericSTM32F103C\Debug\core.a(usb_cdcacm.c.o)
 .data.line_coding
                0x20000720        0x7 C:\Users\20131\AppData\Local\Temp\VMBuilds\new_LMDZ\STM32_genericSTM32F103C\Debug\core.a(usb_cdcacm.c.o)
 *fill*         0x20000727        0x1 
 .data.Device_Descriptor
                0x20000728        0x8 C:\Users\20131\AppData\Local\Temp\VMBuilds\new_LMDZ\STM32_genericSTM32F103C\Debug\core.a(usb_cdcacm.c.o)
 .data.Device_Table
                0x20000730        0x2 C:\Users\20131\AppData\Local\Temp\VMBuilds\new_LMDZ\STM32_genericSTM32F103C\Debug\core.a(usb_cdcacm.c.o)
                0x20000730                Device_Table
 *fill*         0x20000732        0x6 
 .data.impure_data
                0x20000738      0x428 c:/users/20131/appdata/local/arduino15/packages/arduino/tools/arm-none-eabi-gcc/4.8.3-2014q1/bin/../lib/gcc/arm-none-eabi/4.8.3/../../../../arm-none-eabi/lib/armv7-m\libc.a(lib_a-impure.o)
                0x20000b60                . = ALIGN (0x8)
                0x20000b60                __data_end__ = .

.jcr            0x20000b60        0x0 load address 0x080047f8
 .jcr           0x20000b60        0x0 c:/users/20131/appdata/local/arduino15/packages/arduino/tools/arm-none-eabi-gcc/4.8.3-2014q1/bin/../lib/gcc/arm-none-eabi/4.8.3/armv7-m/crtbegin.o

.igot.plt       0x20000b60        0x0 load address 0x080047f8
 .igot.plt      0x00000000        0x0 c:/users/20131/appdata/local/arduino15/packages/arduino/tools/arm-none-eabi-gcc/4.8.3-2014q1/bin/../lib/gcc/arm-none-eabi/4.8.3/armv7-m/crtbegin.o

.rodata         0x080047f8      0x4fc
 *(.rodata .rodata.* .gnu.linkonce.r.*)
 .rodata.str1.1
                0x080047f8       0x19 valuesPrint.cpp.o
 *fill*         0x08004811        0x3 
 .rodata.PIN_MAP
                0x08004814      0x230 C:\Users\20131\AppData\Local\Temp\VMBCore\arduino16x\7c3dd42e408ebb1ce4dae06851a5a8aa\variant\board.cpp.o
                0x08004814                PIN_MAP
 .rodata.GPIOC  0x08004a44        0x4 C:\Users\20131\AppData\Local\Temp\VMBuilds\new_LMDZ\STM32_genericSTM32F103C\Debug\core.a(gpio_f1.c.o)
                0x08004a44                GPIOC
 .rodata.str1.1
                0x08004a48       0x70 C:\Users\20131\AppData\Local\Temp\VMBuilds\new_LMDZ\STM32_genericSTM32F103C\Debug\core.a(rcc_f1.c.o)
 .rodata.rcc_dev_table
                0x08004ab8       0x5c C:\Users\20131\AppData\Local\Temp\VMBuilds\new_LMDZ\STM32_genericSTM32F103C\Debug\core.a(rcc_f1.c.o)
                0x08004ab8                rcc_dev_table
 .rodata.masks.4420
                0x08004b14       0x14 C:\Users\20131\AppData\Local\Temp\VMBuilds\new_LMDZ\STM32_genericSTM32F103C\Debug\core.a(rcc_f1.c.o)
 .rodata.str1.1
                0x08004b28       0x71 C:\Users\20131\AppData\Local\Temp\VMBuilds\new_LMDZ\STM32_genericSTM32F103C\Debug\core.a(timer.c.o)
 .rodata.str1.1
                0x08004b99       0x3f C:\Users\20131\AppData\Local\Temp\VMBuilds\new_LMDZ\STM32_genericSTM32F103C\Debug\core.a(util.c.o)
                                 0x42 (size before relaxing)
 .rodata.str1.1
                0x08004bd8       0x71 C:\Users\20131\AppData\Local\Temp\VMBuilds\new_LMDZ\STM32_genericSTM32F103C\Debug\core.a(usb.c.o)
 .rodata.usbVcomDescriptor_iProduct
                0x08004c49        0xc C:\Users\20131\AppData\Local\Temp\VMBuilds\new_LMDZ\STM32_genericSTM32F103C\Debug\core.a(usb_cdcacm.c.o)
 .rodata.usbVcomDescriptor_iManufacturer
                0x08004c55       0x12 C:\Users\20131\AppData\Local\Temp\VMBuilds\new_LMDZ\STM32_genericSTM32F103C\Debug\core.a(usb_cdcacm.c.o)
 .rodata.usbVcomDescriptor_Device
                0x08004c67       0x12 C:\Users\20131\AppData\Local\Temp\VMBuilds\new_LMDZ\STM32_genericSTM32F103C\Debug\core.a(usb_cdcacm.c.o)
 .rodata.usbVcomDescriptor_Config
                0x08004c79       0x43 C:\Users\20131\AppData\Local\Temp\VMBuilds\new_LMDZ\STM32_genericSTM32F103C\Debug\core.a(usb_cdcacm.c.o)
 .rodata.usbVcomDescriptor_LangID
                0x08004cbc        0x4 C:\Users\20131\AppData\Local\Temp\VMBuilds\new_LMDZ\STM32_genericSTM32F103C\Debug\core.a(usb_cdcacm.c.o)
 .rodata._ZTV14HardwareSerial
                0x08004cc0       0x28 C:\Users\20131\AppData\Local\Temp\VMBuilds\new_LMDZ\STM32_genericSTM32F103C\Debug\core.a(HardwareSerial.cpp.o)
                0x08004cc0                vtable for HardwareSerial
 .rodata.str1.4
                0x08004ce8        0x4 c:/users/20131/appdata/local/arduino15/packages/arduino/tools/arm-none-eabi-gcc/4.8.3-2014q1/bin/../lib/gcc/arm-none-eabi/4.8.3/../../../../arm-none-eabi/lib/armv7-m\libc.a(lib_a-impure.o)
 .rodata._global_impure_ptr
                0x08004cec        0x4 c:/users/20131/appdata/local/arduino15/packages/arduino/tools/arm-none-eabi-gcc/4.8.3-2014q1/bin/../lib/gcc/arm-none-eabi/4.8.3/../../../../arm-none-eabi/lib/armv7-m\libc.a(lib_a-impure.o)
                0x08004cec                _global_impure_ptr
 *(.USER_FLASH)
                0x08004cf0                . = ALIGN (0x4)
                0x08004cf0                _lm_rom_img_cfgp = .
                0x08004cf0        0x4 LONG 0x8003c98 LOADADDR (.data)
                0x20000cf8                _lm_heap_start = DEFINED (_lm_heap_start)?_lm_heap_start:_end
                0x20005000                _lm_heap_end = DEFINED (_lm_heap_end)?_lm_heap_end:__msp_init

.rel.dyn        0x08004cf4        0x0
 .rel.iplt      0x00000000        0x0 c:/users/20131/appdata/local/arduino15/packages/arduino/tools/arm-none-eabi-gcc/4.8.3-2014q1/bin/../lib/gcc/arm-none-eabi/4.8.3/armv7-m/crtbegin.o

.bss            0x20000b60      0x198
                0x20000b60                . = ALIGN (0x8)
                0x20000b60                __bss_start__ = .
 *(.bss .bss.* .gnu.linkonce.b.*)
 .bss           0x20000b60       0x1c c:/users/20131/appdata/local/arduino15/packages/arduino/tools/arm-none-eabi-gcc/4.8.3-2014q1/bin/../lib/gcc/arm-none-eabi/4.8.3/armv7-m/crtbegin.o
 .bss.Delay     0x20000b7c        0x4 new_LMDZ.cpp.o
                0x20000b7c                Delay
 .bss.Serial    0x20000b80       0x18 C:\Users\20131\AppData\Local\Temp\VMBCore\arduino16x\7c3dd42e408ebb1ce4dae06851a5a8aa\variant\board.cpp.o
                0x20000b80                Serial
 .bss.Serial1   0x20000b98       0x18 C:\Users\20131\AppData\Local\Temp\VMBCore\arduino16x\7c3dd42e408ebb1ce4dae06851a5a8aa\variant\board.cpp.o
                0x20000b98                Serial1
 .bss.Serial2   0x20000bb0       0x18 C:\Users\20131\AppData\Local\Temp\VMBCore\arduino16x\7c3dd42e408ebb1ce4dae06851a5a8aa\variant\board.cpp.o
                0x20000bb0                Serial2
 .bss.exti_channels
                0x20000bc8       0x80 C:\Users\20131\AppData\Local\Temp\VMBuilds\new_LMDZ\STM32_genericSTM32F103C\Debug\core.a(exti.c.o)
 .bss.systick_user_callback
                0x20000c48        0x4 C:\Users\20131\AppData\Local\Temp\VMBuilds\new_LMDZ\STM32_genericSTM32F103C\Debug\core.a(systick.c.o)
 .bss.usart1_wb
                0x20000c4c        0xc C:\Users\20131\AppData\Local\Temp\VMBuilds\new_LMDZ\STM32_genericSTM32F103C\Debug\core.a(usart_f1.c.o)
 .bss.usart1_rb
                0x20000c58        0xc C:\Users\20131\AppData\Local\Temp\VMBuilds\new_LMDZ\STM32_genericSTM32F103C\Debug\core.a(usart_f1.c.o)
 .bss.usart2_rb
                0x20000c64        0xc C:\Users\20131\AppData\Local\Temp\VMBuilds\new_LMDZ\STM32_genericSTM32F103C\Debug\core.a(usart_f1.c.o)
 .bss.usart3_rb
                0x20000c70        0xc C:\Users\20131\AppData\Local\Temp\VMBuilds\new_LMDZ\STM32_genericSTM32F103C\Debug\core.a(usart_f1.c.o)
 .bss.usart2_wb
                0x20000c7c        0xc C:\Users\20131\AppData\Local\Temp\VMBuilds\new_LMDZ\STM32_genericSTM32F103C\Debug\core.a(usart_f1.c.o)
 .bss.usart3_wb
                0x20000c88        0xc C:\Users\20131\AppData\Local\Temp\VMBuilds\new_LMDZ\STM32_genericSTM32F103C\Debug\core.a(usart_f1.c.o)
 .bss.line_dtr_rts
                0x20000c94        0x1 C:\Users\20131\AppData\Local\Temp\VMBuilds\new_LMDZ\STM32_genericSTM32F103C\Debug\core.a(usb_cdcacm.c.o)
 *fill*         0x20000c95        0x3 
 .bss.tx_head   0x20000c98        0x4 C:\Users\20131\AppData\Local\Temp\VMBuilds\new_LMDZ\STM32_genericSTM32F103C\Debug\core.a(usb_cdcacm.c.o)
 .bss.transmitting
                0x20000c9c        0x1 C:\Users\20131\AppData\Local\Temp\VMBuilds\new_LMDZ\STM32_genericSTM32F103C\Debug\core.a(usb_cdcacm.c.o)
 *fill*         0x20000c9d        0x3 
 .bss.rx_tail   0x20000ca0        0x4 C:\Users\20131\AppData\Local\Temp\VMBuilds\new_LMDZ\STM32_genericSTM32F103C\Debug\core.a(usb_cdcacm.c.o)
 .bss.iface_setup_hook
                0x20000ca4        0x4 C:\Users\20131\AppData\Local\Temp\VMBuilds\new_LMDZ\STM32_genericSTM32F103C\Debug\core.a(usb_cdcacm.c.o)
 .bss.rx_head   0x20000ca8        0x4 C:\Users\20131\AppData\Local\Temp\VMBuilds\new_LMDZ\STM32_genericSTM32F103C\Debug\core.a(usb_cdcacm.c.o)
 .bss.tx_tail   0x20000cac        0x4 C:\Users\20131\AppData\Local\Temp\VMBuilds\new_LMDZ\STM32_genericSTM32F103C\Debug\core.a(usb_cdcacm.c.o)
 .bss.Data_Mul_MaxPacketSize
                0x20000cb0        0x1 C:\Users\20131\AppData\Local\Temp\VMBuilds\new_LMDZ\STM32_genericSTM32F103C\Debug\core.a(usb_core.c.o)
                0x20000cb0                Data_Mul_MaxPacketSize
 *(COMMON)
 *fill*         0x20000cb1        0x3 
 COMMON         0x20000cb4        0x4 C:\Users\20131\AppData\Local\Temp\VMBuilds\new_LMDZ\STM32_genericSTM32F103C\Debug\core.a(systick.c.o)
                0x20000cb4                systick_uptime_millis
 COMMON         0x20000cb8        0x6 C:\Users\20131\AppData\Local\Temp\VMBuilds\new_LMDZ\STM32_genericSTM32F103C\Debug\core.a(usb.c.o)
                0x20000cb8                SaveRState
                0x20000cba                SaveTState
                0x20000cbc                ResumeS
 COMMON         0x20000cbe        0x2 C:\Users\20131\AppData\Local\Temp\VMBuilds\new_LMDZ\STM32_genericSTM32F103C\Debug\core.a(usb_core.c.o)
                0x20000cbe                StatusInfo
 COMMON         0x20000cc0       0x32 C:\Users\20131\AppData\Local\Temp\VMBuilds\new_LMDZ\STM32_genericSTM32F103C\Debug\core.a(usb_init.c.o)
                0x20000cc0                SaveState
                0x20000cc4                pProperty
                0x20000cc8                EPindex
                0x20000ccc                Device_Info
                0x20000ce8                pUser_Standard_Requests
                0x20000cec                pInformation
                0x20000cf0                wInterrupt_Mask
                0x20000cf8                . = ALIGN (0x8)
 *fill*         0x20000cf2        0x6 
                0x20000cf8                __bss_end__ = .
                0x20000cf8                _end = __bss_end__

.stab
 *(.stab)

.stabstr
 *(.stabstr)

.debug
 *(.debug)

.line
 *(.line)

.debug_srcinfo
 *(.debug_srcinfo)

.debug_sfnames
 *(.debug_sfnames)

.debug_aranges  0x00000000      0xf88
 *(.debug_aranges)
 .debug_aranges
                0x00000000       0x30 new_LMDZ.cpp.o
 .debug_aranges
                0x00000030       0x28 aveRage.cpp.o
 .debug_aranges
                0x00000058       0x28 cmpValues.cpp.o
 .debug_aranges
                0x00000080       0x28 draw.cpp.o
 .debug_aranges
                0x000000a8       0x20 getValue.cpp.o
 .debug_aranges
                0x000000c8       0x30 quartileDeviation.cpp.o
 .debug_aranges
                0x000000f8       0x28 rearrange.cpp.o
 .debug_aranges
                0x00000120       0x30 valuesPrint.cpp.o
 .debug_aranges
                0x00000150       0x28 C:\Users\20131\AppData\Local\Temp\VMBCore\arduino16x\7c3dd42e408ebb1ce4dae06851a5a8aa\variant\board.cpp.o
 .debug_aranges
                0x00000178       0x40 C:\Users\20131\AppData\Local\Temp\VMBCore\arduino16x\7c3dd42e408ebb1ce4dae06851a5a8aa\variant\boards.cpp.o
 .debug_aranges
                0x000001b8       0x40 C:\Users\20131\AppData\Local\Temp\VMBCore\arduino16x\7c3dd42e408ebb1ce4dae06851a5a8aa\variant\boards_setup.cpp.o
 .debug_aranges
                0x000001f8       0x20 C:\Users\20131\AppData\Local\Temp\VMBCore\arduino16x\7c3dd42e408ebb1ce4dae06851a5a8aa\variant\start.S.o
 .debug_aranges
                0x00000218       0x20 C:\Users\20131\AppData\Local\Temp\VMBCore\arduino16x\7c3dd42e408ebb1ce4dae06851a5a8aa\variant\start_c.c.o
 .debug_aranges
                0x00000238       0x88 C:\Users\20131\AppData\Local\Temp\VMBCore\arduino16x\7c3dd42e408ebb1ce4dae06851a5a8aa\variant\syscalls.c.o
 .debug_aranges
                0x000002c0       0x20 C:\Users\20131\AppData\Local\Temp\VMBuilds\new_LMDZ\STM32_genericSTM32F103C\Debug\core.a(exc.S.o)
 .debug_aranges
                0x000002e0       0x20 C:\Users\20131\AppData\Local\Temp\VMBuilds\new_LMDZ\STM32_genericSTM32F103C\Debug\core.a(isrs.S.o)
 .debug_aranges
                0x00000300       0x38 C:\Users\20131\AppData\Local\Temp\VMBuilds\new_LMDZ\STM32_genericSTM32F103C\Debug\core.a(adc.c.o)
 .debug_aranges
                0x00000338       0x58 C:\Users\20131\AppData\Local\Temp\VMBuilds\new_LMDZ\STM32_genericSTM32F103C\Debug\core.a(adc_f1.c.o)
 .debug_aranges
                0x00000390       0xa8 C:\Users\20131\AppData\Local\Temp\VMBuilds\new_LMDZ\STM32_genericSTM32F103C\Debug\core.a(dma_f1.c.o)
 .debug_aranges
                0x00000438       0x70 C:\Users\20131\AppData\Local\Temp\VMBuilds\new_LMDZ\STM32_genericSTM32F103C\Debug\core.a(exti.c.o)
 .debug_aranges
                0x000004a8       0x20 C:\Users\20131\AppData\Local\Temp\VMBuilds\new_LMDZ\STM32_genericSTM32F103C\Debug\core.a(exti_f1.c.o)
 .debug_aranges
                0x000004c8       0x20 C:\Users\20131\AppData\Local\Temp\VMBuilds\new_LMDZ\STM32_genericSTM32F103C\Debug\core.a(flash.c.o)
 .debug_aranges
                0x000004e8       0x40 C:\Users\20131\AppData\Local\Temp\VMBuilds\new_LMDZ\STM32_genericSTM32F103C\Debug\core.a(gpio_f1.c.o)
 .debug_aranges
                0x00000528       0x50 C:\Users\20131\AppData\Local\Temp\VMBuilds\new_LMDZ\STM32_genericSTM32F103C\Debug\core.a(i2c_f1.c.o)
 .debug_aranges
                0x00000578       0x38 C:\Users\20131\AppData\Local\Temp\VMBuilds\new_LMDZ\STM32_genericSTM32F103C\Debug\core.a(nvic.c.o)
 .debug_aranges
                0x000005b0       0x48 C:\Users\20131\AppData\Local\Temp\VMBuilds\new_LMDZ\STM32_genericSTM32F103C\Debug\core.a(rcc.c.o)
 .debug_aranges
                0x000005f8       0x48 C:\Users\20131\AppData\Local\Temp\VMBuilds\new_LMDZ\STM32_genericSTM32F103C\Debug\core.a(rcc_f1.c.o)
 .debug_aranges
                0x00000640       0x40 C:\Users\20131\AppData\Local\Temp\VMBuilds\new_LMDZ\STM32_genericSTM32F103C\Debug\core.a(systick.c.o)
 .debug_aranges
                0x00000680       0xa8 C:\Users\20131\AppData\Local\Temp\VMBuilds\new_LMDZ\STM32_genericSTM32F103C\Debug\core.a(timer.c.o)
 .debug_aranges
                0x00000728       0x58 C:\Users\20131\AppData\Local\Temp\VMBuilds\new_LMDZ\STM32_genericSTM32F103C\Debug\core.a(usart_f1.c.o)
 .debug_aranges
                0x00000780       0x20 C:\Users\20131\AppData\Local\Temp\VMBuilds\new_LMDZ\STM32_genericSTM32F103C\Debug\core.a(usart_private.c.o)
 .debug_aranges
                0x000007a0       0x50 C:\Users\20131\AppData\Local\Temp\VMBuilds\new_LMDZ\STM32_genericSTM32F103C\Debug\core.a(util.c.o)
 .debug_aranges
                0x000007f0       0x38 C:\Users\20131\AppData\Local\Temp\VMBuilds\new_LMDZ\STM32_genericSTM32F103C\Debug\core.a(usb.c.o)
 .debug_aranges
                0x00000828      0x128 C:\Users\20131\AppData\Local\Temp\VMBuilds\new_LMDZ\STM32_genericSTM32F103C\Debug\core.a(usb_cdcacm.c.o)
 .debug_aranges
                0x00000950       0x20 C:\Users\20131\AppData\Local\Temp\VMBuilds\new_LMDZ\STM32_genericSTM32F103C\Debug\core.a(usb_reg_map.c.o)
 .debug_aranges
                0x00000970       0x98 C:\Users\20131\AppData\Local\Temp\VMBuilds\new_LMDZ\STM32_genericSTM32F103C\Debug\core.a(usb_core.c.o)
 .debug_aranges
                0x00000a08       0x20 C:\Users\20131\AppData\Local\Temp\VMBuilds\new_LMDZ\STM32_genericSTM32F103C\Debug\core.a(usb_init.c.o)
 .debug_aranges
                0x00000a28       0x28 C:\Users\20131\AppData\Local\Temp\VMBuilds\new_LMDZ\STM32_genericSTM32F103C\Debug\core.a(usb_mem.c.o)
 .debug_aranges
                0x00000a50      0x1f0 C:\Users\20131\AppData\Local\Temp\VMBuilds\new_LMDZ\STM32_genericSTM32F103C\Debug\core.a(usb_regs.c.o)
 .debug_aranges
                0x00000c40       0x70 C:\Users\20131\AppData\Local\Temp\VMBuilds\new_LMDZ\STM32_genericSTM32F103C\Debug\core.a(HardwareSerial.cpp.o)
 .debug_aranges
                0x00000cb0       0x28 C:\Users\20131\AppData\Local\Temp\VMBuilds\new_LMDZ\STM32_genericSTM32F103C\Debug\core.a(main.cpp.o)
 .debug_aranges
                0x00000cd8      0x110 C:\Users\20131\AppData\Local\Temp\VMBuilds\new_LMDZ\STM32_genericSTM32F103C\Debug\core.a(Print.cpp.o)
 .debug_aranges
                0x00000de8       0x20 C:\Users\20131\AppData\Local\Temp\VMBuilds\new_LMDZ\STM32_genericSTM32F103C\Debug\core.a(wirish_analog.cpp.o)
 .debug_aranges
                0x00000e08       0x30 C:\Users\20131\AppData\Local\Temp\VMBuilds\new_LMDZ\STM32_genericSTM32F103C\Debug\core.a(wirish_time.cpp.o)
 .debug_aranges
                0x00000e38       0x20 C:\Users\20131\AppData\Local\Temp\VMBuilds\new_LMDZ\STM32_genericSTM32F103C\Debug\core.a(wirish_digital_f1.cpp.o)
 .debug_aranges
                0x00000e58       0x20 C:\Users\20131\AppData\Local\Temp\VMBuilds\new_LMDZ\STM32_genericSTM32F103C\Debug\core.a(hooks.c.o)
 .debug_aranges
                0x00000e78       0x28 C:\Users\20131\AppData\Local\Temp\VMBuilds\new_LMDZ\STM32_genericSTM32F103C\Debug\core.a(dma.c.o)
 .debug_aranges
                0x00000ea0       0x20 C:\Users\20131\AppData\Local\Temp\VMBuilds\new_LMDZ\STM32_genericSTM32F103C\Debug\core.a(gpio.c.o)
 .debug_aranges
                0x00000ec0       0x60 C:\Users\20131\AppData\Local\Temp\VMBuilds\new_LMDZ\STM32_genericSTM32F103C\Debug\core.a(i2c.c.o)
 .debug_aranges
                0x00000f20       0x48 C:\Users\20131\AppData\Local\Temp\VMBuilds\new_LMDZ\STM32_genericSTM32F103C\Debug\core.a(usart.c.o)
 .debug_aranges
                0x00000f68       0x20 C:\Users\20131\AppData\Local\Temp\VMBuilds\new_LMDZ\STM32_genericSTM32F103C\Debug\core.a(cxxabi-compat.cpp.o)

.debug_pubnames
 *(.debug_pubnames)

.debug_info     0x00000000    0x1da99
 *(.debug_info .gnu.linkonce.wi.*)
 .debug_info    0x00000000      0x601 new_LMDZ.cpp.o
 .debug_info    0x00000601      0x17b aveRage.cpp.o
 .debug_info    0x0000077c      0x1c7 cmpValues.cpp.o
 .debug_info    0x00000943      0x243 draw.cpp.o
 .debug_info    0x00000b86      0x32d getValue.cpp.o
 .debug_info    0x00000eb3      0x2a4 quartileDeviation.cpp.o
 .debug_info    0x00001157      0x1a7 rearrange.cpp.o
 .debug_info    0x000012fe      0x421 valuesPrint.cpp.o
 .debug_info    0x0000171f      0xf2e C:\Users\20131\AppData\Local\Temp\VMBCore\arduino16x\7c3dd42e408ebb1ce4dae06851a5a8aa\variant\board.cpp.o
 .debug_info    0x0000264d     0x142d C:\Users\20131\AppData\Local\Temp\VMBCore\arduino16x\7c3dd42e408ebb1ce4dae06851a5a8aa\variant\boards.cpp.o
 .debug_info    0x00003a7a      0x665 C:\Users\20131\AppData\Local\Temp\VMBCore\arduino16x\7c3dd42e408ebb1ce4dae06851a5a8aa\variant\boards_setup.cpp.o
 .debug_info    0x000040df       0xb1 C:\Users\20131\AppData\Local\Temp\VMBCore\arduino16x\7c3dd42e408ebb1ce4dae06851a5a8aa\variant\start.S.o
 .debug_info    0x00004190      0x176 C:\Users\20131\AppData\Local\Temp\VMBCore\arduino16x\7c3dd42e408ebb1ce4dae06851a5a8aa\variant\start_c.c.o
 .debug_info    0x00004306      0x5cd C:\Users\20131\AppData\Local\Temp\VMBCore\arduino16x\7c3dd42e408ebb1ce4dae06851a5a8aa\variant\syscalls.c.o
 .debug_info    0x000048d3       0xa1 C:\Users\20131\AppData\Local\Temp\VMBuilds\new_LMDZ\STM32_genericSTM32F103C\Debug\core.a(exc.S.o)
 .debug_info    0x00004974       0xb6 C:\Users\20131\AppData\Local\Temp\VMBuilds\new_LMDZ\STM32_genericSTM32F103C\Debug\core.a(isrs.S.o)
 .debug_info    0x00004a2a      0x79a C:\Users\20131\AppData\Local\Temp\VMBuilds\new_LMDZ\STM32_genericSTM32F103C\Debug\core.a(adc.c.o)
 .debug_info    0x000051c4      0xe4a C:\Users\20131\AppData\Local\Temp\VMBuilds\new_LMDZ\STM32_genericSTM32F103C\Debug\core.a(adc_f1.c.o)
 .debug_info    0x0000600e     0x1c1b C:\Users\20131\AppData\Local\Temp\VMBuilds\new_LMDZ\STM32_genericSTM32F103C\Debug\core.a(dma_f1.c.o)
 .debug_info    0x00007c29      0xedd C:\Users\20131\AppData\Local\Temp\VMBuilds\new_LMDZ\STM32_genericSTM32F103C\Debug\core.a(exti.c.o)
 .debug_info    0x00008b06      0x213 C:\Users\20131\AppData\Local\Temp\VMBuilds\new_LMDZ\STM32_genericSTM32F103C\Debug\core.a(exti_f1.c.o)
 .debug_info    0x00008d19      0x128 C:\Users\20131\AppData\Local\Temp\VMBuilds\new_LMDZ\STM32_genericSTM32F103C\Debug\core.a(flash.c.o)
 .debug_info    0x00008e41      0x6d6 C:\Users\20131\AppData\Local\Temp\VMBuilds\new_LMDZ\STM32_genericSTM32F103C\Debug\core.a(gpio_f1.c.o)
 .debug_info    0x00009517      0xbd5 C:\Users\20131\AppData\Local\Temp\VMBuilds\new_LMDZ\STM32_genericSTM32F103C\Debug\core.a(i2c_f1.c.o)
 .debug_info    0x0000a0ec      0x5a2 C:\Users\20131\AppData\Local\Temp\VMBuilds\new_LMDZ\STM32_genericSTM32F103C\Debug\core.a(nvic.c.o)
 .debug_info    0x0000a68e      0x556 C:\Users\20131\AppData\Local\Temp\VMBuilds\new_LMDZ\STM32_genericSTM32F103C\Debug\core.a(rcc.c.o)
 .debug_info    0x0000abe4      0xbdb C:\Users\20131\AppData\Local\Temp\VMBuilds\new_LMDZ\STM32_genericSTM32F103C\Debug\core.a(rcc_f1.c.o)
 .debug_info    0x0000b7bf      0x182 C:\Users\20131\AppData\Local\Temp\VMBuilds\new_LMDZ\STM32_genericSTM32F103C\Debug\core.a(systick.c.o)
 .debug_info    0x0000b941     0x1bfc C:\Users\20131\AppData\Local\Temp\VMBuilds\new_LMDZ\STM32_genericSTM32F103C\Debug\core.a(timer.c.o)
 .debug_info    0x0000d53d      0xbc4 C:\Users\20131\AppData\Local\Temp\VMBuilds\new_LMDZ\STM32_genericSTM32F103C\Debug\core.a(usart_f1.c.o)
 .debug_info    0x0000e101      0x595 C:\Users\20131\AppData\Local\Temp\VMBuilds\new_LMDZ\STM32_genericSTM32F103C\Debug\core.a(usart_private.c.o)
 .debug_info    0x0000e696      0xad2 C:\Users\20131\AppData\Local\Temp\VMBuilds\new_LMDZ\STM32_genericSTM32F103C\Debug\core.a(util.c.o)
 .debug_info    0x0000f168      0xd9b C:\Users\20131\AppData\Local\Temp\VMBuilds\new_LMDZ\STM32_genericSTM32F103C\Debug\core.a(usb.c.o)
 .debug_info    0x0000ff03     0x22d2 C:\Users\20131\AppData\Local\Temp\VMBuilds\new_LMDZ\STM32_genericSTM32F103C\Debug\core.a(usb_cdcacm.c.o)
 .debug_info    0x000121d5      0x26c C:\Users\20131\AppData\Local\Temp\VMBuilds\new_LMDZ\STM32_genericSTM32F103C\Debug\core.a(usb_reg_map.c.o)
 .debug_info    0x00012441      0xddf C:\Users\20131\AppData\Local\Temp\VMBuilds\new_LMDZ\STM32_genericSTM32F103C\Debug\core.a(usb_core.c.o)
 .debug_info    0x00013220      0x3ed C:\Users\20131\AppData\Local\Temp\VMBuilds\new_LMDZ\STM32_genericSTM32F103C\Debug\core.a(usb_init.c.o)
 .debug_info    0x0001360d      0x17b C:\Users\20131\AppData\Local\Temp\VMBuilds\new_LMDZ\STM32_genericSTM32F103C\Debug\core.a(usb_mem.c.o)
 .debug_info    0x00013788      0xc88 C:\Users\20131\AppData\Local\Temp\VMBuilds\new_LMDZ\STM32_genericSTM32F103C\Debug\core.a(usb_regs.c.o)
 .debug_info    0x00014410     0x29ea C:\Users\20131\AppData\Local\Temp\VMBuilds\new_LMDZ\STM32_genericSTM32F103C\Debug\core.a(HardwareSerial.cpp.o)
 .debug_info    0x00016dfa       0x99 C:\Users\20131\AppData\Local\Temp\VMBuilds\new_LMDZ\STM32_genericSTM32F103C\Debug\core.a(main.cpp.o)
 .debug_info    0x00016e93     0x258c C:\Users\20131\AppData\Local\Temp\VMBuilds\new_LMDZ\STM32_genericSTM32F103C\Debug\core.a(Print.cpp.o)
 .debug_info    0x0001941f      0xa7e C:\Users\20131\AppData\Local\Temp\VMBuilds\new_LMDZ\STM32_genericSTM32F103C\Debug\core.a(wirish_analog.cpp.o)
 .debug_info    0x00019e9d      0x2c6 C:\Users\20131\AppData\Local\Temp\VMBuilds\new_LMDZ\STM32_genericSTM32F103C\Debug\core.a(wirish_time.cpp.o)
 .debug_info    0x0001a163      0xc8a C:\Users\20131\AppData\Local\Temp\VMBuilds\new_LMDZ\STM32_genericSTM32F103C\Debug\core.a(wirish_digital_f1.cpp.o)
 .debug_info    0x0001aded       0x33 C:\Users\20131\AppData\Local\Temp\VMBuilds\new_LMDZ\STM32_genericSTM32F103C\Debug\core.a(hooks.c.o)
 .debug_info    0x0001ae20      0x6f7 C:\Users\20131\AppData\Local\Temp\VMBuilds\new_LMDZ\STM32_genericSTM32F103C\Debug\core.a(dma.c.o)
 .debug_info    0x0001b517      0x313 C:\Users\20131\AppData\Local\Temp\VMBuilds\new_LMDZ\STM32_genericSTM32F103C\Debug\core.a(gpio.c.o)
 .debug_info    0x0001b82a     0x160a C:\Users\20131\AppData\Local\Temp\VMBuilds\new_LMDZ\STM32_genericSTM32F103C\Debug\core.a(i2c.c.o)
 .debug_info    0x0001ce34      0xc32 C:\Users\20131\AppData\Local\Temp\VMBuilds\new_LMDZ\STM32_genericSTM32F103C\Debug\core.a(usart.c.o)
 .debug_info    0x0001da66       0x33 C:\Users\20131\AppData\Local\Temp\VMBuilds\new_LMDZ\STM32_genericSTM32F103C\Debug\core.a(cxxabi-compat.cpp.o)

.debug_abbrev   0x00000000     0x6202
 *(.debug_abbrev)
 .debug_abbrev  0x00000000      0x25e new_LMDZ.cpp.o
 .debug_abbrev  0x0000025e      0x12c aveRage.cpp.o
 .debug_abbrev  0x0000038a      0x13a cmpValues.cpp.o
 .debug_abbrev  0x000004c4      0x165 draw.cpp.o
 .debug_abbrev  0x00000629      0x16f getValue.cpp.o
 .debug_abbrev  0x00000798      0x175 quartileDeviation.cpp.o
 .debug_abbrev  0x0000090d      0x13a rearrange.cpp.o
 .debug_abbrev  0x00000a47      0x1c9 valuesPrint.cpp.o
 .debug_abbrev  0x00000c10      0x1ea C:\Users\20131\AppData\Local\Temp\VMBCore\arduino16x\7c3dd42e408ebb1ce4dae06851a5a8aa\variant\board.cpp.o
 .debug_abbrev  0x00000dfa      0x3dd C:\Users\20131\AppData\Local\Temp\VMBCore\arduino16x\7c3dd42e408ebb1ce4dae06851a5a8aa\variant\boards.cpp.o
 .debug_abbrev  0x000011d7      0x196 C:\Users\20131\AppData\Local\Temp\VMBCore\arduino16x\7c3dd42e408ebb1ce4dae06851a5a8aa\variant\boards_setup.cpp.o
 .debug_abbrev  0x0000136d       0x14 C:\Users\20131\AppData\Local\Temp\VMBCore\arduino16x\7c3dd42e408ebb1ce4dae06851a5a8aa\variant\start.S.o
 .debug_abbrev  0x00001381      0x11f C:\Users\20131\AppData\Local\Temp\VMBCore\arduino16x\7c3dd42e408ebb1ce4dae06851a5a8aa\variant\start_c.c.o
 .debug_abbrev  0x000014a0      0x17e C:\Users\20131\AppData\Local\Temp\VMBCore\arduino16x\7c3dd42e408ebb1ce4dae06851a5a8aa\variant\syscalls.c.o
 .debug_abbrev  0x0000161e       0x14 C:\Users\20131\AppData\Local\Temp\VMBuilds\new_LMDZ\STM32_genericSTM32F103C\Debug\core.a(exc.S.o)
 .debug_abbrev  0x00001632       0x14 C:\Users\20131\AppData\Local\Temp\VMBuilds\new_LMDZ\STM32_genericSTM32F103C\Debug\core.a(isrs.S.o)
 .debug_abbrev  0x00001646      0x20b C:\Users\20131\AppData\Local\Temp\VMBuilds\new_LMDZ\STM32_genericSTM32F103C\Debug\core.a(adc.c.o)
 .debug_abbrev  0x00001851      0x2e6 C:\Users\20131\AppData\Local\Temp\VMBuilds\new_LMDZ\STM32_genericSTM32F103C\Debug\core.a(adc_f1.c.o)
 .debug_abbrev  0x00001b37      0x3ff C:\Users\20131\AppData\Local\Temp\VMBuilds\new_LMDZ\STM32_genericSTM32F103C\Debug\core.a(dma_f1.c.o)
 .debug_abbrev  0x00001f36      0x2a5 C:\Users\20131\AppData\Local\Temp\VMBuilds\new_LMDZ\STM32_genericSTM32F103C\Debug\core.a(exti.c.o)
 .debug_abbrev  0x000021db       0xdb C:\Users\20131\AppData\Local\Temp\VMBuilds\new_LMDZ\STM32_genericSTM32F103C\Debug\core.a(exti_f1.c.o)
 .debug_abbrev  0x000022b6       0x9f C:\Users\20131\AppData\Local\Temp\VMBuilds\new_LMDZ\STM32_genericSTM32F103C\Debug\core.a(flash.c.o)
 .debug_abbrev  0x00002355      0x191 C:\Users\20131\AppData\Local\Temp\VMBuilds\new_LMDZ\STM32_genericSTM32F103C\Debug\core.a(gpio_f1.c.o)
 .debug_abbrev  0x000024e6      0x202 C:\Users\20131\AppData\Local\Temp\VMBuilds\new_LMDZ\STM32_genericSTM32F103C\Debug\core.a(i2c_f1.c.o)
 .debug_abbrev  0x000026e8      0x1ac C:\Users\20131\AppData\Local\Temp\VMBuilds\new_LMDZ\STM32_genericSTM32F103C\Debug\core.a(nvic.c.o)
 .debug_abbrev  0x00002894      0x17f C:\Users\20131\AppData\Local\Temp\VMBuilds\new_LMDZ\STM32_genericSTM32F103C\Debug\core.a(rcc.c.o)
 .debug_abbrev  0x00002a13      0x28c C:\Users\20131\AppData\Local\Temp\VMBuilds\new_LMDZ\STM32_genericSTM32F103C\Debug\core.a(rcc_f1.c.o)
 .debug_abbrev  0x00002c9f      0x10f C:\Users\20131\AppData\Local\Temp\VMBuilds\new_LMDZ\STM32_genericSTM32F103C\Debug\core.a(systick.c.o)
 .debug_abbrev  0x00002dae      0x46a C:\Users\20131\AppData\Local\Temp\VMBuilds\new_LMDZ\STM32_genericSTM32F103C\Debug\core.a(timer.c.o)
 .debug_abbrev  0x00003218      0x292 C:\Users\20131\AppData\Local\Temp\VMBuilds\new_LMDZ\STM32_genericSTM32F103C\Debug\core.a(usart_f1.c.o)
 .debug_abbrev  0x000034aa      0x144 C:\Users\20131\AppData\Local\Temp\VMBuilds\new_LMDZ\STM32_genericSTM32F103C\Debug\core.a(usart_private.c.o)
 .debug_abbrev  0x000035ee      0x2c9 C:\Users\20131\AppData\Local\Temp\VMBuilds\new_LMDZ\STM32_genericSTM32F103C\Debug\core.a(util.c.o)
 .debug_abbrev  0x000038b7      0x343 C:\Users\20131\AppData\Local\Temp\VMBuilds\new_LMDZ\STM32_genericSTM32F103C\Debug\core.a(usb.c.o)
 .debug_abbrev  0x00003bfa      0x47d C:\Users\20131\AppData\Local\Temp\VMBuilds\new_LMDZ\STM32_genericSTM32F103C\Debug\core.a(usb_cdcacm.c.o)
 .debug_abbrev  0x00004077      0x193 C:\Users\20131\AppData\Local\Temp\VMBuilds\new_LMDZ\STM32_genericSTM32F103C\Debug\core.a(usb_reg_map.c.o)
 .debug_abbrev  0x0000420a      0x3a6 C:\Users\20131\AppData\Local\Temp\VMBuilds\new_LMDZ\STM32_genericSTM32F103C\Debug\core.a(usb_core.c.o)
 .debug_abbrev  0x000045b0      0x101 C:\Users\20131\AppData\Local\Temp\VMBuilds\new_LMDZ\STM32_genericSTM32F103C\Debug\core.a(usb_init.c.o)
 .debug_abbrev  0x000046b1       0x90 C:\Users\20131\AppData\Local\Temp\VMBuilds\new_LMDZ\STM32_genericSTM32F103C\Debug\core.a(usb_mem.c.o)
 .debug_abbrev  0x00004741      0x1f3 C:\Users\20131\AppData\Local\Temp\VMBuilds\new_LMDZ\STM32_genericSTM32F103C\Debug\core.a(usb_regs.c.o)
 .debug_abbrev  0x00004934      0x535 C:\Users\20131\AppData\Local\Temp\VMBuilds\new_LMDZ\STM32_genericSTM32F103C\Debug\core.a(HardwareSerial.cpp.o)
 .debug_abbrev  0x00004e69       0x7b C:\Users\20131\AppData\Local\Temp\VMBuilds\new_LMDZ\STM32_genericSTM32F103C\Debug\core.a(main.cpp.o)
 .debug_abbrev  0x00004ee4      0x414 C:\Users\20131\AppData\Local\Temp\VMBuilds\new_LMDZ\STM32_genericSTM32F103C\Debug\core.a(Print.cpp.o)
 .debug_abbrev  0x000052f8      0x15f C:\Users\20131\AppData\Local\Temp\VMBuilds\new_LMDZ\STM32_genericSTM32F103C\Debug\core.a(wirish_analog.cpp.o)
 .debug_abbrev  0x00005457      0x189 C:\Users\20131\AppData\Local\Temp\VMBuilds\new_LMDZ\STM32_genericSTM32F103C\Debug\core.a(wirish_time.cpp.o)
 .debug_abbrev  0x000055e0      0x240 C:\Users\20131\AppData\Local\Temp\VMBuilds\new_LMDZ\STM32_genericSTM32F103C\Debug\core.a(wirish_digital_f1.cpp.o)
 .debug_abbrev  0x00005820       0x26 C:\Users\20131\AppData\Local\Temp\VMBuilds\new_LMDZ\STM32_genericSTM32F103C\Debug\core.a(hooks.c.o)
 .debug_abbrev  0x00005846      0x182 C:\Users\20131\AppData\Local\Temp\VMBuilds\new_LMDZ\STM32_genericSTM32F103C\Debug\core.a(dma.c.o)
 .debug_abbrev  0x000059c8      0x113 C:\Users\20131\AppData\Local\Temp\VMBuilds\new_LMDZ\STM32_genericSTM32F103C\Debug\core.a(gpio.c.o)
 .debug_abbrev  0x00005adb      0x400 C:\Users\20131\AppData\Local\Temp\VMBuilds\new_LMDZ\STM32_genericSTM32F103C\Debug\core.a(i2c.c.o)
 .debug_abbrev  0x00005edb      0x2ff C:\Users\20131\AppData\Local\Temp\VMBuilds\new_LMDZ\STM32_genericSTM32F103C\Debug\core.a(usart.c.o)
 .debug_abbrev  0x000061da       0x28 C:\Users\20131\AppData\Local\Temp\VMBuilds\new_LMDZ\STM32_genericSTM32F103C\Debug\core.a(cxxabi-compat.cpp.o)

.debug_line     0x00000000     0x9b61
 *(.debug_line)
 .debug_line    0x00000000      0x3eb new_LMDZ.cpp.o
 .debug_line    0x000003eb       0xdd aveRage.cpp.o
 .debug_line    0x000004c8       0xe1 cmpValues.cpp.o
 .debug_line    0x000005a9      0x31d draw.cpp.o
 .debug_line    0x000008c6      0x302 getValue.cpp.o
 .debug_line    0x00000bc8      0x113 quartileDeviation.cpp.o
 .debug_line    0x00000cdb       0xef rearrange.cpp.o
 .debug_line    0x00000dca      0x371 valuesPrint.cpp.o
 .debug_line    0x0000113b      0x3b8 C:\Users\20131\AppData\Local\Temp\VMBCore\arduino16x\7c3dd42e408ebb1ce4dae06851a5a8aa\variant\board.cpp.o
 .debug_line    0x000014f3      0x44f C:\Users\20131\AppData\Local\Temp\VMBCore\arduino16x\7c3dd42e408ebb1ce4dae06851a5a8aa\variant\boards.cpp.o
 .debug_line    0x00001942      0x33e C:\Users\20131\AppData\Local\Temp\VMBCore\arduino16x\7c3dd42e408ebb1ce4dae06851a5a8aa\variant\boards_setup.cpp.o
 .debug_line    0x00001c80       0x95 C:\Users\20131\AppData\Local\Temp\VMBCore\arduino16x\7c3dd42e408ebb1ce4dae06851a5a8aa\variant\start.S.o
 .debug_line    0x00001d15       0xa6 C:\Users\20131\AppData\Local\Temp\VMBCore\arduino16x\7c3dd42e408ebb1ce4dae06851a5a8aa\variant\start_c.c.o
 .debug_line    0x00001dbb      0x2eb C:\Users\20131\AppData\Local\Temp\VMBCore\arduino16x\7c3dd42e408ebb1ce4dae06851a5a8aa\variant\syscalls.c.o
 .debug_line    0x000020a6       0x98 C:\Users\20131\AppData\Local\Temp\VMBuilds\new_LMDZ\STM32_genericSTM32F103C\Debug\core.a(exc.S.o)
 .debug_line    0x0000213e       0x95 C:\Users\20131\AppData\Local\Temp\VMBuilds\new_LMDZ\STM32_genericSTM32F103C\Debug\core.a(isrs.S.o)
 .debug_line    0x000021d3      0x2e5 C:\Users\20131\AppData\Local\Temp\VMBuilds\new_LMDZ\STM32_genericSTM32F103C\Debug\core.a(adc.c.o)
 .debug_line    0x000024b8      0x391 C:\Users\20131\AppData\Local\Temp\VMBuilds\new_LMDZ\STM32_genericSTM32F103C\Debug\core.a(adc_f1.c.o)
 .debug_line    0x00002849      0x699 C:\Users\20131\AppData\Local\Temp\VMBuilds\new_LMDZ\STM32_genericSTM32F103C\Debug\core.a(dma_f1.c.o)
 .debug_line    0x00002ee2      0x3fb C:\Users\20131\AppData\Local\Temp\VMBuilds\new_LMDZ\STM32_genericSTM32F103C\Debug\core.a(exti.c.o)
 .debug_line    0x000032dd      0x2c8 C:\Users\20131\AppData\Local\Temp\VMBuilds\new_LMDZ\STM32_genericSTM32F103C\Debug\core.a(exti_f1.c.o)
 .debug_line    0x000035a5      0x267 C:\Users\20131\AppData\Local\Temp\VMBuilds\new_LMDZ\STM32_genericSTM32F103C\Debug\core.a(flash.c.o)
 .debug_line    0x0000380c      0x2fc C:\Users\20131\AppData\Local\Temp\VMBuilds\new_LMDZ\STM32_genericSTM32F103C\Debug\core.a(gpio_f1.c.o)
 .debug_line    0x00003b08      0x3d8 C:\Users\20131\AppData\Local\Temp\VMBuilds\new_LMDZ\STM32_genericSTM32F103C\Debug\core.a(i2c_f1.c.o)
 .debug_line    0x00003ee0      0x2cf C:\Users\20131\AppData\Local\Temp\VMBuilds\new_LMDZ\STM32_genericSTM32F103C\Debug\core.a(nvic.c.o)
 .debug_line    0x000041af      0x349 C:\Users\20131\AppData\Local\Temp\VMBuilds\new_LMDZ\STM32_genericSTM32F103C\Debug\core.a(rcc.c.o)
 .debug_line    0x000044f8      0x3ac C:\Users\20131\AppData\Local\Temp\VMBuilds\new_LMDZ\STM32_genericSTM32F103C\Debug\core.a(rcc_f1.c.o)
 .debug_line    0x000048a4      0x258 C:\Users\20131\AppData\Local\Temp\VMBuilds\new_LMDZ\STM32_genericSTM32F103C\Debug\core.a(systick.c.o)