Archive member included because of file (symbol)

C:\Users\20131\AppData\Local\Temp\VMBuilds\iomanip\STM32_genericSTM32F103C\Release\core.a(exc.S.o)
                              (__exc_nmi)
C:\Users\20131\AppData\Local\Temp\VMBuilds\iomanip\STM32_genericSTM32F103C\Release\core.a(isrs.S.o)
                              (__stm32reservedexception7)
C:\Users\20131\AppData\Local\Temp\VMBuilds\iomanip\STM32_genericSTM32F103C\Release\core.a(vector_table.S.o)
                              (__stm32_vector_table)
C:\Users\20131\AppData\Local\Temp\VMBuilds\iomanip\STM32_genericSTM32F103C\Release\core.a(adc.c.o)
                              C:\Users\20131\AppData\Local\Temp\VMBCore\arduino16x\7c3dd42e408ebb1ce4dae06851a5a8aa\variant\boards.cpp.o (adc_set_sample_rate)
C:\Users\20131\AppData\Local\Temp\VMBuilds\iomanip\STM32_genericSTM32F103C\Release\core.a(adc_f1.c.o)
                              (__irq_adc)
C:\Users\20131\AppData\Local\Temp\VMBuilds\iomanip\STM32_genericSTM32F103C\Release\core.a(dma_f1.c.o)
                              (__irq_dma1_channel1)
C:\Users\20131\AppData\Local\Temp\VMBuilds\iomanip\STM32_genericSTM32F103C\Release\core.a(exti.c.o)
                              (__irq_exti0)
C:\Users\20131\AppData\Local\Temp\VMBuilds\iomanip\STM32_genericSTM32F103C\Release\core.a(exti_f1.c.o)
                              C:\Users\20131\AppData\Local\Temp\VMBuilds\iomanip\STM32_genericSTM32F103C\Release\core.a(exti.c.o) (exti_select)
C:\Users\20131\AppData\Local\Temp\VMBuilds\iomanip\STM32_genericSTM32F103C\Release\core.a(flash.c.o)
                              C:\Users\20131\AppData\Local\Temp\VMBCore\arduino16x\7c3dd42e408ebb1ce4dae06851a5a8aa\variant\boards.cpp.o (flash_set_latency)
C:\Users\20131\AppData\Local\Temp\VMBuilds\iomanip\STM32_genericSTM32F103C\Release\core.a(gpio_f1.c.o)
                              C:\Users\20131\AppData\Local\Temp\VMBCore\arduino16x\7c3dd42e408ebb1ce4dae06851a5a8aa\variant\boards_setup.cpp.o (gpio_init_all)
C:\Users\20131\AppData\Local\Temp\VMBuilds\iomanip\STM32_genericSTM32F103C\Release\core.a(i2c_f1.c.o)
                              (__irq_i2c1_ev)
C:\Users\20131\AppData\Local\Temp\VMBuilds\iomanip\STM32_genericSTM32F103C\Release\core.a(nvic.c.o)
                              C:\Users\20131\AppData\Local\Temp\VMBuilds\iomanip\STM32_genericSTM32F103C\Release\core.a(i2c_f1.c.o) (nvic_irq_set_priority)
C:\Users\20131\AppData\Local\Temp\VMBuilds\iomanip\STM32_genericSTM32F103C\Release\core.a(rcc.c.o)
                              C:\Users\20131\AppData\Local\Temp\VMBCore\arduino16x\7c3dd42e408ebb1ce4dae06851a5a8aa\variant\boards.cpp.o (rcc_switch_sysclk)
C:\Users\20131\AppData\Local\Temp\VMBuilds\iomanip\STM32_genericSTM32F103C\Release\core.a(rcc_f1.c.o)
                              C:\Users\20131\AppData\Local\Temp\VMBCore\arduino16x\7c3dd42e408ebb1ce4dae06851a5a8aa\variant\boards.cpp.o (rcc_configure_pll)
C:\Users\20131\AppData\Local\Temp\VMBuilds\iomanip\STM32_genericSTM32F103C\Release\core.a(systick.c.o)
                              C:\Users\20131\AppData\Local\Temp\VMBCore\arduino16x\7c3dd42e408ebb1ce4dae06851a5a8aa\variant\boards.cpp.o (systick_init)
C:\Users\20131\AppData\Local\Temp\VMBuilds\iomanip\STM32_genericSTM32F103C\Release\core.a(timer.c.o)
                              C:\Users\20131\AppData\Local\Temp\VMBCore\arduino16x\7c3dd42e408ebb1ce4dae06851a5a8aa\variant\boards.cpp.o (timer_foreach)
C:\Users\20131\AppData\Local\Temp\VMBuilds\iomanip\STM32_genericSTM32F103C\Release\core.a(usart_f1.c.o)
                              (__irq_usart1)
C:\Users\20131\AppData\Local\Temp\VMBuilds\iomanip\STM32_genericSTM32F103C\Release\core.a(usart_private.c.o)
                              C:\Users\20131\AppData\Local\Temp\VMBuilds\iomanip\STM32_genericSTM32F103C\Release\core.a(usart_f1.c.o) (_usart_clock_freq)
C:\Users\20131\AppData\Local\Temp\VMBuilds\iomanip\STM32_genericSTM32F103C\Release\core.a(util.c.o)
                              C:\Users\20131\AppData\Local\Temp\VMBuilds\iomanip\STM32_genericSTM32F103C\Release\core.a(exc.S.o) (__error)
C:\Users\20131\AppData\Local\Temp\VMBuilds\iomanip\STM32_genericSTM32F103C\Release\core.a(usb.c.o)
                              (__irq_usb_lp_can_rx0)
C:\Users\20131\AppData\Local\Temp\VMBuilds\iomanip\STM32_genericSTM32F103C\Release\core.a(usb_cdcacm.c.o)
                              C:\Users\20131\AppData\Local\Temp\VMBuilds\iomanip\STM32_genericSTM32F103C\Release\core.a(usb.c.o) (User_Standard_Requests)
C:\Users\20131\AppData\Local\Temp\VMBuilds\iomanip\STM32_genericSTM32F103C\Release\core.a(usb_reg_map.c.o)
                              C:\Users\20131\AppData\Local\Temp\VMBuilds\iomanip\STM32_genericSTM32F103C\Release\core.a(usb_cdcacm.c.o) (usb_set_ep_rx_count)
C:\Users\20131\AppData\Local\Temp\VMBuilds\iomanip\STM32_genericSTM32F103C\Release\core.a(usb_core.c.o)
[...]
Memory Configuration

Name             Origin             Length             Attributes
ram              0x20000000         0x00005000         xrw
rom              0x08000000         0x00020000         xr
*default*        0x00000000         0xffffffff

Linker script and memory map

LOAD c:/users/20131/appdata/local/arduino15/packages/arduino/tools/arm-none-eabi-gcc/4.8.3-2014q1/bin/../lib/gcc/arm-none-eabi/4.8.3/armv7-m/crti.o
LOAD c:/users/20131/appdata/local/arduino15/packages/arduino/tools/arm-none-eabi-gcc/4.8.3-2014q1/bin/../lib/gcc/arm-none-eabi/4.8.3/armv7-m/crtbegin.o
LOAD c:/users/20131/appdata/local/arduino15/packages/arduino/tools/arm-none-eabi-gcc/4.8.3-2014q1/bin/../lib/gcc/arm-none-eabi/4.8.3/../../../../arm-none-eabi/lib/armv7-m/crt0.o
LOAD c:/users/20131/appdata/local/arduino15/packages/arduino/tools/arm-none-eabi-gcc/4.8.3-2014q1/bin/../lib/gcc/arm-none-eabi/4.8.3/armv7-m\libgcc.a
START GROUP
LOAD iomanip.cpp.o
LOAD C:\Users\20131\AppData\Local\Temp\VMBCore\arduino16x\7c3dd42e408ebb1ce4dae06851a5a8aa\variant\board.cpp.o
LOAD C:\Users\20131\AppData\Local\Temp\VMBCore\arduino16x\7c3dd42e408ebb1ce4dae06851a5a8aa\variant\boards.cpp.o
LOAD C:\Users\20131\AppData\Local\Temp\VMBCore\arduino16x\7c3dd42e408ebb1ce4dae06851a5a8aa\variant\boards_setup.cpp.o
LOAD C:\Users\20131\AppData\Local\Temp\VMBCore\arduino16x\7c3dd42e408ebb1ce4dae06851a5a8aa\variant\start.S.o
LOAD C:\Users\20131\AppData\Local\Temp\VMBCore\arduino16x\7c3dd42e408ebb1ce4dae06851a5a8aa\variant\start_c.c.o
LOAD C:\Users\20131\AppData\Local\Temp\VMBCore\arduino16x\7c3dd42e408ebb1ce4dae06851a5a8aa\variant\syscalls.c.o
LOAD C:\Users\20131\AppData\Local\Temp\VMBuilds\iomanip\STM32_genericSTM32F103C\Release\core.a
END GROUP
LOAD c:/users/20131/appdata/local/arduino15/packages/arduino/tools/arm-none-eabi-gcc/4.8.3-2014q1/bin/../lib/gcc/arm-none-eabi/4.8.3/../../../../arm-none-eabi/lib/armv7-m\libstdc++.a
LOAD c:/users/20131/appdata/local/arduino15/packages/arduino/tools/arm-none-eabi-gcc/4.8.3-2014q1/bin/../lib/gcc/arm-none-eabi/4.8.3/../../../../arm-none-eabi/lib/armv7-m\libm.a
START GROUP
LOAD c:/users/20131/appdata/local/arduino15/packages/arduino/tools/arm-none-eabi-gcc/4.8.3-2014q1/bin/../lib/gcc/arm-none-eabi/4.8.3/armv7-m\libgcc.a
LOAD c:/users/20131/appdata/local/arduino15/packages/arduino/tools/arm-none-eabi-gcc/4.8.3-2014q1/bin/../lib/gcc/arm-none-eabi/4.8.3/../../../../arm-none-eabi/lib/armv7-m\libc.a
END GROUP
LOAD c:/users/20131/appdata/local/arduino15/packages/arduino/tools/arm-none-eabi-gcc/4.8.3-2014q1/bin/../lib/gcc/arm-none-eabi/4.8.3/armv7-m/crtend.o
LOAD c:/users/20131/appdata/local/arduino15/packages/arduino/tools/arm-none-eabi-gcc/4.8.3-2014q1/bin/../lib/gcc/arm-none-eabi/4.8.3/armv7-m/crtn.o
START GROUP
LOAD c:/users/20131/appdata/local/arduino15/packages/arduino/tools/arm-none-eabi-gcc/4.8.3-2014q1/bin/../lib/gcc/arm-none-eabi/4.8.3/armv7-m\libgcc.a
LOAD c:/users/20131/appdata/local/arduino15/packages/arduino/tools/arm-none-eabi-gcc/4.8.3-2014q1/bin/../lib/gcc/arm-none-eabi/4.8.3/../../../../arm-none-eabi/lib/armv7-m\libc.a
LOAD c:/users/20131/appdata/local/arduino15/packages/arduino/tools/arm-none-eabi-gcc/4.8.3-2014q1/bin/../lib/gcc/arm-none-eabi/4.8.3/../../../../arm-none-eabi/lib/armv7-m\libm.a
END GROUP
START GROUP
LOAD c:/users/20131/appdata/local/arduino15/packages/arduino/tools/arm-none-eabi-gcc/4.8.3-2014q1/bin/../lib/gcc/arm-none-eabi/4.8.3/../../../../arm-none-eabi/lib/armv7-m\libnosys.a
END GROUP
                0x20005000                PROVIDE (__msp_init, (ORIGIN (ram) + 0x5000))
                0x0800037c                PROVIDE (__exc_reset, __start__)

.text           0x08000000     0x28a4
                0x08000000                __text_start__ = .
 *(.stm32.interrupt_vector)
 .stm32.interrupt_vector
                0x08000000       0xec C:\Users\20131\AppData\Local\Temp\VMBuilds\iomanip\STM32_genericSTM32F103C\Release\core.a(vector_table.S.o)
                0x08000000                __stm32_vector_table
 *(.text .text.* .gnu.linkonce.t.*)
 .text          0x080000ec       0x54 c:/users/20131/appdata/local/arduino15/packages/arduino/tools/arm-none-eabi-gcc/4.8.3-2014q1/bin/../lib/gcc/arm-none-eabi/4.8.3/armv7-m/crtbegin.o
 .text._Z5setupv
                0x08000140       0x10 iomanip.cpp.o
                0x08000140                setup()
 .text._Z3fmti  0x08000150       0x18 iomanip.cpp.o
                0x08000150                fmt(int)
 .text._Z4loopv
                0x08000168       0x14 iomanip.cpp.o
                0x08000168                loop()
 .text._Z9boardInitv
                0x0800017c        0x2 C:\Users\20131\AppData\Local\Temp\VMBCore\arduino16x\7c3dd42e408ebb1ce4dae06851a5a8aa\variant\board.cpp.o
                0x0800017c                boardInit()
 *fill*         0x0800017e        0x2 
 .text.startup._GLOBAL__sub_I__Z9boardInitv
                0x08000180       0x48 C:\Users\20131\AppData\Local\Temp\VMBCore\arduino16x\7c3dd42e408ebb1ce4dae06851a5a8aa\variant\board.cpp.o
 .text._ZL18adc_default_configP7adc_dev
                0x080001c8       0x1c C:\Users\20131\AppData\Local\Temp\VMBCore\arduino16x\7c3dd42e408ebb1ce4dae06851a5a8aa\variant\boards.cpp.o
 .text._ZL20timer_default_configP9timer_dev
                0x080001e4       0x9e C:\Users\20131\AppData\Local\Temp\VMBCore\arduino16x\7c3dd42e408ebb1ce4dae06851a5a8aa\variant\boards.cpp.o
 *fill*         0x08000282        0x2 
 .text._Z4initv
                0x08000284       0xbc C:\Users\20131\AppData\Local\Temp\VMBCore\arduino16x\7c3dd42e408ebb1ce4dae06851a5a8aa\variant\boards.cpp.o
                0x08000284                init()
 .text._ZN6wirish4priv15board_reset_pllEv
                0x08000340        0x2 C:\Users\20131\AppData\Local\Temp\VMBCore\arduino16x\7c3dd42e408ebb1ce4dae06851a5a8aa\variant\boards_setup.cpp.o
                0x08000340                wirish::priv::board_reset_pll()
 .text._ZN6wirish4priv28board_setup_clock_prescalersEv
                0x08000342       0x2e C:\Users\20131\AppData\Local\Temp\VMBCore\arduino16x\7c3dd42e408ebb1ce4dae06851a5a8aa\variant\boards_setup.cpp.o
                0x08000342                wirish::priv::board_setup_clock_prescalers()
 .text._ZN6wirish4priv16board_setup_gpioEv
                0x08000370        0x4 C:\Users\20131\AppData\Local\Temp\VMBCore\arduino16x\7c3dd42e408ebb1ce4dae06851a5a8aa\variant\boards_setup.cpp.o
                0x08000370                wirish::priv::board_setup_gpio()
 .text._ZN6wirish4priv15board_setup_usbEv
                0x08000374        0x2 C:\Users\20131\AppData\Local\Temp\VMBCore\arduino16x\7c3dd42e408ebb1ce4dae06851a5a8aa\variant\boards_setup.cpp.o
                0x08000374                wirish::priv::board_setup_usb()
 .text._ZN6wirish4priv11series_initEv
                0x08000376        0x4 C:\Users\20131\AppData\Local\Temp\VMBCore\arduino16x\7c3dd42e408ebb1ce4dae06851a5a8aa\variant\boards_setup.cpp.o
                0x08000376                wirish::priv::series_init()
 *fill*         0x0800037a        0x2 
 .text          0x0800037c       0x10 C:\Users\20131\AppData\Local\Temp\VMBCore\arduino16x\7c3dd42e408ebb1ce4dae06851a5a8aa\variant\start.S.o
                0x0800037c                __start__
 .text.start_c  0x0800038c       0x64 C:\Users\20131\AppData\Local\Temp\VMBCore\arduino16x\7c3dd42e408ebb1ce4dae06851a5a8aa\variant\start_c.c.o
                0x0800038c                start_c
 .text._exit    0x080003f0        0x2 C:\Users\20131\AppData\Local\Temp\VMBCore\arduino16x\7c3dd42e408ebb1ce4dae06851a5a8aa\variant\syscalls.c.o
                0x080003f0                _exit
 *fill*         0x080003f2        0xe 
 .text          0x08000400       0x60 C:\Users\20131\AppData\Local\Temp\VMBuilds\iomanip\STM32_genericSTM32F103C\Release\core.a(exc.S.o)
                0x08000400                __exc_nmi
                0x08000404                __exc_hardfault
                0x08000408                __exc_memmanage
                0x0800040c                __exc_busfault
                0x08000410                __exc_usagefault
 .text          0x08000460        0x2 C:\Users\20131\AppData\Local\Temp\VMBuilds\iomanip\STM32_genericSTM32F103C\Release\core.a(isrs.S.o)
                0x08000460                __stm32reservedexception9
                0x08000460                __exc_debug_monitor
                0x08000460                __exc_svc
                0x08000460                __irq_can_rx1
                0x08000460                __irq_spi2
                0x08000460                __irq_can_sce
                0x08000460                __irq_pvd
                0x08000460                __irq_tamper
                0x08000460                __default_handler
                0x08000460                __irq_wwdg
                0x08000460                __stm32reservedexception10
                0x08000460                __irq_flash
                0x08000460                __stm32reservedexception13
                0x08000460                __irq_rtc
                0x08000460                __irq_spi1
                0x08000460                __stm32reservedexception7
                0x08000460                __irq_usb_hp_can_tx
                0x08000460                __irq_rtcalarm
                0x08000460                __stm32reservedexception8
                0x08000460                __exc_pendsv
                0x08000460                __irq_usbwakeup
                0x08000460                __irq_rcc
 .text.adc_init
                0x08000462       0x14 C:\Users\20131\AppData\Local\Temp\VMBuilds\iomanip\STM32_genericSTM32F103C\Release\core.a(adc.c.o)
                0x08000462                adc_init
 .text.adc_set_extsel
                0x08000476       0x12 C:\Users\20131\AppData\Local\Temp\VMBuilds\iomanip\STM32_genericSTM32F103C\Release\core.a(adc.c.o)
                0x08000476                adc_set_extsel
 .text.adc_set_sample_rate
                0x08000488       0x30 C:\Users\20131\AppData\Local\Temp\VMBuilds\iomanip\STM32_genericSTM32F103C\Release\core.a(adc.c.o)
                0x08000488                adc_set_sample_rate
 .text.__irq_adc
                0x080004b8       0x50 C:\Users\20131\AppData\Local\Temp\VMBuilds\iomanip\STM32_genericSTM32F103C\Release\core.a(adc_f1.c.o)
                0x080004b8                __irq_adc
 .text.adc_calibrate
                0x08000508       0x24 C:\Users\20131\AppData\Local\Temp\VMBuilds\iomanip\STM32_genericSTM32F103C\Release\core.a(adc_f1.c.o)
                0x08000508                adc_calibrate
 .text.adc_set_prescaler
                0x0800052c        0x8 C:\Users\20131\AppData\Local\Temp\VMBuilds\iomanip\STM32_genericSTM32F103C\Release\core.a(adc_f1.c.o)
                0x0800052c                adc_set_prescaler
 .text.adc_foreach
                0x08000534       0x1c C:\Users\20131\AppData\Local\Temp\VMBuilds\iomanip\STM32_genericSTM32F103C\Release\core.a(adc_f1.c.o)
                0x08000534                adc_foreach
 .text.adc_enable_single_swstart
                0x08000550       0x36 C:\Users\20131\AppData\Local\Temp\VMBuilds\iomanip\STM32_genericSTM32F103C\Release\core.a(adc_f1.c.o)
                0x08000550                adc_enable_single_swstart
 *fill*         0x08000586        0x2 
 .text.__irq_dma1_channel1
                0x08000588       0x18 C:\Users\20131\AppData\Local\Temp\VMBuilds\iomanip\STM32_genericSTM32F103C\Release\core.a(dma_f1.c.o)
                0x08000588                __irq_dma1_channel1
 .text.__irq_dma1_channel2
                0x080005a0       0x18 C:\Users\20131\AppData\Local\Temp\VMBuilds\iomanip\STM32_genericSTM32F103C\Release\core.a(dma_f1.c.o)
                0x080005a0                __irq_dma1_channel2
 .text.__irq_dma1_channel3
                0x080005b8       0x1c C:\Users\20131\AppData\Local\Temp\VMBuilds\iomanip\STM32_genericSTM32F103C\Release\core.a(dma_f1.c.o)
                0x080005b8                __irq_dma1_channel3
 .text.__irq_dma1_channel4
                0x080005d4       0x1c C:\Users\20131\AppData\Local\Temp\VMBuilds\iomanip\STM32_genericSTM32F103C\Release\core.a(dma_f1.c.o)
                0x080005d4                __irq_dma1_channel4
 .text.__irq_dma1_channel5
                0x080005f0       0x1c C:\Users\20131\AppData\Local\Temp\VMBuilds\iomanip\STM32_genericSTM32F103C\Release\core.a(dma_f1.c.o)
                0x080005f0                __irq_dma1_channel5
 .text.__irq_dma1_channel6
                0x0800060c       0x1c C:\Users\20131\AppData\Local\Temp\VMBuilds\iomanip\STM32_genericSTM32F103C\Release\core.a(dma_f1.c.o)
                0x0800060c                __irq_dma1_channel6
 .text.__irq_dma1_channel7
                0x08000628       0x1c C:\Users\20131\AppData\Local\Temp\VMBuilds\iomanip\STM32_genericSTM32F103C\Release\core.a(dma_f1.c.o)
                0x08000628                __irq_dma1_channel7
 .text.__irq_exti0
                0x08000644       0x20 C:\Users\20131\AppData\Local\Temp\VMBuilds\iomanip\STM32_genericSTM32F103C\Release\core.a(exti.c.o)
                0x08000644                __irq_exti0
 .text.__irq_exti1
                0x08000664       0x20 C:\Users\20131\AppData\Local\Temp\VMBuilds\iomanip\STM32_genericSTM32F103C\Release\core.a(exti.c.o)
                0x08000664                __irq_exti1
 .text.__irq_exti2
                0x08000684       0x20 C:\Users\20131\AppData\Local\Temp\VMBuilds\iomanip\STM32_genericSTM32F103C\Release\core.a(exti.c.o)
                0x08000684                __irq_exti2
 .text.__irq_exti3
                0x080006a4       0x20 C:\Users\20131\AppData\Local\Temp\VMBuilds\iomanip\STM32_genericSTM32F103C\Release\core.a(exti.c.o)
                0x080006a4                __irq_exti3
 .text.__irq_exti4
                0x080006c4       0x20 C:\Users\20131\AppData\Local\Temp\VMBuilds\iomanip\STM32_genericSTM32F103C\Release\core.a(exti.c.o)
                0x080006c4                __irq_exti4
 .text.__irq_exti9_5
                0x080006e4       0x44 C:\Users\20131\AppData\Local\Temp\VMBuilds\iomanip\STM32_genericSTM32F103C\Release\core.a(exti.c.o)
                0x080006e4                __irq_exti9_5
 .text.__irq_exti15_10
                0x08000728       0x44 C:\Users\20131\AppData\Local\Temp\VMBuilds\iomanip\STM32_genericSTM32F103C\Release\core.a(exti.c.o)
                0x08000728                __irq_exti15_10
 .text.flash_set_latency
                0x0800076c       0x14 C:\Users\20131\AppData\Local\Temp\VMBuilds\iomanip\STM32_genericSTM32F103C\Release\core.a(flash.c.o)
                0x0800076c                flash_set_latency
 .text.gpio_init_all
                0x08000780       0x30 C:\Users\20131\AppData\Local\Temp\VMBuilds\iomanip\STM32_genericSTM32F103C\Release\core.a(gpio_f1.c.o)
                0x08000780                gpio_init_all
 .text.gpio_set_mode
                0x080007b0       0x50 C:\Users\20131\AppData\Local\Temp\VMBuilds\iomanip\STM32_genericSTM32F103C\Release\core.a(gpio_f1.c.o)
                0x080007b0                gpio_set_mode
 .text.afio_init
                0x08000800       0x12 C:\Users\20131\AppData\Local\Temp\VMBuilds\iomanip\STM32_genericSTM32F103C\Release\core.a(gpio_f1.c.o)
                0x08000800                afio_init
 *fill*         0x08000812        0x2 
 .text.__irq_i2c1_ev
                0x08000814        0xc C:\Users\20131\AppData\Local\Temp\VMBuilds\iomanip\STM32_genericSTM32F103C\Release\core.a(i2c_f1.c.o)
                0x08000814                __irq_i2c1_ev
 .text.__irq_i2c2_ev
                0x08000820        0xc C:\Users\20131\AppData\Local\Temp\VMBuilds\iomanip\STM32_genericSTM32F103C\Release\core.a(i2c_f1.c.o)
                0x08000820                __irq_i2c2_ev
 .text.__irq_i2c1_er
                0x0800082c        0xc C:\Users\20131\AppData\Local\Temp\VMBuilds\iomanip\STM32_genericSTM32F103C\Release\core.a(i2c_f1.c.o)
                0x0800082c                __irq_i2c1_er
 .text.__irq_i2c2_er
                0x08000838        0xc C:\Users\20131\AppData\Local\Temp\VMBuilds\iomanip\STM32_genericSTM32F103C\Release\core.a(i2c_f1.c.o)
                0x08000838                __irq_i2c2_er
 .text._i2c_irq_priority_fixup
                0x08000844       0x1c C:\Users\20131\AppData\Local\Temp\VMBuilds\iomanip\STM32_genericSTM32F103C\Release\core.a(i2c_f1.c.o)
                0x08000844                _i2c_irq_priority_fixup
 .text.nvic_irq_set_priority
                0x08000860       0x28 C:\Users\20131\AppData\Local\Temp\VMBuilds\iomanip\STM32_genericSTM32F103C\Release\core.a(nvic.c.o)
                0x08000860                nvic_irq_set_priority
 .text.nvic_init
                0x08000888       0x30 C:\Users\20131\AppData\Local\Temp\VMBuilds\iomanip\STM32_genericSTM32F103C\Release\core.a(nvic.c.o)
                0x08000888                nvic_init
 .text.rcc_dev_clk
                0x080008b8        0xc C:\Users\20131\AppData\Local\Temp\VMBuilds\iomanip\STM32_genericSTM32F103C\Release\core.a(rcc.c.o)
                0x080008b8                rcc_dev_clk
 .text.rcc_switch_sysclk
                0x080008c4       0x20 C:\Users\20131\AppData\Local\Temp\VMBuilds\iomanip\STM32_genericSTM32F103C\Release\core.a(rcc.c.o)
                0x080008c4                rcc_switch_sysclk
 .text.rcc_turn_on_clk
                0x080008e4       0x1a C:\Users\20131\AppData\Local\Temp\VMBuilds\iomanip\STM32_genericSTM32F103C\Release\core.a(rcc.c.o)
                0x080008e4                rcc_turn_on_clk
 .text.rcc_turn_off_clk
                0x080008fe       0x1c C:\Users\20131\AppData\Local\Temp\VMBuilds\iomanip\STM32_genericSTM32F103C\Release\core.a(rcc.c.o)
                0x080008fe                rcc_turn_off_clk
 .text.rcc_is_clk_on
                0x0800091a       0x1e C:\Users\20131\AppData\Local\Temp\VMBuilds\iomanip\STM32_genericSTM32F103C\Release\core.a(rcc.c.o)
                0x0800091a                rcc_is_clk_on
 .text.rcc_is_clk_ready
                0x08000938       0x18 C:\Users\20131\AppData\Local\Temp\VMBuilds\iomanip\STM32_genericSTM32F103C\Release\core.a(rcc.c.o)
                0x08000938                rcc_is_clk_ready
 .text.rcc_configure_pll
                0x08000950       0x38 C:\Users\20131\AppData\Local\Temp\VMBuilds\iomanip\STM32_genericSTM32F103C\Release\core.a(rcc_f1.c.o)
                0x08000950                rcc_configure_pll
 .text.rcc_clk_enable
                0x08000988       0x30 C:\Users\20131\AppData\Local\Temp\VMBuilds\iomanip\STM32_genericSTM32F103C\Release\core.a(rcc_f1.c.o)
                0x08000988                rcc_clk_enable
 .text.rcc_reset_dev
                0x080009b8       0x34 C:\Users\20131\AppData\Local\Temp\VMBuilds\iomanip\STM32_genericSTM32F103C\Release\core.a(rcc_f1.c.o)
                0x080009b8                rcc_reset_dev
 .text.rcc_set_prescaler
                0x080009ec       0x20 C:\Users\20131\AppData\Local\Temp\VMBuilds\iomanip\STM32_genericSTM32F103C\Release\core.a(rcc_f1.c.o)
                0x080009ec                rcc_set_prescaler
 .text.rcc_clk_disable
                0x08000a0c       0x30 C:\Users\20131\AppData\Local\Temp\VMBuilds\iomanip\STM32_genericSTM32F103C\Release\core.a(rcc_f1.c.o)
                0x08000a0c                rcc_clk_disable
 .text.systick_init
                0x08000a3c       0x10 C:\Users\20131\AppData\Local\Temp\VMBuilds\iomanip\STM32_genericSTM32F103C\Release\core.a(systick.c.o)
                0x08000a3c                systick_init
 .text.__exc_systick
                0x08000a4c       0x1c C:\Users\20131\AppData\Local\Temp\VMBuilds\iomanip\STM32_genericSTM32F103C\Release\core.a(systick.c.o)
                0x08000a4c                __exc_systick
 .text.timer_oc_set_mode
                0x08000a68       0x3a C:\Users\20131\AppData\Local\Temp\VMBuilds\iomanip\STM32_genericSTM32F103C\Release\core.a(timer.c.o)
 .text.timer_cc_enable
                0x08000aa2       0x1c C:\Users\20131\AppData\Local\Temp\VMBuilds\iomanip\STM32_genericSTM32F103C\Release\core.a(timer.c.o)
 *fill*         0x08000abe        0x2 
 .text.timer_foreach
                0x08000ac0       0x28 C:\Users\20131\AppData\Local\Temp\VMBuilds\iomanip\STM32_genericSTM32F103C\Release\core.a(timer.c.o)
                0x08000ac0                timer_foreach
 .text.timer_init
                0x08000ae8       0x14 C:\Users\20131\AppData\Local\Temp\VMBuilds\iomanip\STM32_genericSTM32F103C\Release\core.a(timer.c.o)
                0x08000ae8                timer_init
 .text.timer_has_cc_channel
                0x08000afc       0x30 C:\Users\20131\AppData\Local\Temp\VMBuilds\iomanip\STM32_genericSTM32F103C\Release\core.a(timer.c.o)
                0x08000afc                timer_has_cc_channel
 .text.timer_detach_interrupt
                0x08000b2c       0x1e C:\Users\20131\AppData\Local\Temp\VMBuilds\iomanip\STM32_genericSTM32F103C\Release\core.a(timer.c.o)
                0x08000b2c                timer_detach_interrupt
 .text.input_capture_mode
                0x08000b4a       0x1a C:\Users\20131\AppData\Local\Temp\VMBuilds\iomanip\STM32_genericSTM32F103C\Release\core.a(timer.c.o)
                0x08000b4a                input_capture_mode
 .text.timer_set_mode
                0x08000b64       0xb8 C:\Users\20131\AppData\Local\Temp\VMBuilds\iomanip\STM32_genericSTM32F103C\Release\core.a(timer.c.o)
                0x08000b64                timer_set_mode
 .text.__irq_tim1_brk
                0x08000c1c       0x24 C:\Users\20131\AppData\Local\Temp\VMBuilds\iomanip\STM32_genericSTM32F103C\Release\core.a(timer.c.o)
                0x08000c1c                __irq_tim1_brk
 .text.__irq_tim1_up
                0x08000c40       0x24 C:\Users\20131\AppData\Local\Temp\VMBuilds\iomanip\STM32_genericSTM32F103C\Release\core.a(timer.c.o)
                0x08000c40                __irq_tim1_up
 .text.__irq_tim1_trg_com
                0x08000c64       0x38 C:\Users\20131\AppData\Local\Temp\VMBuilds\iomanip\STM32_genericSTM32F103C\Release\core.a(timer.c.o)
                0x08000c64                __irq_tim1_trg_com
 .text.__irq_tim1_cc
                0x08000c9c       0x54 C:\Users\20131\AppData\Local\Temp\VMBuilds\iomanip\STM32_genericSTM32F103C\Release\core.a(timer.c.o)
                0x08000c9c                __irq_tim1_cc
 .text.__irq_tim2
                0x08000cf0       0x70 C:\Users\20131\AppData\Local\Temp\VMBuilds\iomanip\STM32_genericSTM32F103C\Release\core.a(timer.c.o)
                0x08000cf0                __irq_tim2
 .text.__irq_tim3
                0x08000d60       0x70 C:\Users\20131\AppData\Local\Temp\VMBuilds\iomanip\STM32_genericSTM32F103C\Release\core.a(timer.c.o)
                0x08000d60                __irq_tim3
 .text.__irq_tim4
                0x08000dd0       0x70 C:\Users\20131\AppData\Local\Temp\VMBuilds\iomanip\STM32_genericSTM32F103C\Release\core.a(timer.c.o)
                0x08000dd0                __irq_tim4
 .text.rb_remove
                0x08000e40       0x24 C:\Users\20131\AppData\Local\Temp\VMBuilds\iomanip\STM32_genericSTM32F103C\Release\core.a(usart_f1.c.o)
 .text.rb_push_insert
                0x08000e64       0x52 C:\Users\20131\AppData\Local\Temp\VMBuilds\iomanip\STM32_genericSTM32F103C\Release\core.a(usart_f1.c.o)
 .text.usart_config_gpios_async
                0x08000eb6       0x4a C:\Users\20131\AppData\Local\Temp\VMBuilds\iomanip\STM32_genericSTM32F103C\Release\core.a(usart_f1.c.o)
                0x08000eb6                usart_config_gpios_async
 .text.usart_set_baud_rate
                0x08000f00       0x3c C:\Users\20131\AppData\Local\Temp\VMBuilds\iomanip\STM32_genericSTM32F103C\Release\core.a(usart_f1.c.o)
                0x08000f00                usart_set_baud_rate
 .text.__irq_usart1
                0x08000f3c       0x54 C:\Users\20131\AppData\Local\Temp\VMBuilds\iomanip\STM32_genericSTM32F103C\Release\core.a(usart_f1.c.o)
                0x08000f3c                __irq_usart1
 .text.__irq_usart2
                0x08000f90       0x54 C:\Users\20131\AppData\Local\Temp\VMBuilds\iomanip\STM32_genericSTM32F103C\Release\core.a(usart_f1.c.o)
                0x08000f90                __irq_usart2
 .text.__irq_usart3
                0x08000fe4       0x54 C:\Users\20131\AppData\Local\Temp\VMBuilds\iomanip\STM32_genericSTM32F103C\Release\core.a(usart_f1.c.o)
                0x08000fe4                __irq_usart3
 .text._usart_clock_freq
                0x08001038       0x24 C:\Users\20131\AppData\Local\Temp\VMBuilds\iomanip\STM32_genericSTM32F103C\Release\core.a(usart_private.c.o)
                0x08001038                _usart_clock_freq
 .text.usart_putc
                0x0800105c       0x1c C:\Users\20131\AppData\Local\Temp\VMBuilds\iomanip\STM32_genericSTM32F103C\Release\core.a(util.c.o)
 .text.usart_putstr
                0x08001078       0x16 C:\Users\20131\AppData\Local\Temp\VMBuilds\iomanip\STM32_genericSTM32F103C\Release\core.a(util.c.o)
 *fill*         0x0800108e        0x2 
 .text.throb    0x08001090       0x4c C:\Users\20131\AppData\Local\Temp\VMBuilds\iomanip\STM32_genericSTM32F103C\Release\core.a(util.c.o)
                0x08001090                throb
 .text.__error  0x080010dc       0x14 C:\Users\20131\AppData\Local\Temp\VMBuilds\iomanip\STM32_genericSTM32F103C\Release\core.a(util.c.o)
                0x080010dc                __error
 .text._fail    0x080010f0       0x64 C:\Users\20131\AppData\Local\Temp\VMBuilds\iomanip\STM32_genericSTM32F103C\Release\core.a(util.c.o)
                0x080010f0                _fail
 .text.usb_resume
                0x08001154       0xb4 C:\Users\20131\AppData\Local\Temp\VMBuilds\iomanip\STM32_genericSTM32F103C\Release\core.a(usb.c.o)
 .text.__irq_usb_lp_can_rx0
                0x08001208      0x1f0 C:\Users\20131\AppData\Local\Temp\VMBuilds\iomanip\STM32_genericSTM32F103C\Release\core.a(usb.c.o)
                0x08001208                __irq_usb_lp_can_rx0
 .text.usb_set_ep_rx_stat
                0x080013f8       0x22 C:\Users\20131\AppData\Local\Temp\VMBuilds\iomanip\STM32_genericSTM32F103C\Release\core.a(usb_cdcacm.c.o)
 *fill*         0x0800141a        0x2 
 .text.vcomGetSetLineCoding
                0x0800141c       0x18 C:\Users\20131\AppData\Local\Temp\VMBuilds\iomanip\STM32_genericSTM32F103C\Release\core.a(usb_cdcacm.c.o)
 .text.usbDataSetup
                0x08001434       0x54 C:\Users\20131\AppData\Local\Temp\VMBuilds\iomanip\STM32_genericSTM32F103C\Release\core.a(usb_cdcacm.c.o)
 .text.usbNoDataSetup
                0x08001488       0x50 C:\Users\20131\AppData\Local\Temp\VMBuilds\iomanip\STM32_genericSTM32F103C\Release\core.a(usb_cdcacm.c.o)
 .text.usbGetInterfaceSetting
                0x080014d8       0x10 C:\Users\20131\AppData\Local\Temp\VMBuilds\iomanip\STM32_genericSTM32F103C\Release\core.a(usb_cdcacm.c.o)
 .text.usbGetStringDescriptor
                0x080014e8       0x20 C:\Users\20131\AppData\Local\Temp\VMBuilds\iomanip\STM32_genericSTM32F103C\Release\core.a(usb_cdcacm.c.o)
 .text.usbGetConfigDescriptor
                0x08001508        0xc C:\Users\20131\AppData\Local\Temp\VMBuilds\iomanip\STM32_genericSTM32F103C\Release\core.a(usb_cdcacm.c.o)
 .text.usbGetDeviceDescriptor
                0x08001514        0xc C:\Users\20131\AppData\Local\Temp\VMBuilds\iomanip\STM32_genericSTM32F103C\Release\core.a(usb_cdcacm.c.o)
 .text.usbInit  0x08001520       0x44 C:\Users\20131\AppData\Local\Temp\VMBuilds\iomanip\STM32_genericSTM32F103C\Release\core.a(usb_cdcacm.c.o)
 .text.usbReset
                0x08001564      0x160 C:\Users\20131\AppData\Local\Temp\VMBuilds\iomanip\STM32_genericSTM32F103C\Release\core.a(usb_cdcacm.c.o)
 .text.usb_set_ep_rx_count
                0x080016c4       0x40 C:\Users\20131\AppData\Local\Temp\VMBuilds\iomanip\STM32_genericSTM32F103C\Release\core.a(usb_reg_map.c.o)
                0x080016c4                usb_set_ep_rx_count
 .text.Standard_GetConfiguration
                0x08001704       0x24 C:\Users\20131\AppData\Local\Temp\VMBuilds\iomanip\STM32_genericSTM32F103C\Release\core.a(usb_core.c.o)
                0x08001704                Standard_GetConfiguration
 .text.Standard_GetInterface
                0x08001728       0x24 C:\Users\20131\AppData\Local\Temp\VMBuilds\iomanip\STM32_genericSTM32F103C\Release\core.a(usb_core.c.o)
                0x08001728                Standard_GetInterface
 .text.Standard_GetStatus
                0x0800174c       0x90 C:\Users\20131\AppData\Local\Temp\VMBuilds\iomanip\STM32_genericSTM32F103C\Release\core.a(usb_core.c.o)
                0x0800174c                Standard_GetStatus
 .text.DataStageIn
                0x080017dc       0xa8 C:\Users\20131\AppData\Local\Temp\VMBuilds\iomanip\STM32_genericSTM32F103C\Release\core.a(usb_core.c.o)
 .text.Standard_SetConfiguration
                0x08001884       0x38 C:\Users\20131\AppData\Local\Temp\VMBuilds\iomanip\STM32_genericSTM32F103C\Release\core.a(usb_core.c.o)
                0x08001884                Standard_SetConfiguration
 .text.Standard_SetInterface
                0x080018bc       0x48 C:\Users\20131\AppData\Local\Temp\VMBuilds\iomanip\STM32_genericSTM32F103C\Release\core.a(usb_core.c.o)
                0x080018bc                Standard_SetInterface
 .text.Standard_ClearFeature
                0x08001904       0xd0 C:\Users\20131\AppData\Local\Temp\VMBuilds\iomanip\STM32_genericSTM32F103C\Release\core.a(usb_core.c.o)
                0x08001904                Standard_ClearFeature
 .text.Standard_SetEndPointFeature
                0x080019d4       0x84 C:\Users\20131\AppData\Local\Temp\VMBuilds\iomanip\STM32_genericSTM32F103C\Release\core.a(usb_core.c.o)
                0x080019d4                Standard_SetEndPointFeature
 .text.Standard_SetDeviceFeature
                0x08001a58       0x24 C:\Users\20131\AppData\Local\Temp\VMBuilds\iomanip\STM32_genericSTM32F103C\Release\core.a(usb_core.c.o)
                0x08001a58                Standard_SetDeviceFeature
 .text.Standard_GetDescriptorData
                0x08001a7c       0x1c C:\Users\20131\AppData\Local\Temp\VMBuilds\iomanip\STM32_genericSTM32F103C\Release\core.a(usb_core.c.o)
                0x08001a7c                Standard_GetDescriptorData
 .text.Post0_Process
                0x08001a98       0x40 C:\Users\20131\AppData\Local\Temp\VMBuilds\iomanip\STM32_genericSTM32F103C\Release\core.a(usb_core.c.o)
                0x08001a98                Post0_Process
 .text.Setup0_Process
                0x08001ad8      0x2d0 C:\Users\20131\AppData\Local\Temp\VMBuilds\iomanip\STM32_genericSTM32F103C\Release\core.a(usb_core.c.o)
                0x08001ad8                Setup0_Process
 .text.Out0_Process
                0x08001da8       0xc8 C:\Users\20131\AppData\Local\Temp\VMBuilds\iomanip\STM32_genericSTM32F103C\Release\core.a(usb_core.c.o)
                0x08001da8                Out0_Process
 .text.SetDeviceAddress
                0x08001e70       0x38 C:\Users\20131\AppData\Local\Temp\VMBuilds\iomanip\STM32_genericSTM32F103C\Release\core.a(usb_core.c.o)
                0x08001e70                SetDeviceAddress
 .text.In0_Process
                0x08001ea8       0x5c C:\Users\20131\AppData\Local\Temp\VMBuilds\iomanip\STM32_genericSTM32F103C\Release\core.a(usb_core.c.o)
                0x08001ea8                In0_Process
 .text.NOP_Process
                0x08001f04        0x2 C:\Users\20131\AppData\Local\Temp\VMBuilds\iomanip\STM32_genericSTM32F103C\Release\core.a(usb_core.c.o)
                0x08001f04                NOP_Process
 .text.UserToPMABufferCopy
                0x08001f06       0x30 C:\Users\20131\AppData\Local\Temp\VMBuilds\iomanip\STM32_genericSTM32F103C\Release\core.a(usb_mem.c.o)
                0x08001f06                UserToPMABufferCopy
 .text.PMAToUserBufferCopy
                0x08001f36       0x24 C:\Users\20131\AppData\Local\Temp\VMBuilds\iomanip\STM32_genericSTM32F103C\Release\core.a(usb_mem.c.o)
                0x08001f36                PMAToUserBufferCopy
 .text.SetEPTxStatus
                0x08001f5a       0x2a C:\Users\20131\AppData\Local\Temp\VMBuilds\iomanip\STM32_genericSTM32F103C\Release\core.a(usb_regs.c.o)
                0x08001f5a                SetEPTxStatus
 .text.ClearDTOG_RX
                0x08001f84       0x20 C:\Users\20131\AppData\Local\Temp\VMBuilds\iomanip\STM32_genericSTM32F103C\Release\core.a(usb_regs.c.o)
                0x08001f84                ClearDTOG_RX
 .text.ClearDTOG_TX
                0x08001fa4       0x20 C:\Users\20131\AppData\Local\Temp\VMBuilds\iomanip\STM32_genericSTM32F103C\Release\core.a(usb_regs.c.o)
                0x08001fa4                ClearDTOG_TX
 .text.GetEPTxAddr
                0x08001fc4       0x1c C:\Users\20131\AppData\Local\Temp\VMBuilds\iomanip\STM32_genericSTM32F103C\Release\core.a(usb_regs.c.o)
                0x08001fc4                GetEPTxAddr
 .text.GetEPRxAddr
                0x08001fe0       0x1c C:\Users\20131\AppData\Local\Temp\VMBuilds\iomanip\STM32_genericSTM32F103C\Release\core.a(usb_regs.c.o)
                0x08001fe0                GetEPRxAddr
 .text.SetEPTxCount
                0x08001ffc       0x1c C:\Users\20131\AppData\Local\Temp\VMBuilds\iomanip\STM32_genericSTM32F103C\Release\core.a(usb_regs.c.o)
                0x08001ffc                SetEPTxCount
 .text.SetEPRxCount
                0x08002018       0x40 C:\Users\20131\AppData\Local\Temp\VMBuilds\iomanip\STM32_genericSTM32F103C\Release\core.a(usb_regs.c.o)
                0x08002018                SetEPRxCount
 .text.rb_full_count
                0x08002058       0x22 C:\Users\20131\AppData\Local\Temp\VMBuilds\iomanip\STM32_genericSTM32F103C\Release\core.a(HardwareSerial.cpp.o)
 .text._ZN14HardwareSerial4readEv
                0x0800207a       0x3a C:\Users\20131\AppData\Local\Temp\VMBuilds\iomanip\STM32_genericSTM32F103C\Release\core.a(HardwareSerial.cpp.o)
                0x0800207a                HardwareSerial::read()
 .text._ZN14HardwareSerial9availableEv
                0x080020b4        0xc C:\Users\20131\AppData\Local\Temp\VMBuilds\iomanip\STM32_genericSTM32F103C\Release\core.a(HardwareSerial.cpp.o)
                0x080020b4                HardwareSerial::available()
 .text._ZN14HardwareSerial4peekEv
                0x080020c0       0x22 C:\Users\20131\AppData\Local\Temp\VMBuilds\iomanip\STM32_genericSTM32F103C\Release\core.a(HardwareSerial.cpp.o)
                0x080020c0                HardwareSerial::peek()
 .text._ZN14HardwareSerial5flushEv
                0x080020e2       0x1a C:\Users\20131\AppData\Local\Temp\VMBuilds\iomanip\STM32_genericSTM32F103C\Release\core.a(HardwareSerial.cpp.o)
                0x080020e2                HardwareSerial::flush()
 .text._ZN14HardwareSerial5writeEh
                0x080020fc       0x1e C:\Users\20131\AppData\Local\Temp\VMBuilds\iomanip\STM32_genericSTM32F103C\Release\core.a(HardwareSerial.cpp.o)
                0x080020fc                HardwareSerial::write(unsigned char)
 *fill*         0x0800211a        0x2 
 .text._ZN14HardwareSerialC2EP9usart_devhh
                0x0800211c       0x1c C:\Users\20131\AppData\Local\Temp\VMBuilds\iomanip\STM32_genericSTM32F103C\Release\core.a(HardwareSerial.cpp.o)
                0x0800211c                HardwareSerial::HardwareSerial(usart_dev*, unsigned char, unsigned char)
                0x0800211c                HardwareSerial::HardwareSerial(usart_dev*, unsigned char, unsigned char)
 .text._ZN14HardwareSerial5beginEmh
                0x08002138       0x78 C:\Users\20131\AppData\Local\Temp\VMBuilds\iomanip\STM32_genericSTM32F103C\Release\core.a(HardwareSerial.cpp.o)
                0x08002138                HardwareSerial::begin(unsigned long, unsigned char)
 .text._ZN14HardwareSerial5beginEm
                0x080021b0        0x6 C:\Users\20131\AppData\Local\Temp\VMBuilds\iomanip\STM32_genericSTM32F103C\Release\core.a(HardwareSerial.cpp.o)
                0x080021b0                HardwareSerial::begin(unsigned long)
 .text.startup._Z7premainv
                0x080021b6        0x4 C:\Users\20131\AppData\Local\Temp\VMBuilds\iomanip\STM32_genericSTM32F103C\Release\core.a(main.cpp.o)
                0x080021b6                premain()
 .text.startup.main
                0x080021ba        0xc C:\Users\20131\AppData\Local\Temp\VMBuilds\iomanip\STM32_genericSTM32F103C\Release\core.a(main.cpp.o)
                0x080021ba                main
 .text._ZN5Print5writeEPKvm
                0x080021c6       0x20 C:\Users\20131\AppData\Local\Temp\VMBuilds\iomanip\STM32_genericSTM32F103C\Release\core.a(Print.cpp.o)
                0x080021c6                Print::write(void const*, unsigned long)
 .text._ZN5Print5writeEPKc
                0x080021e6       0x1e C:\Users\20131\AppData\Local\Temp\VMBuilds\iomanip\STM32_genericSTM32F103C\Release\core.a(Print.cpp.o)
                0x080021e6                Print::write(char const*)
 .text._ZN5Print5printEc
                0x08002204        0xa C:\Users\20131\AppData\Local\Temp\VMBuilds\iomanip\STM32_genericSTM32F103C\Release\core.a(Print.cpp.o)
                0x08002204                Print::print(char)
 .text._ZN5Print5printEPKc
                0x0800220e        0xa C:\Users\20131\AppData\Local\Temp\VMBuilds\iomanip\STM32_genericSTM32F103C\Release\core.a(Print.cpp.o)
                0x0800220e                Print::print(char const*)
 .text._ZN5Print7printlnEv
                0x08002218       0x18 C:\Users\20131\AppData\Local\Temp\VMBuilds\iomanip\STM32_genericSTM32F103C\Release\core.a(Print.cpp.o)
                0x08002218                Print::println()
 .text._ZN5Print7printlnEPKc
                0x08002230       0x14 C:\Users\20131\AppData\Local\Temp\VMBuilds\iomanip\STM32_genericSTM32F103C\Release\core.a(Print.cpp.o)
                0x08002230                Print::println(char const*)
 .text._ZL6microsv
                0x08002244       0x34 C:\Users\20131\AppData\Local\Temp\VMBuilds\iomanip\STM32_genericSTM32F103C\Release\core.a(wirish_time.cpp.o)
 .text._Z5delaym
                0x08002278       0x2a C:\Users\20131\AppData\Local\Temp\VMBuilds\iomanip\STM32_genericSTM32F103C\Release\core.a(wirish_time.cpp.o)
                0x08002278                delay(unsigned long)
 .text.__empty  0x080022a2        0x2 C:\Users\20131\AppData\Local\Temp\VMBuilds\iomanip\STM32_genericSTM32F103C\Release\core.a(hooks.c.o)
                0x080022a2                yield
 .text.gpio_init
                0x080022a4       0x14 C:\Users\20131\AppData\Local\Temp\VMBuilds\iomanip\STM32_genericSTM32F103C\Release\core.a(gpio.c.o)
                0x080022a4                gpio_init
 .text.i2c_start_condition
                0x080022b8       0x14 C:\Users\20131\AppData\Local\Temp\VMBuilds\iomanip\STM32_genericSTM32F103C\Release\core.a(i2c.c.o)
 .text.i2c_stop_condition
                0x080022cc       0x1c C:\Users\20131\AppData\Local\Temp\VMBuilds\iomanip\STM32_genericSTM32F103C\Release\core.a(i2c.c.o)
 .text._i2c_irq_handler
                0x080022e8      0x16c C:\Users\20131\AppData\Local\Temp\VMBuilds\iomanip\STM32_genericSTM32F103C\Release\core.a(i2c.c.o)
                0x080022e8                _i2c_irq_handler
 .text._i2c_irq_error_handler
                0x08002454       0x2a C:\Users\20131\AppData\Local\Temp\VMBuilds\iomanip\STM32_genericSTM32F103C\Release\core.a(i2c.c.o)
                0x08002454                _i2c_irq_error_handler
 *fill*         0x0800247e        0x2 
 .text.usart_init
                0x08002480       0x4c C:\Users\20131\AppData\Local\Temp\VMBuilds\iomanip\STM32_genericSTM32F103C\Release\core.a(usart.c.o)
                0x08002480                usart_init
 .text.usart_enable
                0x080024cc       0x14 C:\Users\20131\AppData\Local\Temp\VMBuilds\iomanip\STM32_genericSTM32F103C\Release\core.a(usart.c.o)
                0x080024cc                usart_enable
 .text.usart_tx
                0x080024e0       0x9c C:\Users\20131\AppData\Local\Temp\VMBuilds\iomanip\STM32_genericSTM32F103C\Release\core.a(usart.c.o)
                0x080024e0                usart_tx
 .text.usart_putudec
                0x0800257c       0x44 C:\Users\20131\AppData\Local\Temp\VMBuilds\iomanip\STM32_genericSTM32F103C\Release\core.a(usart.c.o)
                0x0800257c                usart_putudec
 .text.exit     0x080025c0       0x20 c:/users/20131/appdata/local/arduino15/packages/arduino/tools/arm-none-eabi-gcc/4.8.3-2014q1/bin/../lib/gcc/arm-none-eabi/4.8.3/../../../../arm-none-eabi/lib/armv7-m\libc.a(lib_a-exit.o)
                0x080025c0                exit
 .text.__libc_init_array
                0x080025e0       0x50 c:/users/20131/appdata/local/arduino15/packages/arduino/tools/arm-none-eabi-gcc/4.8.3-2014q1/bin/../lib/gcc/arm-none-eabi/4.8.3/../../../../arm-none-eabi/lib/armv7-m\libc.a(lib_a-init.o)
                0x080025e0                __libc_init_array
 .text.strlen   0x08002630       0x60 c:/users/20131/appdata/local/arduino15/packages/arduino/tools/arm-none-eabi-gcc/4.8.3-2014q1/bin/../lib/gcc/arm-none-eabi/4.8.3/../../../../arm-none-eabi/lib/armv7-m\libc.a(lib_a-strlen.o)
                0x08002630                strlen
 .text.startup.register_fini
                0x08002690       0x14 c:/users/20131/appdata/local/arduino15/packages/arduino/tools/arm-none-eabi-gcc/4.8.3-2014q1/bin/../lib/gcc/arm-none-eabi/4.8.3/../../../../arm-none-eabi/lib/armv7-m\libc.a(lib_a-__call_atexit.o)
 .text.__call_exitprocs
                0x080026a4       0xf0 c:/users/20131/appdata/local/arduino15/packages/arduino/tools/arm-none-eabi-gcc/4.8.3-2014q1/bin/../lib/gcc/arm-none-eabi/4.8.3/../../../../arm-none-eabi/lib/armv7-m\libc.a(lib_a-__call_atexit.o)
                0x080026a4                __call_exitprocs
 .text.atexit   0x08002794        0xc c:/users/20131/appdata/local/arduino15/packages/arduino/tools/arm-none-eabi-gcc/4.8.3-2014q1/bin/../lib/gcc/arm-none-eabi/4.8.3/../../../../arm-none-eabi/lib/armv7-m\libc.a(lib_a-atexit.o)
                0x08002794                atexit
 .text.__libc_fini_array
                0x080027a0       0x30 c:/users/20131/appdata/local/arduino15/packages/arduino/tools/arm-none-eabi-gcc/4.8.3-2014q1/bin/../lib/gcc/arm-none-eabi/4.8.3/../../../../arm-none-eabi/lib/armv7-m\libc.a(lib_a-fini.o)
                0x080027a0                __libc_fini_array
 .text.__register_exitproc
                0x080027d0       0xa8 c:/users/20131/appdata/local/arduino15/packages/arduino/tools/arm-none-eabi-gcc/4.8.3-2014q1/bin/../lib/gcc/arm-none-eabi/4.8.3/../../../../arm-none-eabi/lib/armv7-m\libc.a(lib_a-__atexit.o)
                0x080027d0                __register_exitproc
 *(.plt)
 *(.gnu.warning)
 *(.glue_7t)
 .glue_7t       0x00000000        0x0 linker stubs
 *(.glue_7)
 .glue_7        0x00000000        0x0 linker stubs
 *(.vfp11_veneer)
 .vfp11_veneer  0x00000000        0x0 linker stubs
 *(.ARM.extab* .gnu.linkonce.armextab.*)
 *(.gcc_except_table)
 *(.eh_frame_hdr)
 *(.eh_frame)
 .eh_frame      0x08002878        0x0 c:/users/20131/appdata/local/arduino15/packages/arduino/tools/arm-none-eabi-gcc/4.8.3-2014q1/bin/../lib/gcc/arm-none-eabi/4.8.3/armv7-m/crtbegin.o
                0x08002878                . = ALIGN (0x4)
 *(.init)
 .init          0x08002878        0x4 c:/users/20131/appdata/local/arduino15/packages/arduino/tools/arm-none-eabi-gcc/4.8.3-2014q1/bin/../lib/gcc/arm-none-eabi/4.8.3/armv7-m/crti.o
                0x08002878                _init
 .init          0x0800287c        0x8 c:/users/20131/appdata/local/arduino15/packages/arduino/tools/arm-none-eabi-gcc/4.8.3-2014q1/bin/../lib/gcc/arm-none-eabi/4.8.3/armv7-m/crtn.o
                0x08002884                . = ALIGN (0x4)
                0x08002884                __preinit_array_start = .
 *(.preinit_array)
                0x08002884                __preinit_array_end = .
                0x08002884                . = ALIGN (0x4)
                0x08002884                __init_array_start = .
 *(SORT(.init_array.*))
 .init_array.00000
                0x08002884        0x4 c:/users/20131/appdata/local/arduino15/packages/arduino/tools/arm-none-eabi-gcc/4.8.3-2014q1/bin/../lib/gcc/arm-none-eabi/4.8.3/../../../../arm-none-eabi/lib/armv7-m\libc.a(lib_a-__call_atexit.o)
 .init_array.00101
                0x08002888        0x4 C:\Users\20131\AppData\Local\Temp\VMBuilds\iomanip\STM32_genericSTM32F103C\Release\core.a(main.cpp.o)
 *(.init_array)
 .init_array    0x0800288c        0x4 c:/users/20131/appdata/local/arduino15/packages/arduino/tools/arm-none-eabi-gcc/4.8.3-2014q1/bin/../lib/gcc/arm-none-eabi/4.8.3/armv7-m/crtbegin.o
 .init_array    0x08002890        0x4 C:\Users\20131\AppData\Local\Temp\VMBCore\arduino16x\7c3dd42e408ebb1ce4dae06851a5a8aa\variant\board.cpp.o
                0x08002894                __init_array_end = .
                0x08002894                . = ALIGN (0x4)
 *crtbegin.o(.ctors)
 *(EXCLUDE_FILE(*crtend.o) .ctors)
 *(SORT(.ctors.*))
 *crtend.o(.ctors)
                0x08002894                . = ALIGN (0x4)
 *(.fini)
 .fini          0x08002894        0x4 c:/users/20131/appdata/local/arduino15/packages/arduino/tools/arm-none-eabi-gcc/4.8.3-2014q1/bin/../lib/gcc/arm-none-eabi/4.8.3/armv7-m/crti.o
                0x08002894                _fini
 .fini          0x08002898        0x8 c:/users/20131/appdata/local/arduino15/packages/arduino/tools/arm-none-eabi-gcc/4.8.3-2014q1/bin/../lib/gcc/arm-none-eabi/4.8.3/armv7-m/crtn.o
                0x080028a0                . = ALIGN (0x4)
                0x080028a0                __fini_array_start = .
 *(.fini_array)
 .fini_array    0x080028a0        0x4 c:/users/20131/appdata/local/arduino15/packages/arduino/tools/arm-none-eabi-gcc/4.8.3-2014q1/bin/../lib/gcc/arm-none-eabi/4.8.3/armv7-m/crtbegin.o
 *(SORT(.fini_array.*))
                0x080028a4                __fini_array_end = .
 *crtbegin.o(.dtors)
 *(EXCLUDE_FILE(*crtend.o) .dtors)
 *(SORT(.dtors.*))
 *crtend.o(.dtors)

.v4_bx          0x080028a4        0x0
 .v4_bx         0x00000000        0x0 linker stubs

.iplt           0x080028a4        0x0
 .iplt          0x00000000        0x0 c:/users/20131/appdata/local/arduino15/packages/arduino/tools/arm-none-eabi-gcc/4.8.3-2014q1/bin/../lib/gcc/arm-none-eabi/4.8.3/armv7-m/crtbegin.o

.text.align     0x080028a4        0x4
                0x080028a8                . = ALIGN (0x8)
 *fill*         0x080028a4        0x4 
                0x080028a8                __text_end__ = .
                0x080028a8                __exidx_start = .

.ARM.exidx      0x080028a8        0x8
 *(.ARM.exidx* .gnu.linkonce.armexidx.*)
 .ARM.exidx     0x080028a8        0x8 C:\Users\20131\AppData\Local\Temp\VMBCore\arduino16x\7c3dd42e408ebb1ce4dae06851a5a8aa\variant\start.S.o
                0x080028b0                __exidx_end = .

.data           0x20000000      0x808 load address 0x080028b0
                0x20000000                __data_start__ = .
                0x20000000        0x4 LONG 0x0
                0x20000008                . = ALIGN (0x8)
 *fill*         0x20000004        0x4 
 *(.got.plt)
 *(.got)
 *(.data .data.* .gnu.linkonce.d.*)
 .data._ZN6wirish4privL8pll_dataE
                0x20000008        0x4 C:\Users\20131\AppData\Local\Temp\VMBCore\arduino16x\7c3dd42e408ebb1ce4dae06851a5a8aa\variant\boards_setup.cpp.o
 .data._ZN6wirish4priv9w_adc_smpE
                0x2000000c        0x1 C:\Users\20131\AppData\Local\Temp\VMBCore\arduino16x\7c3dd42e408ebb1ce4dae06851a5a8aa\variant\boards_setup.cpp.o
                0x2000000c                wirish::priv::w_adc_smp
 *fill*         0x2000000d        0x1 
 .data._ZN6wirish4priv9w_adc_preE
                0x2000000e        0x2 C:\Users\20131\AppData\Local\Temp\VMBCore\arduino16x\7c3dd42e408ebb1ce4dae06851a5a8aa\variant\boards_setup.cpp.o
                0x2000000e                wirish::priv::w_adc_pre
 .data._ZN6wirish4priv15w_board_pll_cfgE
                0x20000010        0x8 C:\Users\20131\AppData\Local\Temp\VMBCore\arduino16x\7c3dd42e408ebb1ce4dae06851a5a8aa\variant\boards_setup.cpp.o
                0x20000010                wirish::priv::w_board_pll_cfg
 .data.adc2     0x20000018        0x8 C:\Users\20131\AppData\Local\Temp\VMBuilds\iomanip\STM32_genericSTM32F103C\Release\core.a(adc_f1.c.o)
                0x20000018                adc2
 .data.adc1     0x20000020       0x18 C:\Users\20131\AppData\Local\Temp\VMBuilds\iomanip\STM32_genericSTM32F103C\Release\core.a(adc_f1.c.o)
                0x20000020                adc1
 .data.ADC2     0x20000038        0x4 C:\Users\20131\AppData\Local\Temp\VMBuilds\iomanip\STM32_genericSTM32F103C\Release\core.a(adc_f1.c.o)
                0x20000038                ADC2
 .data.ADC1     0x2000003c        0x4 C:\Users\20131\AppData\Local\Temp\VMBuilds\iomanip\STM32_genericSTM32F103C\Release\core.a(adc_f1.c.o)
                0x2000003c                ADC1
 .data.dma1     0x20000040       0x40 C:\Users\20131\AppData\Local\Temp\VMBuilds\iomanip\STM32_genericSTM32F103C\Release\core.a(dma_f1.c.o)
 .data.DMA1     0x20000080        0x4 C:\Users\20131\AppData\Local\Temp\VMBuilds\iomanip\STM32_genericSTM32F103C\Release\core.a(dma_f1.c.o)
                0x20000080                DMA1
 .data.gpioa    0x20000084        0x8 C:\Users\20131\AppData\Local\Temp\VMBuilds\iomanip\STM32_genericSTM32F103C\Release\core.a(gpio_f1.c.o)
                0x20000084                gpioa
 .data.gpiob    0x2000008c        0x8 C:\Users\20131\AppData\Local\Temp\VMBuilds\iomanip\STM32_genericSTM32F103C\Release\core.a(gpio_f1.c.o)
                0x2000008c                gpiob
 .data.gpioc    0x20000094        0x8 C:\Users\20131\AppData\Local\Temp\VMBuilds\iomanip\STM32_genericSTM32F103C\Release\core.a(gpio_f1.c.o)
                0x20000094                gpioc
 .data.gpiod    0x2000009c        0x8 C:\Users\20131\AppData\Local\Temp\VMBuilds\iomanip\STM32_genericSTM32F103C\Release\core.a(gpio_f1.c.o)
                0x2000009c                gpiod
 .data.i2c1     0x200000a4       0x24 C:\Users\20131\AppData\Local\Temp\VMBuilds\iomanip\STM32_genericSTM32F103C\Release\core.a(i2c_f1.c.o)
 .data.i2c2     0x200000c8       0x24 C:\Users\20131\AppData\Local\Temp\VMBuilds\iomanip\STM32_genericSTM32F103C\Release\core.a(i2c_f1.c.o)
 .data.enable_regs.4411
                0x200000ec        0xc C:\Users\20131\AppData\Local\Temp\VMBuilds\iomanip\STM32_genericSTM32F103C\Release\core.a(rcc_f1.c.o)
 .data.reset_regs.4415
                0x200000f8        0x8 C:\Users\20131\AppData\Local\Temp\VMBuilds\iomanip\STM32_genericSTM32F103C\Release\core.a(rcc_f1.c.o)
 .data.enable_regs.4424
                0x20000100        0xc C:\Users\20131\AppData\Local\Temp\VMBuilds\iomanip\STM32_genericSTM32F103C\Release\core.a(rcc_f1.c.o)
 .data.timer3   0x2000010c       0x24 C:\Users\20131\AppData\Local\Temp\VMBuilds\iomanip\STM32_genericSTM32F103C\Release\core.a(timer.c.o)
                0x2000010c                timer3
 .data.timer4   0x20000130       0x24 C:\Users\20131\AppData\Local\Temp\VMBuilds\iomanip\STM32_genericSTM32F103C\Release\core.a(timer.c.o)
                0x20000130                timer4
 .data.timer1   0x20000154       0x28 C:\Users\20131\AppData\Local\Temp\VMBuilds\iomanip\STM32_genericSTM32F103C\Release\core.a(timer.c.o)
                0x20000154                timer1
 .data.timer2   0x2000017c       0x24 C:\Users\20131\AppData\Local\Temp\VMBuilds\iomanip\STM32_genericSTM32F103C\Release\core.a(timer.c.o)
                0x2000017c                timer2
 .data.USART1   0x200001a0        0x4 C:\Users\20131\AppData\Local\Temp\VMBuilds\iomanip\STM32_genericSTM32F103C\Release\core.a(usart_f1.c.o)
                0x200001a0                USART1
 .data.USART2   0x200001a4        0x4 C:\Users\20131\AppData\Local\Temp\VMBuilds\iomanip\STM32_genericSTM32F103C\Release\core.a(usart_f1.c.o)
                0x200001a4                USART2
 .data.USART3   0x200001a8        0x4 C:\Users\20131\AppData\Local\Temp\VMBuilds\iomanip\STM32_genericSTM32F103C\Release\core.a(usart_f1.c.o)
                0x200001a8                USART3
 .data.usart1   0x200001ac       0x94 C:\Users\20131\AppData\Local\Temp\VMBuilds\iomanip\STM32_genericSTM32F103C\Release\core.a(usart_f1.c.o)
 .data.usart2   0x20000240       0x94 C:\Users\20131\AppData\Local\Temp\VMBuilds\iomanip\STM32_genericSTM32F103C\Release\core.a(usart_f1.c.o)
 .data.usart3   0x200002d4       0x94 C:\Users\20131\AppData\Local\Temp\VMBuilds\iomanip\STM32_genericSTM32F103C\Release\core.a(usart_f1.c.o)
 .data.USBLIB   0x20000368        0x4 C:\Users\20131\AppData\Local\Temp\VMBuilds\iomanip\STM32_genericSTM32F103C\Release\core.a(usb.c.o)
                0x20000368                USBLIB
 .data.usblib   0x2000036c       0x10 C:\Users\20131\AppData\Local\Temp\VMBuilds\iomanip\STM32_genericSTM32F103C\Release\core.a(usb.c.o)
 .data.Config_Descriptor
                0x2000037c        0x8 C:\Users\20131\AppData\Local\Temp\VMBuilds\iomanip\STM32_genericSTM32F103C\Release\core.a(usb_cdcacm.c.o)
 .data.Device_Property
                0x20000384       0x30 C:\Users\20131\AppData\Local\Temp\VMBuilds\iomanip\STM32_genericSTM32F103C\Release\core.a(usb_cdcacm.c.o)
                0x20000384                Device_Property
 .data.String_Descriptor
                0x200003b4       0x18 C:\Users\20131\AppData\Local\Temp\VMBuilds\iomanip\STM32_genericSTM32F103C\Release\core.a(usb_cdcacm.c.o)
 .data.line_coding
                0x200003cc        0x7 C:\Users\20131\AppData\Local\Temp\VMBuilds\iomanip\STM32_genericSTM32F103C\Release\core.a(usb_cdcacm.c.o)
 *fill*         0x200003d3        0x1 
 .data.Device_Descriptor
                0x200003d4        0x8 C:\Users\20131\AppData\Local\Temp\VMBuilds\iomanip\STM32_genericSTM32F103C\Release\core.a(usb_cdcacm.c.o)
 .data.Device_Table
                0x200003dc        0x2 C:\Users\20131\AppData\Local\Temp\VMBuilds\iomanip\STM32_genericSTM32F103C\Release\core.a(usb_cdcacm.c.o)
                0x200003dc                Device_Table
 *fill*         0x200003de        0x2 
 .data.impure_data
                0x200003e0      0x428 c:/users/20131/appdata/local/arduino15/packages/arduino/tools/arm-none-eabi-gcc/4.8.3-2014q1/bin/../lib/gcc/arm-none-eabi/4.8.3/../../../../arm-none-eabi/lib/armv7-m\libc.a(lib_a-impure.o)
                0x20000808                . = ALIGN (0x8)
                0x20000808                __data_end__ = .

.jcr            0x20000808        0x0 load address 0x080030b8
 .jcr           0x20000808        0x0 c:/users/20131/appdata/local/arduino15/packages/arduino/tools/arm-none-eabi-gcc/4.8.3-2014q1/bin/../lib/gcc/arm-none-eabi/4.8.3/armv7-m/crtbegin.o

.igot.plt       0x20000808        0x0 load address 0x080030b8
 .igot.plt      0x00000000        0x0 c:/users/20131/appdata/local/arduino15/packages/arduino/tools/arm-none-eabi-gcc/4.8.3-2014q1/bin/../lib/gcc/arm-none-eabi/4.8.3/armv7-m/crtbegin.o

.rodata         0x080030b8      0x4f4
 *(.rodata .rodata.* .gnu.linkonce.r.*)
 .rodata.str1.1
                0x080030b8        0xd iomanip.cpp.o
 *fill*         0x080030c5        0x3 
 .rodata.PIN_MAP
                0x080030c8      0x230 C:\Users\20131\AppData\Local\Temp\VMBCore\arduino16x\7c3dd42e408ebb1ce4dae06851a5a8aa\variant\board.cpp.o
                0x080030c8                PIN_MAP
 .rodata.GPIOC  0x080032f8        0x4 C:\Users\20131\AppData\Local\Temp\VMBuilds\iomanip\STM32_genericSTM32F103C\Release\core.a(gpio_f1.c.o)
                0x080032f8                GPIOC
 .rodata.str1.1
                0x080032fc       0x70 C:\Users\20131\AppData\Local\Temp\VMBuilds\iomanip\STM32_genericSTM32F103C\Release\core.a(rcc_f1.c.o)
 .rodata.rcc_dev_table
                0x0800336c       0x5c C:\Users\20131\AppData\Local\Temp\VMBuilds\iomanip\STM32_genericSTM32F103C\Release\core.a(rcc_f1.c.o)
                0x0800336c                rcc_dev_table
 .rodata.masks.4420
                0x080033c8       0x14 C:\Users\20131\AppData\Local\Temp\VMBuilds\iomanip\STM32_genericSTM32F103C\Release\core.a(rcc_f1.c.o)
 .rodata.str1.1
                0x080033dc       0x71 C:\Users\20131\AppData\Local\Temp\VMBuilds\iomanip\STM32_genericSTM32F103C\Release\core.a(timer.c.o)
 .rodata.str1.1
                0x0800344d       0x3f C:\Users\20131\AppData\Local\Temp\VMBuilds\iomanip\STM32_genericSTM32F103C\Release\core.a(util.c.o)
                                 0x42 (size before relaxing)
 .rodata.str1.1
                0x0800348c       0x71 C:\Users\20131\AppData\Local\Temp\VMBuilds\iomanip\STM32_genericSTM32F103C\Release\core.a(usb.c.o)
 .rodata.usbVcomDescriptor_iProduct
                0x080034fd        0xc C:\Users\20131\AppData\Local\Temp\VMBuilds\iomanip\STM32_genericSTM32F103C\Release\core.a(usb_cdcacm.c.o)
 .rodata.usbVcomDescriptor_iManufacturer
                0x08003509       0x12 C:\Users\20131\AppData\Local\Temp\VMBuilds\iomanip\STM32_genericSTM32F103C\Release\core.a(usb_cdcacm.c.o)
 .rodata.usbVcomDescriptor_Device
                0x0800351b       0x12 C:\Users\20131\AppData\Local\Temp\VMBuilds\iomanip\STM32_genericSTM32F103C\Release\core.a(usb_cdcacm.c.o)
 .rodata.usbVcomDescriptor_Config
                0x0800352d       0x43 C:\Users\20131\AppData\Local\Temp\VMBuilds\iomanip\STM32_genericSTM32F103C\Release\core.a(usb_cdcacm.c.o)
 .rodata.usbVcomDescriptor_LangID
                0x08003570        0x4 C:\Users\20131\AppData\Local\Temp\VMBuilds\iomanip\STM32_genericSTM32F103C\Release\core.a(usb_cdcacm.c.o)
 *fill*         0x08003574        0x4 
 .rodata._ZTV14HardwareSerial
                0x08003578       0x28 C:\Users\20131\AppData\Local\Temp\VMBuilds\iomanip\STM32_genericSTM32F103C\Release\core.a(HardwareSerial.cpp.o)
                0x08003578                vtable for HardwareSerial
 .rodata.str1.4
                0x080035a0        0x4 c:/users/20131/appdata/local/arduino15/packages/arduino/tools/arm-none-eabi-gcc/4.8.3-2014q1/bin/../lib/gcc/arm-none-eabi/4.8.3/../../../../arm-none-eabi/lib/armv7-m\libc.a(lib_a-impure.o)
 .rodata._global_impure_ptr
                0x080035a4        0x4 c:/users/20131/appdata/local/arduino15/packages/arduino/tools/arm-none-eabi-gcc/4.8.3-2014q1/bin/../lib/gcc/arm-none-eabi/4.8.3/../../../../arm-none-eabi/lib/armv7-m\libc.a(lib_a-impure.o)
                0x080035a4                _global_impure_ptr
 *(.USER_FLASH)
                0x080035a8                . = ALIGN (0x4)
                0x080035a8                _lm_rom_img_cfgp = .
                0x080035a8        0x4 LONG 0x80028b0 LOADADDR (.data)
                0x20000998                _lm_heap_start = DEFINED (_lm_heap_start)?_lm_heap_start:_end
                0x20005000                _lm_heap_end = DEFINED (_lm_heap_end)?_lm_heap_end:__msp_init

.rel.dyn        0x080035ac        0x0
 .rel.iplt      0x00000000        0x0 c:/users/20131/appdata/local/arduino15/packages/arduino/tools/arm-none-eabi-gcc/4.8.3-2014q1/bin/../lib/gcc/arm-none-eabi/4.8.3/armv7-m/crtbegin.o

.bss            0x20000808      0x190
                0x20000808                . = ALIGN (0x8)
                0x20000808                __bss_start__ = .
 *(.bss .bss.* .gnu.linkonce.b.*)
 .bss           0x20000808       0x1c c:/users/20131/appdata/local/arduino15/packages/arduino/tools/arm-none-eabi-gcc/4.8.3-2014q1/bin/../lib/gcc/arm-none-eabi/4.8.3/armv7-m/crtbegin.o
 .bss.Serial    0x20000824       0x18 C:\Users\20131\AppData\Local\Temp\VMBCore\arduino16x\7c3dd42e408ebb1ce4dae06851a5a8aa\variant\board.cpp.o
                0x20000824                Serial
 .bss.Serial1   0x2000083c       0x18 C:\Users\20131\AppData\Local\Temp\VMBCore\arduino16x\7c3dd42e408ebb1ce4dae06851a5a8aa\variant\board.cpp.o
                0x2000083c                Serial1
 .bss.Serial2   0x20000854       0x18 C:\Users\20131\AppData\Local\Temp\VMBCore\arduino16x\7c3dd42e408ebb1ce4dae06851a5a8aa\variant\board.cpp.o
                0x20000854                Serial2
 .bss.exti_channels
                0x2000086c       0x80 C:\Users\20131\AppData\Local\Temp\VMBuilds\iomanip\STM32_genericSTM32F103C\Release\core.a(exti.c.o)
 .bss.systick_user_callback
                0x200008ec        0x4 C:\Users\20131\AppData\Local\Temp\VMBuilds\iomanip\STM32_genericSTM32F103C\Release\core.a(systick.c.o)
 .bss.usart1_wb
                0x200008f0        0xc C:\Users\20131\AppData\Local\Temp\VMBuilds\iomanip\STM32_genericSTM32F103C\Release\core.a(usart_f1.c.o)
 .bss.usart1_rb
                0x200008fc        0xc C:\Users\20131\AppData\Local\Temp\VMBuilds\iomanip\STM32_genericSTM32F103C\Release\core.a(usart_f1.c.o)
 .bss.usart2_rb
                0x20000908        0xc C:\Users\20131\AppData\Local\Temp\VMBuilds\iomanip\STM32_genericSTM32F103C\Release\core.a(usart_f1.c.o)
 .bss.usart3_rb
                0x20000914        0xc C:\Users\20131\AppData\Local\Temp\VMBuilds\iomanip\STM32_genericSTM32F103C\Release\core.a(usart_f1.c.o)
 .bss.usart2_wb
                0x20000920        0xc C:\Users\20131\AppData\Local\Temp\VMBuilds\iomanip\STM32_genericSTM32F103C\Release\core.a(usart_f1.c.o)
 .bss.usart3_wb
                0x2000092c        0xc C:\Users\20131\AppData\Local\Temp\VMBuilds\iomanip\STM32_genericSTM32F103C\Release\core.a(usart_f1.c.o)
 .bss.line_dtr_rts
                0x20000938        0x1 C:\Users\20131\AppData\Local\Temp\VMBuilds\iomanip\STM32_genericSTM32F103C\Release\core.a(usb_cdcacm.c.o)
 *fill*         0x20000939        0x3 
 .bss.tx_head   0x2000093c        0x4 C:\Users\20131\AppData\Local\Temp\VMBuilds\iomanip\STM32_genericSTM32F103C\Release\core.a(usb_cdcacm.c.o)
 .bss.transmitting
                0x20000940        0x1 C:\Users\20131\AppData\Local\Temp\VMBuilds\iomanip\STM32_genericSTM32F103C\Release\core.a(usb_cdcacm.c.o)
 *fill*         0x20000941        0x3 
 .bss.rx_tail   0x20000944        0x4 C:\Users\20131\AppData\Local\Temp\VMBuilds\iomanip\STM32_genericSTM32F103C\Release\core.a(usb_cdcacm.c.o)
 .bss.iface_setup_hook
                0x20000948        0x4 C:\Users\20131\AppData\Local\Temp\VMBuilds\iomanip\STM32_genericSTM32F103C\Release\core.a(usb_cdcacm.c.o)
 .bss.rx_head   0x2000094c        0x4 C:\Users\20131\AppData\Local\Temp\VMBuilds\iomanip\STM32_genericSTM32F103C\Release\core.a(usb_cdcacm.c.o)
 .bss.tx_tail   0x20000950        0x4 C:\Users\20131\AppData\Local\Temp\VMBuilds\iomanip\STM32_genericSTM32F103C\Release\core.a(usb_cdcacm.c.o)
 .bss.Data_Mul_MaxPacketSize
                0x20000954        0x1 C:\Users\20131\AppData\Local\Temp\VMBuilds\iomanip\STM32_genericSTM32F103C\Release\core.a(usb_core.c.o)
                0x20000954                Data_Mul_MaxPacketSize
 *(COMMON)
 *fill*         0x20000955        0x3 
 COMMON         0x20000958        0x4 C:\Users\20131\AppData\Local\Temp\VMBuilds\iomanip\STM32_genericSTM32F103C\Release\core.a(systick.c.o)
                0x20000958                systick_uptime_millis
 COMMON         0x2000095c        0x6 C:\Users\20131\AppData\Local\Temp\VMBuilds\iomanip\STM32_genericSTM32F103C\Release\core.a(usb.c.o)
                0x2000095c                SaveRState
                0x2000095e                SaveTState
                0x20000960                ResumeS
 COMMON         0x20000962        0x2 C:\Users\20131\AppData\Local\Temp\VMBuilds\iomanip\STM32_genericSTM32F103C\Release\core.a(usb_core.c.o)
                0x20000962                StatusInfo
 COMMON         0x20000964       0x32 C:\Users\20131\AppData\Local\Temp\VMBuilds\iomanip\STM32_genericSTM32F103C\Release\core.a(usb_init.c.o)
                0x20000964                SaveState
                0x20000968                pProperty
                0x2000096c                EPindex
                0x20000970                Device_Info
                0x2000098c                pUser_Standard_Requests
                0x20000990                pInformation
                0x20000994                wInterrupt_Mask
                0x20000998                . = ALIGN (0x8)
 *fill*         0x20000996        0x2 
                0x20000998                __bss_end__ = .
                0x20000998                _end = __bss_end__

.stab
 *(.stab)

.stabstr
 *(.stabstr)

.debug
 *(.debug)

.line
 *(.line)

.debug_srcinfo
 *(.debug_srcinfo)

.debug_sfnames
 *(.debug_sfnames)

.debug_aranges  0x00000000      0xe28
 *(.debug_aranges)
 .debug_aranges
                0x00000000       0x30 iomanip.cpp.o
 .debug_aranges
                0x00000030       0x28 C:\Users\20131\AppData\Local\Temp\VMBCore\arduino16x\7c3dd42e408ebb1ce4dae06851a5a8aa\variant\board.cpp.o
 .debug_aranges
                0x00000058       0x40 C:\Users\20131\AppData\Local\Temp\VMBCore\arduino16x\7c3dd42e408ebb1ce4dae06851a5a8aa\variant\boards.cpp.o
 .debug_aranges
                0x00000098       0x40 C:\Users\20131\AppData\Local\Temp\VMBCore\arduino16x\7c3dd42e408ebb1ce4dae06851a5a8aa\variant\boards_setup.cpp.o
 .debug_aranges
                0x000000d8       0x20 C:\Users\20131\AppData\Local\Temp\VMBCore\arduino16x\7c3dd42e408ebb1ce4dae06851a5a8aa\variant\start.S.o
 .debug_aranges
                0x000000f8       0x20 C:\Users\20131\AppData\Local\Temp\VMBCore\arduino16x\7c3dd42e408ebb1ce4dae06851a5a8aa\variant\start_c.c.o
 .debug_aranges
                0x00000118       0x88 C:\Users\20131\AppData\Local\Temp\VMBCore\arduino16x\7c3dd42e408ebb1ce4dae06851a5a8aa\variant\syscalls.c.o
 .debug_aranges
                0x000001a0       0x20 C:\Users\20131\AppData\Local\Temp\VMBuilds\iomanip\STM32_genericSTM32F103C\Release\core.a(exc.S.o)
 .debug_aranges
                0x000001c0       0x20 C:\Users\20131\AppData\Local\Temp\VMBuilds\iomanip\STM32_genericSTM32F103C\Release\core.a(isrs.S.o)
 .debug_aranges
                0x000001e0       0x38 C:\Users\20131\AppData\Local\Temp\VMBuilds\iomanip\STM32_genericSTM32F103C\Release\core.a(adc.c.o)
 .debug_aranges
                0x00000218       0x58 C:\Users\20131\AppData\Local\Temp\VMBuilds\iomanip\STM32_genericSTM32F103C\Release\core.a(adc_f1.c.o)
 .debug_aranges
                0x00000270       0xa8 C:\Users\20131\AppData\Local\Temp\VMBuilds\iomanip\STM32_genericSTM32F103C\Release\core.a(dma_f1.c.o)
 .debug_aranges
                0x00000318       0x70 C:\Users\20131\AppData\Local\Temp\VMBuilds\iomanip\STM32_genericSTM32F103C\Release\core.a(exti.c.o)
 .debug_aranges
                0x00000388       0x20 C:\Users\20131\AppData\Local\Temp\VMBuilds\iomanip\STM32_genericSTM32F103C\Release\core.a(exti_f1.c.o)
 .debug_aranges
                0x000003a8       0x20 C:\Users\20131\AppData\Local\Temp\VMBuilds\iomanip\STM32_genericSTM32F103C\Release\core.a(flash.c.o)
 .debug_aranges
                0x000003c8       0x40 C:\Users\20131\AppData\Local\Temp\VMBuilds\iomanip\STM32_genericSTM32F103C\Release\core.a(gpio_f1.c.o)
 .debug_aranges
                0x00000408       0x50 C:\Users\20131\AppData\Local\Temp\VMBuilds\iomanip\STM32_genericSTM32F103C\Release\core.a(i2c_f1.c.o)
 .debug_aranges
                0x00000458       0x38 C:\Users\20131\AppData\Local\Temp\VMBuilds\iomanip\STM32_genericSTM32F103C\Release\core.a(nvic.c.o)
 .debug_aranges
                0x00000490       0x48 C:\Users\20131\AppData\Local\Temp\VMBuilds\iomanip\STM32_genericSTM32F103C\Release\core.a(rcc.c.o)
 .debug_aranges
                0x000004d8       0x48 C:\Users\20131\AppData\Local\Temp\VMBuilds\iomanip\STM32_genericSTM32F103C\Release\core.a(rcc_f1.c.o)
 .debug_aranges
                0x00000520       0x40 C:\Users\20131\AppData\Local\Temp\VMBuilds\iomanip\STM32_genericSTM32F103C\Release\core.a(systick.c.o)
 .debug_aranges
                0x00000560       0xa8 C:\Users\20131\AppData\Local\Temp\VMBuilds\iomanip\STM32_genericSTM32F103C\Release\core.a(timer.c.o)
 .debug_aranges
                0x00000608       0x58 C:\Users\20131\AppData\Local\Temp\VMBuilds\iomanip\STM32_genericSTM32F103C\Release\core.a(usart_f1.c.o)
 .debug_aranges
                0x00000660       0x20 C:\Users\20131\AppData\Local\Temp\VMBuilds\iomanip\STM32_genericSTM32F103C\Release\core.a(usart_private.c.o)
 .debug_aranges
                0x00000680       0x50 C:\Users\20131\AppData\Local\Temp\VMBuilds\iomanip\STM32_genericSTM32F103C\Release\core.a(util.c.o)
 .debug_aranges
                0x000006d0       0x38 C:\Users\20131\AppData\Local\Temp\VMBuilds\iomanip\STM32_genericSTM32F103C\Release\core.a(usb.c.o)
 .debug_aranges
                0x00000708      0x128 C:\Users\20131\AppData\Local\Temp\VMBuilds\iomanip\STM32_genericSTM32F103C\Release\core.a(usb_cdcacm.c.o)
 .debug_aranges
                0x00000830       0x20 C:\Users\20131\AppData\Local\Temp\VMBuilds\iomanip\STM32_genericSTM32F103C\Release\core.a(usb_reg_map.c.o)
 .debug_aranges
                0x00000850       0x98 C:\Users\20131\AppData\Local\Temp\VMBuilds\iomanip\STM32_genericSTM32F103C\Release\core.a(usb_core.c.o)
 .debug_aranges
                0x000008e8       0x20 C:\Users\20131\AppData\Local\Temp\VMBuilds\iomanip\STM32_genericSTM32F103C\Release\core.a(usb_init.c.o)
 .debug_aranges
                0x00000908       0x28 C:\Users\20131\AppData\Local\Temp\VMBuilds\iomanip\STM32_genericSTM32F103C\Release\core.a(usb_mem.c.o)
 .debug_aranges
                0x00000930      0x1f0 C:\Users\20131\AppData\Local\Temp\VMBuilds\iomanip\STM32_genericSTM32F103C\Release\core.a(usb_regs.c.o)
 .debug_aranges
                0x00000b20       0x70 C:\Users\20131\AppData\Local\Temp\VMBuilds\iomanip\STM32_genericSTM32F103C\Release\core.a(HardwareSerial.cpp.o)
 .debug_aranges
                0x00000b90       0x28 C:\Users\20131\AppData\Local\Temp\VMBuilds\iomanip\STM32_genericSTM32F103C\Release\core.a(main.cpp.o)
 .debug_aranges
                0x00000bb8      0x110 C:\Users\20131\AppData\Local\Temp\VMBuilds\iomanip\STM32_genericSTM32F103C\Release\core.a(Print.cpp.o)
 .debug_aranges
                0x00000cc8       0x30 C:\Users\20131\AppData\Local\Temp\VMBuilds\iomanip\STM32_genericSTM32F103C\Release\core.a(wirish_time.cpp.o)
 .debug_aranges
                0x00000cf8       0x20 C:\Users\20131\AppData\Local\Temp\VMBuilds\iomanip\STM32_genericSTM32F103C\Release\core.a(hooks.c.o)
 .debug_aranges
                0x00000d18       0x28 C:\Users\20131\AppData\Local\Temp\VMBuilds\iomanip\STM32_genericSTM32F103C\Release\core.a(dma.c.o)
 .debug_aranges
                0x00000d40       0x20 C:\Users\20131\AppData\Local\Temp\VMBuilds\iomanip\STM32_genericSTM32F103C\Release\core.a(gpio.c.o)
 .debug_aranges
                0x00000d60       0x60 C:\Users\20131\AppData\Local\Temp\VMBuilds\iomanip\STM32_genericSTM32F103C\Release\core.a(i2c.c.o)
 .debug_aranges
                0x00000dc0       0x48 C:\Users\20131\AppData\Local\Temp\VMBuilds\iomanip\STM32_genericSTM32F103C\Release\core.a(usart.c.o)
 .debug_aranges
                0x00000e08       0x20 C:\Users\20131\AppData\Local\Temp\VMBuilds\iomanip\STM32_genericSTM32F103C\Release\core.a(cxxabi-compat.cpp.o)

.debug_pubnames
 *(.debug_pubnames)

.debug_info     0x00000000    0x1c9fc
 *(.debug_info .gnu.linkonce.wi.*)
 .debug_info    0x00000000     0x1d8a iomanip.cpp.o
 .debug_info    0x00001d8a      0xf2e C:\Users\20131\AppData\Local\Temp\VMBCore\arduino16x\7c3dd42e408ebb1ce4dae06851a5a8aa\variant\board.cpp.o
 .debug_info    0x00002cb8     0x142d C:\Users\20131\AppData\Local\Temp\VMBCore\arduino16x\7c3dd42e408ebb1ce4dae06851a5a8aa\variant\boards.cpp.o
 .debug_info    0x000040e5      0x665 C:\Users\20131\AppData\Local\Temp\VMBCore\arduino16x\7c3dd42e408ebb1ce4dae06851a5a8aa\variant\boards_setup.cpp.o
 .debug_info    0x0000474a       0xb1 C:\Users\20131\AppData\Local\Temp\VMBCore\arduino16x\7c3dd42e408ebb1ce4dae06851a5a8aa\variant\start.S.o
 .debug_info    0x000047fb      0x176 C:\Users\20131\AppData\Local\Temp\VMBCore\arduino16x\7c3dd42e408ebb1ce4dae06851a5a8aa\variant\start_c.c.o
 .debug_info    0x00004971      0x5cd C:\Users\20131\AppData\Local\Temp\VMBCore\arduino16x\7c3dd42e408ebb1ce4dae06851a5a8aa\variant\syscalls.c.o
 .debug_info    0x00004f3e       0xa1 C:\Users\20131\AppData\Local\Temp\VMBuilds\iomanip\STM32_genericSTM32F103C\Release\core.a(exc.S.o)
 .debug_info    0x00004fdf       0xb6 C:\Users\20131\AppData\Local\Temp\VMBuilds\iomanip\STM32_genericSTM32F103C\Release\core.a(isrs.S.o)
 .debug_info    0x00005095      0x79a C:\Users\20131\AppData\Local\Temp\VMBuilds\iomanip\STM32_genericSTM32F103C\Release\core.a(adc.c.o)
 .debug_info    0x0000582f      0xe4a C:\Users\20131\AppData\Local\Temp\VMBuilds\iomanip\STM32_genericSTM32F103C\Release\core.a(adc_f1.c.o)
 .debug_info    0x00006679     0x1c1b C:\Users\20131\AppData\Local\Temp\VMBuilds\iomanip\STM32_genericSTM32F103C\Release\core.a(dma_f1.c.o)
 .debug_info    0x00008294      0xedd C:\Users\20131\AppData\Local\Temp\VMBuilds\iomanip\STM32_genericSTM32F103C\Release\core.a(exti.c.o)
 .debug_info    0x00009171      0x213 C:\Users\20131\AppData\Local\Temp\VMBuilds\iomanip\STM32_genericSTM32F103C\Release\core.a(exti_f1.c.o)
 .debug_info    0x00009384      0x128 C:\Users\20131\AppData\Local\Temp\VMBuilds\iomanip\STM32_genericSTM32F103C\Release\core.a(flash.c.o)
 .debug_info    0x000094ac      0x6d6 C:\Users\20131\AppData\Local\Temp\VMBuilds\iomanip\STM32_genericSTM32F103C\Release\core.a(gpio_f1.c.o)
 .debug_info    0x00009b82      0xbd5 C:\Users\20131\AppData\Local\Temp\VMBuilds\iomanip\STM32_genericSTM32F103C\Release\core.a(i2c_f1.c.o)
 .debug_info    0x0000a757      0x5a2 C:\Users\20131\AppData\Local\Temp\VMBuilds\iomanip\STM32_genericSTM32F103C\Release\core.a(nvic.c.o)
 .debug_info    0x0000acf9      0x556 C:\Users\20131\AppData\Local\Temp\VMBuilds\iomanip\STM32_genericSTM32F103C\Release\core.a(rcc.c.o)
 .debug_info    0x0000b24f      0xbdb C:\Users\20131\AppData\Local\Temp\VMBuilds\iomanip\STM32_genericSTM32F103C\Release\core.a(rcc_f1.c.o)
 .debug_info    0x0000be2a      0x182 C:\Users\20131\AppData\Local\Temp\VMBuilds\iomanip\STM32_genericSTM32F103C\Release\core.a(systick.c.o)
 .debug_info    0x0000bfac     0x1bfc C:\Users\20131\AppData\Local\Temp\VMBuilds\iomanip\STM32_genericSTM32F103C\Release\core.a(timer.c.o)
 .debug_info    0x0000dba8      0xbc4 C:\Users\20131\AppData\Local\Temp\VMBuilds\iomanip\STM32_genericSTM32F103C\Release\core.a(usart_f1.c.o)
 .debug_info    0x0000e76c      0x595 C:\Users\20131\AppData\Local\Temp\VMBuilds\iomanip\STM32_genericSTM32F103C\Release\core.a(usart_private.c.o)
 .debug_info    0x0000ed01      0xad2 C:\Users\20131\AppData\Local\Temp\VMBuilds\iomanip\STM32_genericSTM32F103C\Release\core.a(util.c.o)
 .debug_info    0x0000f7d3      0xd9b C:\Users\20131\AppData\Local\Temp\VMBuilds\iomanip\STM32_genericSTM32F103C\Release\core.a(usb.c.o)
 .debug_info    0x0001056e     0x22d2 C:\Users\20131\AppData\Local\Temp\VMBuilds\iomanip\STM32_genericSTM32F103C\Release\core.a(usb_cdcacm.c.o)
 .debug_info    0x00012840      0x26c C:\Users\20131\AppData\Local\Temp\VMBuilds\iomanip\STM32_genericSTM32F103C\Release\core.a(usb_reg_map.c.o)
 .debug_info    0x00012aac      0xddf C:\Users\20131\AppData\Local\Temp\VMBuilds\iomanip\STM32_genericSTM32F103C\Release\core.a(usb_core.c.o)
 .debug_info    0x0001388b      0x3ed C:\Users\20131\AppData\Local\Temp\VMBuilds\iomanip\STM32_genericSTM32F103C\Release\core.a(usb_init.c.o)
 .debug_info    0x00013c78      0x17b C:\Users\20131\AppData\Local\Temp\VMBuilds\iomanip\STM32_genericSTM32F103C\Release\core.a(usb_mem.c.o)
 .debug_info    0x00013df3      0xc88 C:\Users\20131\AppData\Local\Temp\VMBuilds\iomanip\STM32_genericSTM32F103C\Release\core.a(usb_regs.c.o)
 .debug_info    0x00014a7b     0x29ea C:\Users\20131\AppData\Local\Temp\VMBuilds\iomanip\STM32_genericSTM32F103C\Release\core.a(HardwareSerial.cpp.o)
 .debug_info    0x00017465       0x99 C:\Users\20131\AppData\Local\Temp\VMBuilds\iomanip\STM32_genericSTM32F103C\Release\core.a(main.cpp.o)
 .debug_info    0x000174fe     0x258c C:\Users\20131\AppData\Local\Temp\VMBuilds\iomanip\STM32_genericSTM32F103C\Release\core.a(Print.cpp.o)
 .debug_info    0x00019a8a      0x2c6 C:\Users\20131\AppData\Local\Temp\VMBuilds\iomanip\STM32_genericSTM32F103C\Release\core.a(wirish_time.cpp.o)
 .debug_info    0x00019d50       0x33 C:\Users\20131\AppData\Local\Temp\VMBuilds\iomanip\STM32_genericSTM32F103C\Release\core.a(hooks.c.o)
 .debug_info    0x00019d83      0x6f7 C:\Users\20131\AppData\Local\Temp\VMBuilds\iomanip\STM32_genericSTM32F103C\Release\core.a(dma.c.o)
 .debug_info    0x0001a47a      0x313 C:\Users\20131\AppData\Local\Temp\VMBuilds\iomanip\STM32_genericSTM32F103C\Release\core.a(gpio.c.o)
 .debug_info    0x0001a78d     0x160a C:\Users\20131\AppData\Local\Temp\VMBuilds\iomanip\STM32_genericSTM32F103C\Release\core.a(i2c.c.o)
 .debug_info    0x0001bd97      0xc32 C:\Users\20131\AppData\Local\Temp\VMBuilds\iomanip\STM32_genericSTM32F103C\Release\core.a(usart.c.o)
 .debug_info    0x0001c9c9       0x33 C:\Users\20131\AppData\Local\Temp\VMBuilds\iomanip\STM32_genericSTM32F103C\Release\core.a(cxxabi-compat.cpp.o)

.debug_abbrev   0x00000000     0x56ab
 *(.debug_abbrev)
 .debug_abbrev  0x00000000      0x458 iomanip.cpp.o
 .debug_abbrev  0x00000458      0x1ea C:\Users\20131\AppData\Local\Temp\VMBCore\arduino16x\7c3dd42e408ebb1ce4dae06851a5a8aa\variant\board.cpp.o
 .debug_abbrev  0x00000642      0x3dd C:\Users\20131\AppData\Local\Temp\VMBCore\arduino16x\7c3dd42e408ebb1ce4dae06851a5a8aa\variant\boards.cpp.o
 .debug_abbrev  0x00000a1f      0x196 C:\Users\20131\AppData\Local\Temp\VMBCore\arduino16x\7c3dd42e408ebb1ce4dae06851a5a8aa\variant\boards_setup.cpp.o
 .debug_abbrev  0x00000bb5       0x14 C:\Users\20131\AppData\Local\Temp\VMBCore\arduino16x\7c3dd42e408ebb1ce4dae06851a5a8aa\variant\start.S.o
 .debug_abbrev  0x00000bc9      0x11f C:\Users\20131\AppData\Local\Temp\VMBCore\arduino16x\7c3dd42e408ebb1ce4dae06851a5a8aa\variant\start_c.c.o
 .debug_abbrev  0x00000ce8      0x17e C:\Users\20131\AppData\Local\Temp\VMBCore\arduino16x\7c3dd42e408ebb1ce4dae06851a5a8aa\variant\syscalls.c.o
 .debug_abbrev  0x00000e66       0x14 C:\Users\20131\AppData\Local\Temp\VMBuilds\iomanip\STM32_genericSTM32F103C\Release\core.a(exc.S.o)
 .debug_abbrev  0x00000e7a       0x14 C:\Users\20131\AppData\Local\Temp\VMBuilds\iomanip\STM32_genericSTM32F103C\Release\core.a(isrs.S.o)
 .debug_abbrev  0x00000e8e      0x20b C:\Users\20131\AppData\Local\Temp\VMBuilds\iomanip\STM32_genericSTM32F103C\Release\core.a(adc.c.o)
 .debug_abbrev  0x00001099      0x2e6 C:\Users\20131\AppData\Local\Temp\VMBuilds\iomanip\STM32_genericSTM32F103C\Release\core.a(adc_f1.c.o)
 .debug_abbrev  0x0000137f      0x3ff C:\Users\20131\AppData\Local\Temp\VMBuilds\iomanip\STM32_genericSTM32F103C\Release\core.a(dma_f1.c.o)
 .debug_abbrev  0x0000177e      0x2a5 C:\Users\20131\AppData\Local\Temp\VMBuilds\iomanip\STM32_genericSTM32F103C\Release\core.a(exti.c.o)
 .debug_abbrev  0x00001a23       0xdb C:\Users\20131\AppData\Local\Temp\VMBuilds\iomanip\STM32_genericSTM32F103C\Release\core.a(exti_f1.c.o)
 .debug_abbrev  0x00001afe       0x9f C:\Users\20131\AppData\Local\Temp\VMBuilds\iomanip\STM32_genericSTM32F103C\Release\core.a(flash.c.o)
 .debug_abbrev  0x00001b9d      0x191 C:\Users\20131\AppData\Local\Temp\VMBuilds\iomanip\STM32_genericSTM32F103C\Release\core.a(gpio_f1.c.o)
 .debug_abbrev  0x00001d2e      0x202 C:\Users\20131\AppData\Local\Temp\VMBuilds\iomanip\STM32_genericSTM32F103C\Release\core.a(i2c_f1.c.o)
 .debug_abbrev  0x00001f30      0x1ac C:\Users\20131\AppData\Local\Temp\VMBuilds\iomanip\STM32_genericSTM32F103C\Release\core.a(nvic.c.o)
 .debug_abbrev  0x000020dc      0x17f C:\Users\20131\AppData\Local\Temp\VMBuilds\iomanip\STM32_genericSTM32F103C\Release\core.a(rcc.c.o)
 .debug_abbrev  0x0000225b      0x28c C:\Users\20131\AppData\Local\Temp\VMBuilds\iomanip\STM32_genericSTM32F103C\Release\core.a(rcc_f1.c.o)
 .debug_abbrev  0x000024e7      0x10f C:\Users\20131\AppData\Local\Temp\VMBuilds\iomanip\STM32_genericSTM32F103C\Release\core.a(systick.c.o)
 .debug_abbrev  0x000025f6      0x46a C:\Users\20131\AppData\Local\Temp\VMBuilds\iomanip\STM32_genericSTM32F103C\Release\core.a(timer.c.o)
 .debug_abbrev  0x00002a60      0x292 C:\Users\20131\AppData\Local\Temp\VMBuilds\iomanip\STM32_genericSTM32F103C\Release\core.a(usart_f1.c.o)
 .debug_abbrev  0x00002cf2      0x144 C:\Users\20131\AppData\Local\Temp\VMBuilds\iomanip\STM32_genericSTM32F103C\Release\core.a(usart_private.c.o)
 .debug_abbrev  0x00002e36      0x2c9 C:\Users\20131\AppData\Local\Temp\VMBuilds\iomanip\STM32_genericSTM32F103C\Release\core.a(util.c.o)
 .debug_abbrev  0x000030ff      0x343 C:\Users\20131\AppData\Local\Temp\VMBuilds\iomanip\STM32_genericSTM32F103C\Release\core.a(usb.c.o)
 .debug_abbrev  0x00003442      0x47d C:\Users\20131\AppData\Local\Temp\VMBuilds\iomanip\STM32_genericSTM32F103C\Release\core.a(usb_cdcacm.c.o)
 .debug_abbrev  0x000038bf      0x193 C:\Users\20131\AppData\Local\Temp\VMBuilds\iomanip\STM32_genericSTM32F103C\Release\core.a(usb_reg_map.c.o)
 .debug_abbrev  0x00003a52      0x3a6 C:\Users\20131\AppData\Local\Temp\VMBuilds\iomanip\STM32_genericSTM32F103C\Release\core.a(usb_core.c.o)
 .debug_abbrev  0x00003df8      0x101 C:\Users\20131\AppData\Local\Temp\VMBuilds\iomanip\STM32_genericSTM32F103C\Release\core.a(usb_init.c.o)
 .debug_abbrev  0x00003ef9       0x90 C:\Users\20131\AppData\Local\Temp\VMBuilds\iomanip\STM32_genericSTM32F103C\Release\core.a(usb_mem.c.o)
 .debug_abbrev  0x00003f89      0x1f3 C:\Users\20131\AppData\Local\Temp\VMBuilds\iomanip\STM32_genericSTM32F103C\Release\core.a(usb_regs.c.o)
 .debug_abbrev  0x0000417c      0x535 C:\Users\20131\AppData\Local\Temp\VMBuilds\iomanip\STM32_genericSTM32F103C\Release\core.a(HardwareSerial.cpp.o)
 .debug_abbrev  0x000046b1       0x7b C:\Users\20131\AppData\Local\Temp\VMBuilds\iomanip\STM32_genericSTM32F103C\Release\core.a(main.cpp.o)
 .debug_abbrev  0x0000472c      0x414 C:\Users\20131\AppData\Local\Temp\VMBuilds\iomanip\STM32_genericSTM32F103C\Release\core.a(Print.cpp.o)
 .debug_abbrev  0x00004b40      0x189 C:\Users\20131\AppData\Local\Temp\VMBuilds\iomanip\STM32_genericSTM32F103C\Release\core.a(wirish_time.cpp.o)
 .debug_abbrev  0x00004cc9       0x26 C:\Users\20131\AppData\Local\Temp\VMBuilds\iomanip\STM32_genericSTM32F103C\Release\core.a(hooks.c.o)
 .debug_abbrev  0x00004cef      0x182 C:\Users\20131\AppData\Local\Temp\VMBuilds\iomanip\STM32_genericSTM32F103C\Release\core.a(dma.c.o)
 .debug_abbrev  0x00004e71      0x113 C:\Users\20131\AppData\Local\Temp\VMBuilds\iomanip\STM32_genericSTM32F103C\Release\core.a(gpio.c.o)
 .debug_abbrev  0x00004f84      0x400 C:\Users\20131\AppData\Local\Temp\VMBuilds\iomanip\STM32_genericSTM32F103C\Release\core.a(i2c.c.o)
 .debug_abbrev  0x00005384      0x2ff C:\Users\20131\AppData\Local\Temp\VMBuilds\iomanip\STM32_genericSTM32F103C\Release\core.a(usart.c.o)
 .debug_abbrev  0x00005683       0x28 C:\Users\20131\AppData\Local\Temp\VMBuilds\iomanip\STM32_genericSTM32F103C\Release\core.a(cxxabi-compat.cpp.o)

.debug_line     0x00000000     0x8b78
 *(.debug_line)
 .debug_line    0x00000000      0x793 iomanip.cpp.o
 .debug_line    0x00000793      0x3b8 C:\Users\20131\AppData\Local\Temp\VMBCore\arduino16x\7c3dd42e408ebb1ce4dae06851a5a8aa\variant\board.cpp.o
 .debug_line    0x00000b4b      0x44f C:\Users\20131\AppData\Local\Temp\VMBCore\arduino16x\7c3dd42e408ebb1ce4dae06851a5a8aa\variant\boards.cpp.o
 .debug_line    0x00000f9a      0x33e C:\Users\20131\AppData\Local\Temp\VMBCore\arduino16x\7c3dd42e408ebb1ce4dae06851a5a8aa\variant\boards_setup.cpp.o
 .debug_line    0x000012d8       0x95 C:\Users\20131\AppData\Local\Temp\VMBCore\arduino16x\7c3dd42e408ebb1ce4dae06851a5a8aa\variant\start.S.o
 .debug_line    0x0000136d       0xa6 C:\Users\20131\AppData\Local\Temp\VMBCore\arduino16x\7c3dd42e408ebb1ce4dae06851a5a8aa\variant\start_c.c.o
 .debug_line    0x00001413      0x2eb C:\Users\20131\AppData\Local\Temp\VMBCore\arduino16x\7c3dd42e408ebb1ce4dae06851a5a8aa\variant\syscalls.c.o
 .debug_line    0x000016fe       0x98 C:\Users\20131\AppData\Local\Temp\VMBuilds\iomanip\STM32_genericSTM32F103C\Release\core.a(exc.S.o)
 .debug_line    0x00001796       0x95 C:\Users\20131\AppData\Local\Temp\VMBuilds\iomanip\STM32_genericSTM32F103C\Release\core.a(isrs.S.o)
 .debug_line    0x0000182b      0x2e5 C:\Users\20131\AppData\Local\Temp\VMBuilds\iomanip\STM32_genericSTM32F103C\Release\core.a(adc.c.o)
 .debug_line    0x00001b10      0x391 C:\Users\20131\AppData\Local\Temp\VMBuilds\iomanip\STM32_genericSTM32F103C\Release\core.a(adc_f1.c.o)
 .debug_line    0x00001ea1      0x699 C:\Users\20131\AppData\Local\Temp\VMBuilds\iomanip\STM32_genericSTM32F103C\Release\core.a(dma_f1.c.o)
 .debug_line    0x0000253a      0x3fb C:\Users\20131\AppData\Local\Temp\VMBuilds\iomanip\STM32_genericSTM32F103C\Release\core.a(exti.c.o)
 .debug_line    0x00002935      0x2c8 C:\Users\20131\AppData\Local\Temp\VMBuilds\iomanip\STM32_genericSTM32F103C\Release\core.a(exti_f1.c.o)
 .debug_line    0x00002bfd      0x267 C:\Users\20131\AppData\Local\Temp\VMBuilds\iomanip\STM32_genericSTM32F103C\Release\core.a(flash.c.o)
 .debug_line    0x00002e64      0x2fc C:\Users\20131\AppData\Local\Temp\VMBuilds\iomanip\STM32_genericSTM32F103C\Release\core.a(gpio_f1.c.o)
 .debug_line    0x00003160      0x3d8 C:\Users\20131\AppData\Local\Temp\VMBuilds\iomanip\STM32_genericSTM32F103C\Release\core.a(i2c_f1.c.o)
 .debug_line    0x00003538      0x2cf C:\Users\20131\AppData\Local\Temp\VMBuilds\iomanip\STM32_genericSTM32F103C\Release\core.a(nvic.c.o)
 .debug_line    0x00003807      0x349 C:\Users\20131\AppData\Local\Temp\VMBuilds\iomanip\STM32_genericSTM32F103C\Release\core.a(rcc.c.o)
 .debug_line    0x00003b50      0x3ac C:\Users\20131\AppData\Local\Temp\VMBuilds\iomanip\STM32_genericSTM32F103C\Release\core.a(rcc_f1.c.o)
 .debug_line    0x00003efc      0x258 C:\Users\20131\AppData\Local\Temp\VMBuilds\iomanip\STM32_genericSTM32F103C\Release\core.a(systick.c.o)
 .debug_line    0x00004154      0x5a2 C:\Users\20131\AppData\Local\Temp\VMBuilds\iomanip\STM32_genericSTM32F103C\Release\core.a(timer.c.o)
 .debug_line    0x000046f6      0x402 C:\Users\20131\AppData\Local\Temp\VMBuilds\iomanip\STM32_genericSTM32F103C\Release\core.a(usart_f1.c.o)
 .debug_line    0x00004af8      0x2a3 C:\Users\20131\AppData\Local\Temp\VMBuilds\iomanip\STM32_genericSTM32F103C\Release\core.a(usart_private.c.o)
 .debug_line    0x00004d9b      0x36b C:\Users\20131\AppData\Local\Temp\VMBuilds\iomanip\STM32_genericSTM32F103C\Release\core.a(util.c.o)
 .debug_line    0x00005106      0x4b4 C:\Users\20131\AppData\Local\Temp\VMBuilds\iomanip\STM32_genericSTM32F103C\Release\core.a(usb.c.o)
 .debug_line    0x000055ba      0x8ab C:\Users\20131\AppData\Local\Temp\VMBuilds\iomanip\STM32_genericSTM32F103C\Release\core.a(usb_cdcacm.c.o)
 .debug_line    0x00005e65      0x298 C:\Users\20131\AppData\Local\Temp\VMBuilds\iomanip\STM32_genericSTM32F103C\Release\core.a(usb_reg_map.c.o)
 .debug_line    0x000060fd      0x3f3 C:\Users\20131\AppData\Local\Temp\VMBuilds\iomanip\STM32_genericSTM32F103C\Release\core.a(usb_core.c.o)
 .debug_line    0x000064f0      0x108 C:\Users\20131\AppData\Local\Temp\VMBuilds\iomanip\STM32_genericSTM32F103C\Release\core.a(usb_init.c.o)
 .debug_line    0x000065f8      0x134 C:\Users\20131\AppData\Local\Temp\VMBuilds\iomanip\STM32_genericSTM32F103C\Release\core.a(usb_mem.c.o)
 .debug_line    0x0000672c      0x56c C:\Users\20131\AppData\Local\Temp\VMBuilds\iomanip\STM32_genericSTM32F103C\Release\core.a(usb_regs.c.o)
 .debug_line    0x00006c98      0x4fd C:\Users\20131\AppData\Local\Temp\VMBuilds\iomanip\STM32_genericSTM32F103C\Release\core.a(HardwareSerial.cpp.o)
 .debug_line    0x00007195       0x90 C:\Users\20131\AppData\Local\Temp\VMBuilds\iomanip\STM32_genericSTM32F103C\Release\core.a(main.cpp.o)
 .debug_line    0x00007225      0x58a C:\Users\20131\AppData\Local\Temp\VMBuilds\iomanip\STM32_genericSTM32F103C\Release\core.a(Print.cpp.o)
 .debug_line    0x000077af      0x2fd C:\Users\20131\AppData\Local\Temp\VMBuilds\iomanip\STM32_genericSTM32F103C\Release\core.a(wirish_time.cpp.o)
 .debug_line    0x00007aac       0x79 C:\Users\20131\AppData\Local\Temp\VMBuilds\iomanip\STM32_genericSTM32F103C\Release\core.a(hooks.c.o)
 .debug_line    0x00007b25      0x312 C:\Users\20131\AppData\Local\Temp\VMBuilds\iomanip\STM32_genericSTM32F103C\Release\core.a(dma.c.o)
 .debug_line    0x00007e37      0x28c C:\Users\20131\AppData\Local\Temp\VMBuilds\iomanip\STM32_genericSTM32F103C\Release\core.a(gpio.c.o)
 .debug_line    0x000080c3      0x637 C:\Users\20131\AppData\Local\Temp\VMBuilds\iomanip\STM32_genericSTM32F103C\Release\core.a(i2c.c.o)
 .debug_line    0x000086fa      0x3fd C:\Users\20131\AppData\Local\Temp\VMBuilds\iomanip\STM32_genericSTM32F103C\Release\core.a(usart.c.o)
 .debug_line    0x00008af7       0x81 C:\Users\20131\AppData\Local\Temp\VMBuilds\iomanip\STM32_genericSTM32F103C\Release\core.a(cxxabi-compat.cpp.o)

.debug_frame    0x00000000     0x20bc
 *(.debug_frame)
 .debug_frame   0x00000000       0x50 iomanip.cpp.o
 .debug_frame   0x00000050       0x38 C:\Users\20131\AppData\Local\Temp\VMBCore\arduino16x\7c3dd42e408ebb1ce4dae06851a5a8aa\variant\board.cpp.o
 .debug_frame   0x00000088       0x84 C:\Users\20131\AppData\Local\Temp\VMBCore\arduino16x\7c3dd42e408ebb1ce4dae06851a5a8aa\variant\boards.cpp.o
 .debug_frame   0x0000010c       0x68 C:\Users\20131\AppData\Local\Temp\VMBCore\arduino16x\7c3dd42e408ebb1ce4dae06851a5a8aa\variant\boards_setup.cpp.o
 .debug_frame   0x00000174       0x28 C:\Users\20131\AppData\Local\Temp\VMBCore\arduino16x\7c3dd42e408ebb1ce4dae06851a5a8aa\variant\start_c.c.o
 .debug_frame   0x0000019c      0x130 C:\Users\20131\AppData\Local\Temp\VMBCore\arduino16x\7c3dd42e408ebb1ce4dae06851a5a8aa\variant\syscalls.c.o
 .debug_frame   0x000002cc       0x64 C:\Users\20131\AppData\Local\Temp\VMBuilds\iomanip\STM32_genericSTM32F103C\Release\core.a(adc.c.o)
 .debug_frame   0x00000330       0xb4 C:\Users\20131\AppData\Local\Temp\VMBuilds\iomanip\STM32_genericSTM32F103C\Release\core.a(adc_f1.c.o)
 .debug_frame   0x000003e4      0x1cc C:\Users\20131\AppData\Local\Temp\VMBuilds\iomanip\STM32_genericSTM32F103C\Release\core.a(dma_f1.c.o)
 .debug_frame   0x000005b0      0x128 C:\Users\20131\AppData\Local\Temp\VMBuilds\iomanip\STM32_genericSTM32F103C\Release\core.a(exti.c.o)
 .debug_frame   0x000006d8       0x20 C:\Users\20131\AppData\Local\Temp\VMBuilds\iomanip\STM32_genericSTM32F103C\Release\core.a(exti_f1.c.o)
 .debug_frame   0x000006f8       0x20 C:\Users\20131\AppData\Local\Temp\VMBuilds\iomanip\STM32_genericSTM32F103C\Release\core.a(flash.c.o)
 .debug_frame   0x00000718       0x7c C:\Users\20131\AppData\Local\Temp\VMBuilds\iomanip\STM32_genericSTM32F103C\Release\core.a(gpio_f1.c.o)
 .debug_frame   0x00000794       0x9c C:\Users\20131\AppData\Local\Temp\VMBuilds\iomanip\STM32_genericSTM32F103C\Release\core.a(i2c_f1.c.o)
 .debug_frame   0x00000830       0x5c C:\Users\20131\AppData\Local\Temp\VMBuilds\iomanip\STM32_genericSTM32F103C\Release\core.a(nvic.c.o)
 .debug_frame   0x0000088c       0x70 C:\Users\20131\AppData\Local\Temp\VMBuilds\iomanip\STM32_genericSTM32F103C\Release\core.a(rcc.c.o)
 .debug_frame   0x000008fc       0xa4 C:\Users\20131\AppData\Local\Temp\VMBuilds\iomanip\STM32_genericSTM32F103C\Release\core.a(rcc_f1.c.o)
 .debug_frame   0x000009a0       0x68 C:\Users\20131\AppData\Local\Temp\VMBuilds\iomanip\STM32_genericSTM32F103C\Release\core.a(systick.c.o)
 .debug_frame   0x00000a08      0x1d4 C:\Users\20131\AppData\Local\Temp\VMBuilds\iomanip\STM32_genericSTM32F103C\Release\core.a(timer.c.o)
 .debug_frame   0x00000bdc       0xe0 C:\Users\20131\AppData\Local\Temp\VMBuilds\iomanip\STM32_genericSTM32F103C\Release\core.a(usart_f1.c.o)
 .debug_frame   0x00000cbc       0x28 C:\Users\20131\AppData\Local\Temp\VMBuilds\iomanip\STM32_genericSTM32F103C\Release\core.a(usart_private.c.o)
 .debug_frame   0x00000ce4       0xc8 C:\Users\20131\AppData\Local\Temp\VMBuilds\iomanip\STM32_genericSTM32F103C\Release\core.a(util.c.o)
 .debug_frame   0x00000dac       0x6c C:\Users\20131\AppData\Local\Temp\VMBuilds\iomanip\STM32_genericSTM32F103C\Release\core.a(usb.c.o)
 .debug_frame   0x00000e18      0x2cc C:\Users\20131\AppData\Local\Temp\VMBuilds\iomanip\STM32_genericSTM32F103C\Release\core.a(usb_cdcacm.c.o)
 .debug_frame   0x000010e4       0x20 C:\Users\20131\AppData\Local\Temp\VMBuilds\iomanip\STM32_genericSTM32F103C\Release\core.a(usb_reg_map.c.o)
 .debug_frame   0x00001104      0x1ac C:\Users\20131\AppData\Local\Temp\VMBuilds\iomanip\STM32_genericSTM32F103C\Release\core.a(usb_core.c.o)
 .debug_frame   0x000012b0       0x28 C:\Users\20131\AppData\Local\Temp\VMBuilds\iomanip\STM32_genericSTM32F103C\Release\core.a(usb_init.c.o)
 .debug_frame   0x000012d8       0x44 C:\Users\20131\AppData\Local\Temp\VMBuilds\iomanip\STM32_genericSTM32F103C\Release\core.a(usb_mem.c.o)
 .debug_frame   0x0000131c      0x3d0 C:\Users\20131\AppData\Local\Temp\VMBuilds\iomanip\STM32_genericSTM32F103C\Release\core.a(usb_regs.c.o)
 .debug_frame   0x000016ec      0x10c C:\Users\20131\AppData\Local\Temp\VMBuilds\iomanip\STM32_genericSTM32F103C\Release\core.a(HardwareSerial.cpp.o)
 .debug_frame   0x000017f8       0x38 C:\Users\20131\AppData\Local\Temp\VMBuilds\iomanip\STM32_genericSTM32F103C\Release\core.a(main.cpp.o)
 .debug_frame   0x00001830      0x378 C:\Users\20131\AppData\Local\Temp\VMBuilds\iomanip\STM32_genericSTM32F103C\Release\core.a(Print.cpp.o)
 .debug_frame   0x00001ba8       0x4c C:\Users\20131\AppData\Local\Temp\VMBuilds\iomanip\STM32_genericSTM32F103C\Release\core.a(wirish_time.cpp.o)
 .debug_frame   0x00001bf4       0x20 C:\Users\20131\AppData\Local\Temp\VMBuilds\iomanip\STM32_genericSTM32F103C\Release\core.a(hooks.c.o)
 .debug_frame   0x00001c14       0x30 C:\Users\20131\AppData\Local\Temp\VMBuilds\iomanip\STM32_genericSTM32F103C\Release\core.a(dma.c.o)
 .debug_frame   0x00001c44       0x28 C:\Users\20131\AppData\Local\Temp\VMBuilds\iomanip\STM32_genericSTM32F103C\Release\core.a(gpio.c.o)
 .debug_frame   0x00001c6c       0xe0 C:\Users\20131\AppData\Local\Temp\VMBuilds\iomanip\STM32_genericSTM32F103C\Release\core.a(i2c.c.o)
 .debug_frame   0x00001d4c       0xb4 C:\Users\20131\AppData\Local\Temp\VMBuilds\iomanip\STM32_genericSTM32F103C\Release\core.a(usart.c.o)
 .debug_frame   0x00001e00       0x20 C:\Users\20131\AppData\Local\Temp\VMBuilds\iomanip\STM32_genericSTM32F103C\Release\core.a(cxxabi-compat.cpp.o)
 .debug_frame   0x00001e20       0x2c c:/users/20131/appdata/local/arduino15/packages/arduino/tools/arm-none-eabi-gcc/4.8.3-2014q1/bin/../lib/gcc/arm-none-eabi/4.8.3/armv7-m\libgcc.a(_fixdfdi.o)
 .debug_frame   0x00001e4c       0x2c c:/users/20131/appdata/local/arduino15/packages/arduino/tools/arm-none-eabi-gcc/4.8.3-2014q1/bin/../lib/gcc/arm-none-eabi/4.8.3/armv7-m\libgcc.a(_fixunsdfdi.o)
 .debug_frame   0x00001e78       0x58 c:/users/20131/appdata/local/arduino15/packages/arduino/tools/arm-none-eabi-gcc/4.8.3-2014q1/bin/../lib/gcc/arm-none-eabi/4.8.3/armv7-m\libgcc.a(bpabi.o)
 .debug_frame   0x00001ed0       0x34 c:/users/20131/appdata/local/arduino15/packages/arduino/tools/arm-none-eabi-gcc/4.8.3-2014q1/bin/../lib/gcc/arm-none-eabi/4.8.3/armv7-m\libgcc.a(_divdi3.o)
 .debug_frame   0x00001f04       0x34 c:/users/20131/appdata/local/arduino15/packages/arduino/tools/arm-none-eabi-gcc/4.8.3-2014q1/bin/../lib/gcc/arm-none-eabi/4.8.3/armv7-m\libgcc.a(_udivdi3.o)
 .debug_frame   0x00001f38       0x20 c:/users/20131/appdata/local/arduino15/packages/arduino/tools/arm-none-eabi-gcc/4.8.3-2014q1/bin/../lib/gcc/arm-none-eabi/4.8.3/../../../../arm-none-eabi/lib/armv7-m\libc.a(lib_a-errno.o)